[1.257s] Invoking command in '/home/adrian/Desktop/ROS2_playground/SCARA_robot/software/ros_scara_ws/src/scara_control': AMENT_PREFIX_PATH=/home/adrian/Desktop/ROS2_playground/SCARA_robot/software/ros_scara_ws/install/custom_msg_svrs:${AMENT_PREFIX_PATH} CMAKE_PREFIX_PATH=/home/adrian/Desktop/ROS2_playground/SCARA_robot/software/ros_scara_ws/install/custom_msg_svrs:${CMAKE_PREFIX_PATH} DEBUGINFOD_URLS=https://debuginfod.ubuntu.com LD_LIBRARY_PATH=/home/adrian/Desktop/ROS2_playground/SCARA_robot/software/ros_scara_ws/install/custom_msg_svrs/lib:${LD_LIBRARY_PATH} PS1=(py_ros2) %m%# PYTHONPATH=/home/adrian/Desktop/ROS2_playground/SCARA_robot/software/ros_scara_ws/build/scara_control/prefix_override:/usr/lib/python3/dist-packages/colcon_core/task/python/colcon_distutils_commands:/home/adrian/Desktop/ROS2_playground/SCARA_robot/software/ros_scara_ws/install/scara_control/lib/python3.12/site-packages:/home/adrian/Desktop/ROS2_playground/SCARA_robot/software/ros_scara_ws/install/custom_msg_svrs/lib/python3.12/site-packages:${PYTHONPATH} VIRTUAL_ENV_PROMPT=(py_ros2) /usr/bin/python3 -W ignore:setup.py install is deprecated -W ignore:easy_install command is deprecated setup.py egg_info --egg-base ../../build/scara_control build --build-base /home/adrian/Desktop/ROS2_playground/SCARA_robot/software/ros_scara_ws/build/scara_control/build install --record /home/adrian/Desktop/ROS2_playground/SCARA_robot/software/ros_scara_ws/build/scara_control/install.log --single-version-externally-managed install_data
[1.624s] running egg_info
[1.655s] writing ../../build/scara_control/scara_control.egg-info/PKG-INFO
[1.656s] writing dependency_links to ../../build/scara_control/scara_control.egg-info/dependency_links.txt
[1.656s] writing entry points to ../../build/scara_control/scara_control.egg-info/entry_points.txt
[1.656s] writing requirements to ../../build/scara_control/scara_control.egg-info/requires.txt
[1.656s] writing top-level names to ../../build/scara_control/scara_control.egg-info/top_level.txt
[1.716s] reading manifest file '../../build/scara_control/scara_control.egg-info/SOURCES.txt'
[1.716s] adding license file 'LICENSE'
[1.717s] writing manifest file '../../build/scara_control/scara_control.egg-info/SOURCES.txt'
[1.717s] running build
[1.717s] running build_py
[1.717s] copying scara_control/scara_logic_node.py -> /home/adrian/Desktop/ROS2_playground/SCARA_robot/software/ros_scara_ws/build/scara_control/build/lib/scara_control
[1.718s] running install
[1.725s] running install_lib
[1.755s] copying /home/adrian/Desktop/ROS2_playground/SCARA_robot/software/ros_scara_ws/build/scara_control/build/lib/scara_control/scara_logic_node.py -> /home/adrian/Desktop/ROS2_playground/SCARA_robot/software/ros_scara_ws/install/scara_control/lib/python3.12/site-packages/scara_control
[1.756s] byte-compiling /home/adrian/Desktop/ROS2_playground/SCARA_robot/software/ros_scara_ws/install/scara_control/lib/python3.12/site-packages/scara_control/scara_logic_node.py to scara_logic_node.cpython-312.pyc
[1.758s] running install_data
[1.758s] running install_egg_info
[1.791s] removing '/home/adrian/Desktop/ROS2_playground/SCARA_robot/software/ros_scara_ws/install/scara_control/lib/python3.12/site-packages/scara_control-0.0.0-py3.12.egg-info' (and everything under it)
[1.792s] Copying ../../build/scara_control/scara_control.egg-info to /home/adrian/Desktop/ROS2_playground/SCARA_robot/software/ros_scara_ws/install/scara_control/lib/python3.12/site-packages/scara_control-0.0.0-py3.12.egg-info
[1.793s] running install_scripts
[2.014s] Installing move_motor_node script to /home/adrian/Desktop/ROS2_playground/SCARA_robot/software/ros_scara_ws/install/scara_control/lib/scara_control
[2.014s] Installing read_encoders_node script to /home/adrian/Desktop/ROS2_playground/SCARA_robot/software/ros_scara_ws/install/scara_control/lib/scara_control
[2.015s] Installing scara_logic_node script to /home/adrian/Desktop/ROS2_playground/SCARA_robot/software/ros_scara_ws/install/scara_control/lib/scara_control
[2.015s] writing list of installed files to '/home/adrian/Desktop/ROS2_playground/SCARA_robot/software/ros_scara_ws/build/scara_control/install.log'
[2.064s] Invoked command in '/home/adrian/Desktop/ROS2_playground/SCARA_robot/software/ros_scara_ws/src/scara_control' returned '0': AMENT_PREFIX_PATH=/home/adrian/Desktop/ROS2_playground/SCARA_robot/software/ros_scara_ws/install/custom_msg_svrs:${AMENT_PREFIX_PATH} CMAKE_PREFIX_PATH=/home/adrian/Desktop/ROS2_playground/SCARA_robot/software/ros_scara_ws/install/custom_msg_svrs:${CMAKE_PREFIX_PATH} DEBUGINFOD_URLS=https://debuginfod.ubuntu.com LD_LIBRARY_PATH=/home/adrian/Desktop/ROS2_playground/SCARA_robot/software/ros_scara_ws/install/custom_msg_svrs/lib:${LD_LIBRARY_PATH} PS1=(py_ros2) %m%# PYTHONPATH=/home/adrian/Desktop/ROS2_playground/SCARA_robot/software/ros_scara_ws/build/scara_control/prefix_override:/usr/lib/python3/dist-packages/colcon_core/task/python/colcon_distutils_commands:/home/adrian/Desktop/ROS2_playground/SCARA_robot/software/ros_scara_ws/install/scara_control/lib/python3.12/site-packages:/home/adrian/Desktop/ROS2_playground/SCARA_robot/software/ros_scara_ws/install/custom_msg_svrs/lib/python3.12/site-packages:${PYTHONPATH} VIRTUAL_ENV_PROMPT=(py_ros2) /usr/bin/python3 -W ignore:setup.py install is deprecated -W ignore:easy_install command is deprecated setup.py egg_info --egg-base ../../build/scara_control build --build-base /home/adrian/Desktop/ROS2_playground/SCARA_robot/software/ros_scara_ws/build/scara_control/build install --record /home/adrian/Desktop/ROS2_playground/SCARA_robot/software/ros_scara_ws/build/scara_control/install.log --single-version-externally-managed install_data
