[0.000000] (-) TimerEvent: {}
[0.000356] (-) JobUnselected: {'identifier': 'box_detector'}
[0.000464] (-) JobUnselected: {'identifier': 'custom_msg_svrs'}
[0.000594] (-) JobUnselected: {'identifier': 'drive_base_msgs'}
[0.000700] (-) JobUnselected: {'identifier': 'micro_ros_agent'}
[0.000763] (-) JobUnselected: {'identifier': 'micro_ros_msgs'}
[0.000780] (-) JobUnselected: {'identifier': 'micro_ros_setup'}
[0.000794] (-) JobUnselected: {'identifier': 'plc_chat'}
[0.000808] (scara_control) JobQueued: {'identifier': 'scara_control', 'dependencies': OrderedDict({'custom_msg_svrs': '/home/adrian/Desktop/ROS2_playground/SCARA_robot/software/ros_scara_ws/install/custom_msg_svrs'})}
[0.000829] (scara_control) JobStarted: {'identifier': 'scara_control'}
[0.099846] (-) TimerEvent: {}
[0.200083] (-) TimerEvent: {}
[0.300319] (-) TimerEvent: {}
[0.400530] (-) TimerEvent: {}
[0.500747] (-) TimerEvent: {}
[0.600964] (-) TimerEvent: {}
[0.701184] (-) TimerEvent: {}
[0.801413] (-) TimerEvent: {}
[0.807426] (scara_control) Command: {'cmd': ['/usr/bin/python3', '-W', 'ignore:setup.py install is deprecated', '-W', 'ignore:easy_install command is deprecated', 'setup.py', 'egg_info', '--egg-base', '../../build/scara_control', 'build', '--build-base', '/home/adrian/Desktop/ROS2_playground/SCARA_robot/software/ros_scara_ws/build/scara_control/build', 'install', '--record', '/home/adrian/Desktop/ROS2_playground/SCARA_robot/software/ros_scara_ws/build/scara_control/install.log', '--single-version-externally-managed', 'install_data'], 'cwd': '/home/adrian/Desktop/ROS2_playground/SCARA_robot/software/ros_scara_ws/src/scara_control', 'env': {'TMUX': '/tmp/tmux-1000/default,18954,0', 'LANGUAGE': 'en_US:en', 'LC_TIME': 'es_MX.UTF-8', 'USER': 'adrian', 'GZ_CONFIG_PATH': '/opt/ros/jazzy/opt/gz_sim_vendor/share/gz:/opt/ros/jazzy/opt/sdformat_vendor/share/gz:/opt/ros/jazzy/opt/gz_gui_vendor/share/gz:/opt/ros/jazzy/opt/gz_transport_vendor/share/gz:/opt/ros/jazzy/opt/gz_rendering_vendor/share/gz:/opt/ros/jazzy/opt/gz_plugin_vendor/share/gz:/opt/ros/jazzy/opt/gz_fuel_tools_vendor/share/gz:/opt/ros/jazzy/opt/gz_msgs_vendor/share/gz:/opt/ros/jazzy/opt/gz_common_vendor/share/gz', 'PT8HOME': '/opt/pt', 'XDG_SESSION_TYPE': 'x11', 'CLUTTER_DISABLE_MIPMAPPED_TEXT': '1', 'LD_LIBRARY_PATH': '/home/adrian/Desktop/ROS2_playground/SCARA_robot/software/ros_scara_ws/install/custom_msg_svrs/lib:/home/adrian/Desktop/ROS2_playground/SCARA_robot/software/ros_scara_ws/install/micro_ros_agent/lib:/home/adrian/Desktop/ROS2_playground/SCARA_robot/software/ros_scara_ws/install/micro_ros_msgs/lib:/opt/ros/jazzy/opt/gz_sim_vendor/lib:/opt/ros/jazzy/opt/gz_sensors_vendor/lib:/opt/ros/jazzy/opt/gz_physics_vendor/lib:/opt/ros/jazzy/opt/sdformat_vendor/lib:/opt/ros/jazzy/opt/rviz_ogre_vendor/lib:/opt/ros/jazzy/lib/x86_64-linux-gnu:/opt/ros/jazzy/opt/gz_gui_vendor/lib:/opt/ros/jazzy/opt/gz_transport_vendor/lib:/opt/ros/jazzy/opt/gz_rendering_vendor/lib:/opt/ros/jazzy/opt/gz_plugin_vendor/lib:/opt/ros/jazzy/opt/gz_fuel_tools_vendor/lib:/opt/ros/jazzy/opt/gz_msgs_vendor/lib:/opt/ros/jazzy/opt/gz_common_vendor/lib:/opt/ros/jazzy/opt/gz_math_vendor/lib:/opt/ros/jazzy/opt/gz_utils_vendor/lib:/opt/ros/jazzy/opt/gz_tools_vendor/lib:/opt/ros/jazzy/opt/gz_ogre_next_vendor/lib:/opt/ros/jazzy/opt/gz_dartsim_vendor/lib:/opt/ros/jazzy/opt/gz_cmake_vendor/lib:/opt/ros/jazzy/lib', 'SHLVL': '2', 'HOME': '/home/adrian', 'OLDPWD': '/home/adrian/Desktop/ROS2_playground/SCARA_robot/software/ros_scara_ws', 'DESKTOP_SESSION': 'ubuntu', 'TERM_PROGRAM_VERSION': '3.4', 'GNOME_SHELL_SESSION_MODE': 'ubuntu', 'GTK_MODULES': 'gail:atk-bridge', 'ROS_PYTHON_VERSION': '3', 'LC_MONETARY': 'es_MX.UTF-8', 'DBUS_SESSION_BUS_ADDRESS': 'unix:path=/run/user/1000/bus', 'GSM_SKIP_SSH_AGENT_WORKAROUND': 'true', 'P9K_TTY': 'old', 'ROS_STATIC_PEERS': '100.71.254.8', 'SYSTEMD_EXEC_PID': '2402', 'COLORTERM': 'truecolor', 'DEBUGINFOD_URLS': 'https://debuginfod.ubuntu.com', 'ZPFX': '/home/adrian/.local/share/zinit/polaris', 'COLCON_PREFIX_PATH': '/home/adrian/Desktop/ROS2_playground/SCARA_robot/software/ros_scara_ws/install', 'ROS_DISTRO': 'jazzy', 'LOGNAME': 'adrian', '_': '/usr/bin/colcon', '_P9K_SSH_TTY': '/dev/pts/7', 'MEMORY_PRESSURE_WATCH': '/sys/fs/cgroup/user.slice/user-1000.slice/user@1000.service/session.slice/org.gnome.Shell@x11.service/memory.pressure', 'ROS_VERSION': '2', 'XDG_SESSION_CLASS': 'user', 'FUNCNEST': '100', 'TERM': 'screen-256color', 'USERNAME': 'adrian', 'GNOME_DESKTOP_SESSION_ID': 'this-is-deprecated', 'ROS_LOCALHOST_ONLY': '0', 'PMSPEC': '0uUpiPsf', 'WINDOWPATH': '2', 'ZSH_CACHE_DIR': '/home/adrian/.cache/zinit', 'PATH': '/opt/ros/jazzy/opt/gz_msgs_vendor/bin:/opt/ros/jazzy/opt/gz_tools_vendor/bin:/opt/ros/jazzy/opt/gz_ogre_next_vendor/bin:/opt/ros/jazzy/bin:/home/adrian/.local/share/zinit/polaris/bin:/home/adrian/.cargo/bin:/home/adrian/.local/bin:/usr/local/sbin:/usr/local/bin:/usr/sbin:/usr/bin:/sbin:/bin:/usr/games:/usr/local/games:/snap/bin:/snap/bin', 'PAPERSIZE': 'letter', 'SESSION_MANAGER': 'local/laptop:@/tmp/.ICE-unix/2357,unix/laptop:/tmp/.ICE-unix/2357', 'GNOME_TERMINAL_SCREEN': '/org/gnome/Terminal/screen/dc0e5324_4e27_4c34_a382_2acc64843472', 'LC_ADDRESS': 'es_MX.UTF-8', 'XDG_MENU_PREFIX': 'gnome-', 'XDG_RUNTIME_DIR': '/run/user/1000', 'DISPLAY': ':0', 'LANG': 'en_US.UTF-8', 'LC_TELEPHONE': 'es_MX.UTF-8', 'RMW_IMPLEMENTATION': 'rmw_fastrtps_cpp', 'XDG_CURRENT_DESKTOP': 'ubuntu:GNOME', 'GNOME_TERMINAL_SERVICE': ':1.99', 'TERM_PROGRAM': 'tmux', 'XAUTHORITY': '/run/user/1000/gdm/Xauthority', 'XDG_SESSION_DESKTOP': 'ubuntu', 'XMODIFIERS': '@im=ibus', 'AMENT_PREFIX_PATH': '/home/adrian/Desktop/ROS2_playground/SCARA_robot/software/ros_scara_ws/install/scara_control:/home/adrian/Desktop/ROS2_playground/SCARA_robot/software/ros_scara_ws/install/plc_chat:/home/adrian/Desktop/ROS2_playground/SCARA_robot/software/ros_scara_ws/install/micro_ros_setup:/home/adrian/Desktop/ROS2_playground/SCARA_robot/software/ros_scara_ws/install/micro_ros_agent:/home/adrian/Desktop/ROS2_playground/SCARA_robot/software/ros_scara_ws/install/micro_ros_msgs:/home/adrian/Desktop/ROS2_playground/SCARA_robot/software/ros_scara_ws/install/custom_msg_svrs:/home/adrian/Desktop/ROS2_playground/SCARA_robot/software/ros_scara_ws/install/box_detector:/opt/ros/jazzy', 'SSH_AUTH_SOCK': '/run/user/1000/keyring/ssh', 'LC_NAME': 'es_MX.UTF-8', 'SHELL': '/bin/zsh', 'GDMSESSION': 'ubuntu', 'GIT_DISCOVERY_ACROSS_FILESYSTEM': '1', 'QT_ACCESSIBILITY': '1', 'IGN_GAZEBO_RESOURCE_PATH': '/opt/ros/jazzy/share', 'LC_MEASUREMENT': 'es_MX.UTF-8', 'GPG_AGENT_INFO': '/run/user/1000/gnupg/S.gpg-agent:0:1', 'LC_IDENTIFICATION': 'es_MX.UTF-8', 'P9K_SSH': '0', 'QT_IM_MODULE': 'ibus', 'ROS_AUTOMATIC_DISCOVERY_RANGE': 'SUBNET', 'LC_ALL': 'en_US.UTF-8', 'PWD': '/home/adrian/Desktop/ROS2_playground/SCARA_robot/software/ros_scara_ws/build/scara_control', 'XDG_CONFIG_DIRS': '/etc/xdg/xdg-ubuntu:/etc/xdg', 'XDG_DATA_DIRS': '/usr/share/ubuntu:/usr/share/gnome:/usr/local/share/:/usr/share/:/var/lib/snapd/desktop', '_P9K_TTY': '/dev/pts/7', 'LC_NUMERIC': 'es_MX.UTF-8', 'PYTHONPATH': '/home/adrian/Desktop/ROS2_playground/SCARA_robot/software/ros_scara_ws/build/scara_control/prefix_override:/usr/lib/python3/dist-packages/colcon_core/task/python/colcon_distutils_commands:/home/adrian/Desktop/ROS2_playground/SCARA_robot/software/ros_scara_ws/install/scara_control/lib/python3.12/site-packages:/home/adrian/Desktop/ROS2_playground/SCARA_robot/software/ros_scara_ws/install/custom_msg_svrs/lib/python3.12/site-packages:/home/adrian/Desktop/ROS2_playground/SCARA_robot/software/ros_scara_ws/install/scara_control/lib/python3.12/site-packages:/home/adrian/Desktop/ROS2_playground/SCARA_robot/software/ros_scara_ws/install/plc_chat/lib/python3.12/site-packages:/home/adrian/Desktop/ROS2_playground/SCARA_robot/software/ros_scara_ws/install/micro_ros_msgs/lib/python3.12/site-packages:/home/adrian/Desktop/ROS2_playground/SCARA_robot/software/ros_scara_ws/install/box_detector/lib/python3.12/site-packages:/opt/ros/jazzy/lib/python3.12/site-packages', 'LC_PAPER': 'es_MX.UTF-8', 'TMUX_PLUGIN_MANAGER_PATH': '/home/adrian/.tmux/plugins/', 'COLCON': '1', 'MEMORY_PRESSURE_WRITE': 'c29tZSAyMDAwMDAgMjAwMDAwMAA=', 'TMUX_PANE': '%0', 'VTE_VERSION': '7600', 'CMAKE_PREFIX_PATH': '/home/adrian/Desktop/ROS2_playground/SCARA_robot/software/ros_scara_ws/install/custom_msg_svrs:/home/adrian/Desktop/ROS2_playground/SCARA_robot/software/ros_scara_ws/install/micro_ros_setup:/home/adrian/Desktop/ROS2_playground/SCARA_robot/software/ros_scara_ws/install/micro_ros_agent:/home/adrian/Desktop/ROS2_playground/SCARA_robot/software/ros_scara_ws/install/micro_ros_msgs:/opt/ros/jazzy/opt/gz_sim_vendor:/opt/ros/jazzy/opt/gz_sensors_vendor:/opt/ros/jazzy/opt/gz_physics_vendor:/opt/ros/jazzy/opt/sdformat_vendor:/opt/ros/jazzy/opt/gz_gui_vendor:/opt/ros/jazzy/opt/gz_transport_vendor:/opt/ros/jazzy/opt/gz_rendering_vendor:/opt/ros/jazzy/opt/gz_plugin_vendor:/opt/ros/jazzy/opt/gz_fuel_tools_vendor:/opt/ros/jazzy/opt/gz_msgs_vendor:/opt/ros/jazzy/opt/gz_common_vendor:/opt/ros/jazzy/opt/gz_math_vendor:/opt/ros/jazzy/opt/gz_utils_vendor:/opt/ros/jazzy/opt/gz_tools_vendor:/opt/ros/jazzy/opt/gz_ogre_next_vendor:/opt/ros/jazzy/opt/gz_dartsim_vendor:/opt/ros/jazzy/opt/gz_cmake_vendor', 'LIBGL_DRIVERS_PATH': '/usr/lib/x86_64-linux-gnu/dri'}, 'shell': False}
[0.901500] (-) TimerEvent: {}
[1.001712] (-) TimerEvent: {}
[1.080709] (scara_control) StdoutLine: {'line': b'running egg_info\n'}
[1.100824] (scara_control) StdoutLine: {'line': b'writing ../../build/scara_control/scara_control.egg-info/PKG-INFO\n'}
[1.101042] (scara_control) StdoutLine: {'line': b'writing dependency_links to ../../build/scara_control/scara_control.egg-info/dependency_links.txt\n'}
[1.101236] (scara_control) StdoutLine: {'line': b'writing entry points to ../../build/scara_control/scara_control.egg-info/entry_points.txt\n'}
[1.101371] (scara_control) StdoutLine: {'line': b'writing requirements to ../../build/scara_control/scara_control.egg-info/requires.txt\n'}
[1.101478] (scara_control) StdoutLine: {'line': b'writing top-level names to ../../build/scara_control/scara_control.egg-info/top_level.txt\n'}
[1.101767] (-) TimerEvent: {}
[1.146077] (scara_control) StdoutLine: {'line': b"reading manifest file '../../build/scara_control/scara_control.egg-info/SOURCES.txt'\n"}
[1.146398] (scara_control) StdoutLine: {'line': b"adding license file 'LICENSE'\n"}
[1.146919] (scara_control) StdoutLine: {'line': b"writing manifest file '../../build/scara_control/scara_control.egg-info/SOURCES.txt'\n"}
[1.147053] (scara_control) StdoutLine: {'line': b'running build\n'}
[1.147181] (scara_control) StdoutLine: {'line': b'running build_py\n'}
[1.147432] (scara_control) StdoutLine: {'line': b'running install\n'}
[1.152523] (scara_control) StdoutLine: {'line': b'running install_lib\n'}
[1.175531] (scara_control) StdoutLine: {'line': b'running install_data\n'}
[1.175737] (scara_control) StdoutLine: {'line': b'running install_egg_info\n'}
[1.198078] (scara_control) StdoutLine: {'line': b"removing '/home/adrian/Desktop/ROS2_playground/SCARA_robot/software/ros_scara_ws/install/scara_control/lib/python3.12/site-packages/scara_control-0.0.0-py3.12.egg-info' (and everything under it)\n"}
[1.198403] (scara_control) StdoutLine: {'line': b'Copying ../../build/scara_control/scara_control.egg-info to /home/adrian/Desktop/ROS2_playground/SCARA_robot/software/ros_scara_ws/install/scara_control/lib/python3.12/site-packages/scara_control-0.0.0-py3.12.egg-info\n'}
[1.199603] (scara_control) StdoutLine: {'line': b'running install_scripts\n'}
[1.201835] (-) TimerEvent: {}
[1.302016] (-) TimerEvent: {}
[1.343216] (scara_control) StdoutLine: {'line': b'Installing move_motor_node script to /home/adrian/Desktop/ROS2_playground/SCARA_robot/software/ros_scara_ws/install/scara_control/lib/scara_control\n'}
[1.343427] (scara_control) StdoutLine: {'line': b'Installing read_encoders_node script to /home/adrian/Desktop/ROS2_playground/SCARA_robot/software/ros_scara_ws/install/scara_control/lib/scara_control\n'}
[1.343560] (scara_control) StdoutLine: {'line': b'Installing scara_logic_node script to /home/adrian/Desktop/ROS2_playground/SCARA_robot/software/ros_scara_ws/install/scara_control/lib/scara_control\n'}
[1.343857] (scara_control) StdoutLine: {'line': b"writing list of installed files to '/home/adrian/Desktop/ROS2_playground/SCARA_robot/software/ros_scara_ws/build/scara_control/install.log'\n"}
[1.371698] (scara_control) CommandEnded: {'returncode': 0}
[1.380001] (scara_control) JobEnded: {'identifier': 'scara_control', 'rc': 0}
[1.380683] (-) EventReactorShutdown: {}
