[0.838s] Invoking command in '/media/adrian/sd_linux/sem8/Robotica/drawer_robot/drawer_ws/src/my_drawer': DEBUGINFOD_URLS=https://debuginfod.ubuntu.com PYTHONPATH=/media/adrian/sd_linux/sem8/Robotica/drawer_robot/drawer_ws/build/my_drawer/prefix_override:/usr/lib/python3/dist-packages/colcon_core/task/python/colcon_distutils_commands:/media/adrian/sd_linux/sem8/Robotica/drawer_robot/drawer_ws/install/my_drawer/lib/python3.12/site-packages:${PYTHONPATH} /usr/bin/python3 -W ignore:setup.py install is deprecated -W ignore:easy_install command is deprecated setup.py egg_info --egg-base ../../build/my_drawer build --build-base /media/adrian/sd_linux/sem8/Robotica/drawer_robot/drawer_ws/build/my_drawer/build install --record /media/adrian/sd_linux/sem8/Robotica/drawer_robot/drawer_ws/build/my_drawer/install.log --single-version-externally-managed install_data
[1.125s] running egg_info
[1.125s] creating ../../build/my_drawer/my_drawer.egg-info
[1.150s] writing ../../build/my_drawer/my_drawer.egg-info/PKG-INFO
[1.150s] writing dependency_links to ../../build/my_drawer/my_drawer.egg-info/dependency_links.txt
[1.150s] writing entry points to ../../build/my_drawer/my_drawer.egg-info/entry_points.txt
[1.150s] writing requirements to ../../build/my_drawer/my_drawer.egg-info/requires.txt
[1.150s] writing top-level names to ../../build/my_drawer/my_drawer.egg-info/top_level.txt
[1.150s] writing manifest file '../../build/my_drawer/my_drawer.egg-info/SOURCES.txt'
[1.199s] reading manifest file '../../build/my_drawer/my_drawer.egg-info/SOURCES.txt'
[1.199s] adding license file 'LICENSE'
[1.199s] writing manifest file '../../build/my_drawer/my_drawer.egg-info/SOURCES.txt'
[1.199s] running build
[1.199s] running build_py
[1.200s] creating /media/adrian/sd_linux/sem8/Robotica/drawer_robot/drawer_ws/build/my_drawer/build
[1.200s] creating /media/adrian/sd_linux/sem8/Robotica/drawer_robot/drawer_ws/build/my_drawer/build/lib
[1.200s] creating /media/adrian/sd_linux/sem8/Robotica/drawer_robot/drawer_ws/build/my_drawer/build/lib/my_drawer
[1.200s] copying my_drawer/node_drawer.py -> /media/adrian/sd_linux/sem8/Robotica/drawer_robot/drawer_ws/build/my_drawer/build/lib/my_drawer
[1.200s] copying my_drawer/__init__.py -> /media/adrian/sd_linux/sem8/Robotica/drawer_robot/drawer_ws/build/my_drawer/build/lib/my_drawer
[1.200s] running install
[1.206s] running install_lib
[1.232s] creating /media/adrian/sd_linux/sem8/Robotica/drawer_robot/drawer_ws/install/my_drawer/lib/python3.12/site-packages/my_drawer
[1.232s] copying /media/adrian/sd_linux/sem8/Robotica/drawer_robot/drawer_ws/build/my_drawer/build/lib/my_drawer/node_drawer.py -> /media/adrian/sd_linux/sem8/Robotica/drawer_robot/drawer_ws/install/my_drawer/lib/python3.12/site-packages/my_drawer
[1.232s] copying /media/adrian/sd_linux/sem8/Robotica/drawer_robot/drawer_ws/build/my_drawer/build/lib/my_drawer/__init__.py -> /media/adrian/sd_linux/sem8/Robotica/drawer_robot/drawer_ws/install/my_drawer/lib/python3.12/site-packages/my_drawer
[1.232s] byte-compiling /media/adrian/sd_linux/sem8/Robotica/drawer_robot/drawer_ws/install/my_drawer/lib/python3.12/site-packages/my_drawer/node_drawer.py to node_drawer.cpython-312.pyc
[1.232s] byte-compiling /media/adrian/sd_linux/sem8/Robotica/drawer_robot/drawer_ws/install/my_drawer/lib/python3.12/site-packages/my_drawer/__init__.py to __init__.cpython-312.pyc
[1.233s] running install_data
[1.233s] creating /media/adrian/sd_linux/sem8/Robotica/drawer_robot/drawer_ws/install/my_drawer/share/ament_index
[1.233s] creating /media/adrian/sd_linux/sem8/Robotica/drawer_robot/drawer_ws/install/my_drawer/share/ament_index/resource_index
[1.233s] creating /media/adrian/sd_linux/sem8/Robotica/drawer_robot/drawer_ws/install/my_drawer/share/ament_index/resource_index/packages
[1.233s] copying resource/my_drawer -> /media/adrian/sd_linux/sem8/Robotica/drawer_robot/drawer_ws/install/my_drawer/share/ament_index/resource_index/packages
[1.233s] copying package.xml -> /media/adrian/sd_linux/sem8/Robotica/drawer_robot/drawer_ws/install/my_drawer/share/my_drawer
[1.233s] running install_egg_info
[1.259s] Copying ../../build/my_drawer/my_drawer.egg-info to /media/adrian/sd_linux/sem8/Robotica/drawer_robot/drawer_ws/install/my_drawer/lib/python3.12/site-packages/my_drawer-0.0.0-py3.12.egg-info
[1.260s] running install_scripts
[1.418s] Installing node_drawer script to /media/adrian/sd_linux/sem8/Robotica/drawer_robot/drawer_ws/install/my_drawer/lib/my_drawer
[1.418s] writing list of installed files to '/media/adrian/sd_linux/sem8/Robotica/drawer_robot/drawer_ws/build/my_drawer/install.log'
[1.438s] Invoked command in '/media/adrian/sd_linux/sem8/Robotica/drawer_robot/drawer_ws/src/my_drawer' returned '0': DEBUGINFOD_URLS=https://debuginfod.ubuntu.com PYTHONPATH=/media/adrian/sd_linux/sem8/Robotica/drawer_robot/drawer_ws/build/my_drawer/prefix_override:/usr/lib/python3/dist-packages/colcon_core/task/python/colcon_distutils_commands:/media/adrian/sd_linux/sem8/Robotica/drawer_robot/drawer_ws/install/my_drawer/lib/python3.12/site-packages:${PYTHONPATH} /usr/bin/python3 -W ignore:setup.py install is deprecated -W ignore:easy_install command is deprecated setup.py egg_info --egg-base ../../build/my_drawer build --build-base /media/adrian/sd_linux/sem8/Robotica/drawer_robot/drawer_ws/build/my_drawer/build install --record /media/adrian/sd_linux/sem8/Robotica/drawer_robot/drawer_ws/build/my_drawer/install.log --single-version-externally-managed install_data
