[0.000000] (-) TimerEvent: {}
[0.000524] (-) JobUnselected: {'identifier': 'custom_msg_svrs'}
[0.000663] (-) JobUnselected: {'identifier': 'drive_base_msgs'}
[0.000788] (-) JobUnselected: {'identifier': 'micro_ros_agent'}
[0.000853] (-) JobUnselected: {'identifier': 'micro_ros_msgs'}
[0.000871] (-) JobUnselected: {'identifier': 'micro_ros_setup'}
[0.000887] (-) JobUnselected: {'identifier': 'plc_chat'}
[0.000914] (-) JobUnselected: {'identifier': 'scara_control'}
[0.000997] (box_detector) JobQueued: {'identifier': 'box_detector', 'dependencies': OrderedDict()}
[0.001019] (box_detector) JobStarted: {'identifier': 'box_detector'}
[0.099814] (-) TimerEvent: {}
[0.200043] (-) TimerEvent: {}
[0.300283] (-) TimerEvent: {}
[0.400749] (-) TimerEvent: {}
[0.500960] (-) TimerEvent: {}
[0.601198] (-) TimerEvent: {}
[0.701426] (-) TimerEvent: {}
[0.801656] (-) TimerEvent: {}
[0.901893] (-) TimerEvent: {}
[0.908021] (box_detector) Command: {'cmd': ['/usr/bin/python3', '-W', 'ignore:setup.py install is deprecated', '-W', 'ignore:easy_install command is deprecated', 'setup.py', 'egg_info', '--egg-base', '../../build/box_detector', 'build', '--build-base', '/home/adrian/Desktop/ROS2_playground/SCARA_robot/software/ros_scara_ws/build/box_detector/build', 'install', '--record', '/home/adrian/Desktop/ROS2_playground/SCARA_robot/software/ros_scara_ws/build/box_detector/install.log', '--single-version-externally-managed', 'install_data'], 'cwd': '/home/adrian/Desktop/ROS2_playground/SCARA_robot/software/ros_scara_ws/src/box_detector', 'env': {'TMUX': '/tmp/tmux-1000/default,3223,0', 'LANGUAGE': 'en_US:en', 'LC_TIME': 'es_MX.UTF-8', 'USER': 'adrian', 'GZ_CONFIG_PATH': '/opt/ros/jazzy/opt/gz_sim_vendor/share/gz:/opt/ros/jazzy/opt/sdformat_vendor/share/gz:/opt/ros/jazzy/opt/gz_gui_vendor/share/gz:/opt/ros/jazzy/opt/gz_transport_vendor/share/gz:/opt/ros/jazzy/opt/gz_rendering_vendor/share/gz:/opt/ros/jazzy/opt/gz_plugin_vendor/share/gz:/opt/ros/jazzy/opt/gz_fuel_tools_vendor/share/gz:/opt/ros/jazzy/opt/gz_msgs_vendor/share/gz:/opt/ros/jazzy/opt/gz_common_vendor/share/gz', 'PT8HOME': '/opt/pt', 'XDG_SESSION_TYPE': 'x11', 'GIT_ASKPASS': '/usr/share/code/resources/app/extensions/git/dist/askpass.sh', 'CLUTTER_DISABLE_MIPMAPPED_TEXT': '1', 'LD_LIBRARY_PATH': '/home/adrian/Desktop/ROS2_playground/SCARA_robot/software/ros_scara_ws/install/custom_msg_svrs/lib:/opt/ros/jazzy/opt/gz_sim_vendor/lib:/opt/ros/jazzy/opt/gz_sensors_vendor/lib:/opt/ros/jazzy/opt/gz_physics_vendor/lib:/opt/ros/jazzy/opt/sdformat_vendor/lib:/opt/ros/jazzy/opt/rviz_ogre_vendor/lib:/opt/ros/jazzy/lib/x86_64-linux-gnu:/opt/ros/jazzy/opt/gz_gui_vendor/lib:/opt/ros/jazzy/opt/gz_transport_vendor/lib:/opt/ros/jazzy/opt/gz_rendering_vendor/lib:/opt/ros/jazzy/opt/gz_plugin_vendor/lib:/opt/ros/jazzy/opt/gz_fuel_tools_vendor/lib:/opt/ros/jazzy/opt/gz_msgs_vendor/lib:/opt/ros/jazzy/opt/gz_common_vendor/lib:/opt/ros/jazzy/opt/gz_math_vendor/lib:/opt/ros/jazzy/opt/gz_utils_vendor/lib:/opt/ros/jazzy/opt/gz_tools_vendor/lib:/opt/ros/jazzy/opt/gz_ogre_next_vendor/lib:/opt/ros/jazzy/opt/gz_dartsim_vendor/lib:/opt/ros/jazzy/opt/gz_cmake_vendor/lib:/opt/ros/jazzy/lib', 'SHLVL': '3', 'HOME': '/home/adrian', 'OLDPWD': '/home/adrian/Desktop/ROS2_playground/SCARA_robot/software/ros_scara_ws', 'CHROME_DESKTOP': 'code.desktop', 'DESKTOP_SESSION': 'ubuntu', 'TERM_PROGRAM_VERSION': '1.98.0', 'GNOME_SHELL_SESSION_MODE': 'ubuntu', 'GTK_MODULES': 'gail:atk-bridge', 'ROS_PYTHON_VERSION': '3', 'VSCODE_GIT_ASKPASS_MAIN': '/usr/share/code/resources/app/extensions/git/dist/askpass-main.js', 'PS1': '(py_ros2) %m%#', 'LC_MONETARY': 'es_MX.UTF-8', 'VSCODE_GIT_ASKPASS_NODE': '/usr/share/code/code', 'DBUS_SESSION_BUS_ADDRESS': 'unix:path=/run/user/1000/bus', 'GSM_SKIP_SSH_AGENT_WORKAROUND': 'true', 'P9K_TTY': 'old', 'SYSTEMD_EXEC_PID': '2154', 'PYDEVD_DISABLE_FILE_VALIDATION': '1', 'BUNDLED_DEBUGPY_PATH': '/home/adrian/.vscode/extensions/ms-python.debugpy-2025.8.0-linux-x64/bundled/libs/debugpy', 'COLORTERM': 'truecolor', 'DEBUGINFOD_URLS': 'https://debuginfod.ubuntu.com', 'ZPFX': '/home/adrian/.local/share/zinit/polaris', 'ROS_DISTRO': 'jazzy', 'COLCON_PREFIX_PATH': '/home/adrian/Desktop/ROS2_playground/SCARA_robot/software/ros_scara_ws/install', 'LOGNAME': 'adrian', '_': '/usr/bin/colcon', '_P9K_SSH_TTY': '/dev/pts/20', 'MEMORY_PRESSURE_WATCH': '/sys/fs/cgroup/user.slice/user-1000.slice/user@1000.service/session.slice/org.gnome.Shell@x11.service/memory.pressure', 'ROS_VERSION': '2', 'XDG_SESSION_CLASS': 'user', 'USER_ZDOTDIR': '/home/adrian', 'FUNCNEST': '100', 'TERM': 'xterm-256color', 'USERNAME': 'adrian', 'GNOME_DESKTOP_SESSION_ID': 'this-is-deprecated', 'PMSPEC': '0uUpiPsf', 'WINDOWPATH': '2', 'ZSH_CACHE_DIR': '/home/adrian/.cache/zinit', 'PATH': '/home/adrian/.vscode/extensions/ms-python.python-2025.6.1-linux-x64/python_files/deactivate/zsh:/home/adrian/py_ros2/bin:/home/adrian/.vscode/extensions/ms-python.python-2025.6.1-linux-x64/python_files/deactivate/zsh:/home/adrian/py_ros2/bin:/opt/ros/jazzy/opt/gz_msgs_vendor/bin:/opt/ros/jazzy/opt/gz_tools_vendor/bin:/opt/ros/jazzy/opt/gz_ogre_next_vendor/bin:/opt/ros/jazzy/bin:/home/adrian/.local/share/zinit/polaris/bin:/home/adrian/.local/bin:/usr/local/sbin:/usr/local/bin:/usr/sbin:/usr/bin:/sbin:/bin:/usr/games:/usr/local/games:/snap/bin:/snap/bin', 'PAPERSIZE': 'letter', 'SESSION_MANAGER': 'local/laptop:@/tmp/.ICE-unix/2111,unix/laptop:/tmp/.ICE-unix/2111', 'GNOME_TERMINAL_SCREEN': '/org/gnome/Terminal/screen/7339cad8_772e_4bef_82e4_80f6ab1fe53c', 'LC_ADDRESS': 'es_MX.UTF-8', 'XDG_MENU_PREFIX': 'gnome-', 'XDG_RUNTIME_DIR': '/run/user/1000', 'GDK_BACKEND': 'x11', 'DISPLAY': ':0', 'LANG': 'en_US.UTF-8', 'LC_TELEPHONE': 'es_MX.UTF-8', 'XDG_CURRENT_DESKTOP': 'Unity', 'VIRTUAL_ENV_PROMPT': '(py_ros2)', 'VSCODE_DEBUGPY_ADAPTER_ENDPOINTS': '/home/adrian/.vscode/extensions/ms-python.debugpy-2025.8.0-linux-x64/.noConfigDebugAdapterEndpoints/endpoint-d384532af5ea6b98.txt', 'VSCODE_INJECTION': '1', 'GNOME_TERMINAL_SERVICE': ':1.99', 'TERM_PROGRAM': 'vscode', 'XAUTHORITY': '/run/user/1000/gdm/Xauthority', 'XDG_SESSION_DESKTOP': 'ubuntu', 'XMODIFIERS': '@im=ibus', 'VSCODE_GIT_IPC_HANDLE': '/run/user/1000/vscode-git-961a0a0869.sock', 'AMENT_PREFIX_PATH': '/home/adrian/Desktop/ROS2_playground/SCARA_robot/software/ros_scara_ws/install/scara_control:/home/adrian/Desktop/ROS2_playground/SCARA_robot/software/ros_scara_ws/install/plc_chat:/home/adrian/Desktop/ROS2_playground/SCARA_robot/software/ros_scara_ws/install/micro_ros_setup:/home/adrian/Desktop/ROS2_playground/SCARA_robot/software/ros_scara_ws/install/custom_msg_svrs:/home/adrian/Desktop/ROS2_playground/SCARA_robot/software/ros_scara_ws/install/box_detector:/opt/ros/jazzy', 'ROS_DOMAIN_ID': '0', 'SSH_AUTH_SOCK': '/run/user/1000/keyring/ssh', 'ORIGINAL_XDG_CURRENT_DESKTOP': 'ubuntu:GNOME', 'LC_NAME': 'es_MX.UTF-8', 'SHELL': '/bin/zsh', 'GDMSESSION': 'ubuntu', 'GIT_DISCOVERY_ACROSS_FILESYSTEM': '1', 'QT_ACCESSIBILITY': '1', 'IGN_GAZEBO_RESOURCE_PATH': '/opt/ros/jazzy/share', 'LC_MEASUREMENT': 'es_MX.UTF-8', 'GPG_AGENT_INFO': '/run/user/1000/gnupg/S.gpg-agent:0:1', 'LC_IDENTIFICATION': 'es_MX.UTF-8', 'P9K_SSH': '0', 'QT_IM_MODULE': 'ibus', 'ROS_AUTOMATIC_DISCOVERY_RANGE': 'SUBNET', 'VSCODE_GIT_ASKPASS_EXTRA_ARGS': '', 'VIRTUAL_ENV': '/home/adrian/py_ros2', 'VSCODE_NONCE': 'bfdc2e73-1bf2-409f-a222-0fdca70ef4f2', 'LC_ALL': 'en_US.UTF-8', 'PWD': '/home/adrian/Desktop/ROS2_playground/SCARA_robot/software/ros_scara_ws/build/box_detector', 'XDG_CONFIG_DIRS': '/etc/xdg/xdg-ubuntu:/etc/xdg', 'XDG_DATA_DIRS': '/usr/share/ubuntu:/usr/share/gnome:/usr/local/share/:/usr/share/:/var/lib/snapd/desktop', '_P9K_TTY': '/dev/pts/20', 'ZDOTDIR': '/home/adrian', 'LC_NUMERIC': 'es_MX.UTF-8', 'PYTHONPATH': '/home/adrian/Desktop/ROS2_playground/SCARA_robot/software/ros_scara_ws/build/box_detector/prefix_override:/usr/lib/python3/dist-packages/colcon_core/task/python/colcon_distutils_commands:/home/adrian/Desktop/ROS2_playground/SCARA_robot/software/ros_scara_ws/install/box_detector/lib/python3.12/site-packages:/home/adrian/Desktop/ROS2_playground/SCARA_robot/software/ros_scara_ws/install/scara_control/lib/python3.12/site-packages:/home/adrian/Desktop/ROS2_playground/SCARA_robot/software/ros_scara_ws/install/plc_chat/lib/python3.12/site-packages:/home/adrian/Desktop/ROS2_playground/SCARA_robot/software/ros_scara_ws/install/custom_msg_svrs/lib/python3.12/site-packages:/home/adrian/Desktop/ROS2_playground/SCARA_robot/software/ros_scara_ws/install/box_detector/lib/python3.12/site-packages:/opt/ros/jazzy/lib/python3.12/site-packages', 'LC_PAPER': 'es_MX.UTF-8', 'TMUX_PLUGIN_MANAGER_PATH': '/home/adrian/.tmux/plugins/', 'COLCON': '1', 'MEMORY_PRESSURE_WRITE': 'c29tZSAyMDAwMDAgMjAwMDAwMAA=', 'TMUX_PANE': '%3', 'VTE_VERSION': '7600', 'CMAKE_PREFIX_PATH': '/home/adrian/Desktop/ROS2_playground/SCARA_robot/software/ros_scara_ws/install/micro_ros_setup:/home/adrian/Desktop/ROS2_playground/SCARA_robot/software/ros_scara_ws/install/custom_msg_svrs:/opt/ros/jazzy/opt/gz_sim_vendor:/opt/ros/jazzy/opt/gz_sensors_vendor:/opt/ros/jazzy/opt/gz_physics_vendor:/opt/ros/jazzy/opt/sdformat_vendor:/opt/ros/jazzy/opt/gz_gui_vendor:/opt/ros/jazzy/opt/gz_transport_vendor:/opt/ros/jazzy/opt/gz_rendering_vendor:/opt/ros/jazzy/opt/gz_plugin_vendor:/opt/ros/jazzy/opt/gz_fuel_tools_vendor:/opt/ros/jazzy/opt/gz_msgs_vendor:/opt/ros/jazzy/opt/gz_common_vendor:/opt/ros/jazzy/opt/gz_math_vendor:/opt/ros/jazzy/opt/gz_utils_vendor:/opt/ros/jazzy/opt/gz_tools_vendor:/opt/ros/jazzy/opt/gz_ogre_next_vendor:/opt/ros/jazzy/opt/gz_dartsim_vendor:/opt/ros/jazzy/opt/gz_cmake_vendor', 'LIBGL_DRIVERS_PATH': '/usr/lib/x86_64-linux-gnu/dri'}, 'shell': False}
[1.001988] (-) TimerEvent: {}
[1.102545] (-) TimerEvent: {}
[1.202789] (-) TimerEvent: {}
[1.223746] (box_detector) StdoutLine: {'line': b'running egg_info\n'}
[1.250406] (box_detector) StdoutLine: {'line': b'writing ../../build/box_detector/box_detector.egg-info/PKG-INFO\n'}
[1.250604] (box_detector) StdoutLine: {'line': b'writing dependency_links to ../../build/box_detector/box_detector.egg-info/dependency_links.txt\n'}
[1.250809] (box_detector) StdoutLine: {'line': b'writing entry points to ../../build/box_detector/box_detector.egg-info/entry_points.txt\n'}
[1.250962] (box_detector) StdoutLine: {'line': b'writing requirements to ../../build/box_detector/box_detector.egg-info/requires.txt\n'}
[1.251079] (box_detector) StdoutLine: {'line': b'writing top-level names to ../../build/box_detector/box_detector.egg-info/top_level.txt\n'}
[1.302862] (-) TimerEvent: {}
[1.303933] (box_detector) StdoutLine: {'line': b"reading manifest file '../../build/box_detector/box_detector.egg-info/SOURCES.txt'\n"}
[1.304419] (box_detector) StdoutLine: {'line': b"adding license file 'LICENSE'\n"}
[1.304933] (box_detector) StdoutLine: {'line': b"writing manifest file '../../build/box_detector/box_detector.egg-info/SOURCES.txt'\n"}
[1.305166] (box_detector) StdoutLine: {'line': b'running build\n'}
[1.305267] (box_detector) StdoutLine: {'line': b'running build_py\n'}
[1.305427] (box_detector) StdoutLine: {'line': b'copying box_detector/box_node.py -> /home/adrian/Desktop/ROS2_playground/SCARA_robot/software/ros_scara_ws/build/box_detector/build/lib/box_detector\n'}
[1.305609] (box_detector) StdoutLine: {'line': b'running install\n'}
[1.310867] (box_detector) StdoutLine: {'line': b'running install_lib\n'}
[1.338800] (box_detector) StdoutLine: {'line': b'copying /home/adrian/Desktop/ROS2_playground/SCARA_robot/software/ros_scara_ws/build/box_detector/build/lib/box_detector/box_node.py -> /home/adrian/Desktop/ROS2_playground/SCARA_robot/software/ros_scara_ws/install/box_detector/lib/python3.12/site-packages/box_detector\n'}
[1.339458] (box_detector) StdoutLine: {'line': b'byte-compiling /home/adrian/Desktop/ROS2_playground/SCARA_robot/software/ros_scara_ws/install/box_detector/lib/python3.12/site-packages/box_detector/box_node.py to box_node.cpython-312.pyc\n'}
[1.340991] (box_detector) StdoutLine: {'line': b'running install_data\n'}
[1.341147] (box_detector) StdoutLine: {'line': b'running install_egg_info\n'}
[1.369245] (box_detector) StdoutLine: {'line': b"removing '/home/adrian/Desktop/ROS2_playground/SCARA_robot/software/ros_scara_ws/install/box_detector/lib/python3.12/site-packages/box_detector-0.0.0-py3.12.egg-info' (and everything under it)\n"}
[1.369599] (box_detector) StdoutLine: {'line': b'Copying ../../build/box_detector/box_detector.egg-info to /home/adrian/Desktop/ROS2_playground/SCARA_robot/software/ros_scara_ws/install/box_detector/lib/python3.12/site-packages/box_detector-0.0.0-py3.12.egg-info\n'}
[1.370492] (box_detector) StdoutLine: {'line': b'running install_scripts\n'}
[1.402953] (-) TimerEvent: {}
[1.503173] (-) TimerEvent: {}
[1.545202] (box_detector) StdoutLine: {'line': b'Installing box_node script to /home/adrian/Desktop/ROS2_playground/SCARA_robot/software/ros_scara_ws/install/box_detector/lib/box_detector\n'}
[1.545443] (box_detector) StdoutLine: {'line': b'Installing cam_demo_node script to /home/adrian/Desktop/ROS2_playground/SCARA_robot/software/ros_scara_ws/install/box_detector/lib/box_detector\n'}
[1.545721] (box_detector) StdoutLine: {'line': b"writing list of installed files to '/home/adrian/Desktop/ROS2_playground/SCARA_robot/software/ros_scara_ws/build/box_detector/install.log'\n"}
[1.568549] (box_detector) CommandEnded: {'returncode': 0}
[1.576996] (box_detector) JobEnded: {'identifier': 'box_detector', 'rc': 0}
[1.577683] (-) EventReactorShutdown: {}
