[0.000000] (-) TimerEvent: {}
[0.000598] (my_drawer) JobQueued: {'identifier': 'my_drawer', 'dependencies': OrderedDict()}
[0.000676] (my_drawer) JobStarted: {'identifier': 'my_drawer'}
[0.099866] (-) TimerEvent: {}
[0.200085] (-) TimerEvent: {}
[0.300308] (-) TimerEvent: {}
[0.400517] (-) TimerEvent: {}
[0.500732] (-) TimerEvent: {}
[0.600945] (-) TimerEvent: {}
[0.701152] (-) TimerEvent: {}
[0.801690] (-) TimerEvent: {}
[0.837746] (my_drawer) Command: {'cmd': ['/usr/bin/python3', '-W', 'ignore:setup.py install is deprecated', '-W', 'ignore:easy_install command is deprecated', 'setup.py', 'egg_info', '--egg-base', '../../build/my_drawer', 'build', '--build-base', '/media/adrian/sd_linux/sem8/Robotica/drawer_robot/drawer_ws/build/my_drawer/build', 'install', '--record', '/media/adrian/sd_linux/sem8/Robotica/drawer_robot/drawer_ws/build/my_drawer/install.log', '--single-version-externally-managed', 'install_data'], 'cwd': '/media/adrian/sd_linux/sem8/Robotica/drawer_robot/drawer_ws/src/my_drawer', 'env': {'TMUX': '/tmp/tmux-1000/default,13726,0', 'LANGUAGE': 'en_US:en', 'LC_TIME': 'es_MX.UTF-8', 'USER': 'adrian', 'GZ_CONFIG_PATH': '/opt/ros/jazzy/opt/gz_sim_vendor/share/gz:/opt/ros/jazzy/opt/sdformat_vendor/share/gz:/opt/ros/jazzy/opt/gz_gui_vendor/share/gz:/opt/ros/jazzy/opt/gz_transport_vendor/share/gz:/opt/ros/jazzy/opt/gz_rendering_vendor/share/gz:/opt/ros/jazzy/opt/gz_plugin_vendor/share/gz:/opt/ros/jazzy/opt/gz_fuel_tools_vendor/share/gz:/opt/ros/jazzy/opt/gz_msgs_vendor/share/gz:/opt/ros/jazzy/opt/gz_common_vendor/share/gz', 'PT8HOME': '/opt/pt', 'XDG_SESSION_TYPE': 'x11', 'CLUTTER_DISABLE_MIPMAPPED_TEXT': '1', 'LD_LIBRARY_PATH': '/opt/ros/jazzy/opt/gz_sim_vendor/lib:/opt/ros/jazzy/opt/gz_sensors_vendor/lib:/opt/ros/jazzy/opt/gz_physics_vendor/lib:/opt/ros/jazzy/opt/sdformat_vendor/lib:/opt/ros/jazzy/opt/rviz_ogre_vendor/lib:/opt/ros/jazzy/lib/x86_64-linux-gnu:/opt/ros/jazzy/opt/gz_gui_vendor/lib:/opt/ros/jazzy/opt/gz_transport_vendor/lib:/opt/ros/jazzy/opt/gz_rendering_vendor/lib:/opt/ros/jazzy/opt/gz_plugin_vendor/lib:/opt/ros/jazzy/opt/gz_fuel_tools_vendor/lib:/opt/ros/jazzy/opt/gz_msgs_vendor/lib:/opt/ros/jazzy/opt/gz_common_vendor/lib:/opt/ros/jazzy/opt/gz_math_vendor/lib:/opt/ros/jazzy/opt/gz_utils_vendor/lib:/opt/ros/jazzy/opt/gz_tools_vendor/lib:/opt/ros/jazzy/opt/gz_ogre_next_vendor/lib:/opt/ros/jazzy/opt/gz_dartsim_vendor/lib:/opt/ros/jazzy/opt/gz_cmake_vendor/lib:/opt/ros/jazzy/lib', 'SHLVL': '2', 'HOME': '/home/adrian', 'OLDPWD': '/media/adrian/sd_linux/sem8/Robotica/drawer_robot/drawer_ws/src', 'DESKTOP_SESSION': 'ubuntu', 'TERM_PROGRAM_VERSION': '3.4', 'GNOME_SHELL_SESSION_MODE': 'ubuntu', 'GTK_MODULES': 'gail:atk-bridge', 'ROS_PYTHON_VERSION': '3', 'LC_MONETARY': 'es_MX.UTF-8', 'DBUS_SESSION_BUS_ADDRESS': 'unix:path=/run/user/1000/bus', 'GSM_SKIP_SSH_AGENT_WORKAROUND': 'true', 'P9K_TTY': 'old', 'SYSTEMD_EXEC_PID': '1971', 'COLORTERM': 'truecolor', 'DEBUGINFOD_URLS': 'https://debuginfod.ubuntu.com', 'ZPFX': '/home/adrian/.local/share/zinit/polaris', 'ROS_DISTRO': 'jazzy', 'LOGNAME': 'adrian', '_': '/usr/bin/colcon', '_P9K_SSH_TTY': '/dev/pts/6', 'MEMORY_PRESSURE_WATCH': '/sys/fs/cgroup/user.slice/user-1000.slice/user@1000.service/session.slice/org.gnome.Shell@x11.service/memory.pressure', 'ROS_VERSION': '2', 'XDG_SESSION_CLASS': 'user', 'FUNCNEST': '100', 'TERM': 'screen-256color', 'USERNAME': 'adrian', 'GNOME_DESKTOP_SESSION_ID': 'this-is-deprecated', 'PMSPEC': '0uUpiPsf', 'WINDOWPATH': '2', 'ZSH_CACHE_DIR': '/home/adrian/.cache/zinit', 'PATH': '/opt/ros/jazzy/opt/gz_msgs_vendor/bin:/opt/ros/jazzy/opt/gz_tools_vendor/bin:/opt/ros/jazzy/opt/gz_ogre_next_vendor/bin:/opt/ros/jazzy/bin:/home/adrian/.local/share/zinit/polaris/bin:/home/adrian/.local/bin:/usr/local/sbin:/usr/local/bin:/usr/sbin:/usr/bin:/sbin:/bin:/usr/games:/usr/local/games:/snap/bin:/snap/bin', 'PAPERSIZE': 'letter', 'SESSION_MANAGER': 'local/laptop:@/tmp/.ICE-unix/1927,unix/laptop:/tmp/.ICE-unix/1927', 'GNOME_TERMINAL_SCREEN': '/org/gnome/Terminal/screen/79ea44ce_a192_48d3_97f3_89e574d15a9e', 'LC_ADDRESS': 'es_MX.UTF-8', 'XDG_MENU_PREFIX': 'gnome-', 'XDG_RUNTIME_DIR': '/run/user/1000', 'DISPLAY': ':0', 'LANG': 'en_US.UTF-8', 'LC_TELEPHONE': 'es_MX.UTF-8', 'XDG_CURRENT_DESKTOP': 'ubuntu:GNOME', 'GNOME_TERMINAL_SERVICE': ':1.122', 'TERM_PROGRAM': 'tmux', 'XAUTHORITY': '/run/user/1000/gdm/Xauthority', 'XDG_SESSION_DESKTOP': 'ubuntu', 'XMODIFIERS': '@im=ibus', 'AMENT_PREFIX_PATH': '/opt/ros/jazzy', 'ROS_DOMAIN_ID': '0', 'SSH_AUTH_SOCK': '/run/user/1000/keyring/ssh', 'LC_NAME': 'es_MX.UTF-8', 'SHELL': '/bin/zsh', 'GDMSESSION': 'ubuntu', 'GIT_DISCOVERY_ACROSS_FILESYSTEM': '1', 'QT_ACCESSIBILITY': '1', 'IGN_GAZEBO_RESOURCE_PATH': '/opt/ros/jazzy/share', 'LC_MEASUREMENT': 'es_MX.UTF-8', 'GPG_AGENT_INFO': '/run/user/1000/gnupg/S.gpg-agent:0:1', 'LC_IDENTIFICATION': 'es_MX.UTF-8', 'P9K_SSH': '0', 'QT_IM_MODULE': 'ibus', 'ROS_AUTOMATIC_DISCOVERY_RANGE': 'SUBNET', 'LC_ALL': 'en_US.UTF-8', 'PWD': '/media/adrian/sd_linux/sem8/Robotica/drawer_robot/drawer_ws/build/my_drawer', 'XDG_CONFIG_DIRS': '/etc/xdg/xdg-ubuntu:/etc/xdg', 'XDG_DATA_DIRS': '/usr/share/ubuntu:/usr/share/gnome:/usr/local/share/:/usr/share/:/var/lib/snapd/desktop', '_P9K_TTY': '/dev/pts/6', 'LC_NUMERIC': 'es_MX.UTF-8', 'PYTHONPATH': '/media/adrian/sd_linux/sem8/Robotica/drawer_robot/drawer_ws/build/my_drawer/prefix_override:/usr/lib/python3/dist-packages/colcon_core/task/python/colcon_distutils_commands:/media/adrian/sd_linux/sem8/Robotica/drawer_robot/drawer_ws/install/my_drawer/lib/python3.12/site-packages:/opt/ros/jazzy/lib/python3.12/site-packages', 'LC_PAPER': 'es_MX.UTF-8', 'TMUX_PLUGIN_MANAGER_PATH': '/home/adrian/.tmux/plugins/', 'COLCON': '1', 'MEMORY_PRESSURE_WRITE': 'c29tZSAyMDAwMDAgMjAwMDAwMAA=', 'TMUX_PANE': '%1', 'VTE_VERSION': '7600', 'CMAKE_PREFIX_PATH': '/opt/ros/jazzy/opt/gz_sim_vendor:/opt/ros/jazzy/opt/gz_sensors_vendor:/opt/ros/jazzy/opt/gz_physics_vendor:/opt/ros/jazzy/opt/sdformat_vendor:/opt/ros/jazzy/opt/gz_gui_vendor:/opt/ros/jazzy/opt/gz_transport_vendor:/opt/ros/jazzy/opt/gz_rendering_vendor:/opt/ros/jazzy/opt/gz_plugin_vendor:/opt/ros/jazzy/opt/gz_fuel_tools_vendor:/opt/ros/jazzy/opt/gz_msgs_vendor:/opt/ros/jazzy/opt/gz_common_vendor:/opt/ros/jazzy/opt/gz_math_vendor:/opt/ros/jazzy/opt/gz_utils_vendor:/opt/ros/jazzy/opt/gz_tools_vendor:/opt/ros/jazzy/opt/gz_ogre_next_vendor:/opt/ros/jazzy/opt/gz_dartsim_vendor:/opt/ros/jazzy/opt/gz_cmake_vendor', 'LIBGL_DRIVERS_PATH': '/usr/lib/x86_64-linux-gnu/dri'}, 'shell': False}
[0.901786] (-) TimerEvent: {}
[1.001998] (-) TimerEvent: {}
[1.102206] (-) TimerEvent: {}
[1.125372] (my_drawer) StdoutLine: {'line': b'running egg_info\n'}
[1.125589] (my_drawer) StdoutLine: {'line': b'creating ../../build/my_drawer/my_drawer.egg-info\n'}
[1.150235] (my_drawer) StdoutLine: {'line': b'writing ../../build/my_drawer/my_drawer.egg-info/PKG-INFO\n'}
[1.150380] (my_drawer) StdoutLine: {'line': b'writing dependency_links to ../../build/my_drawer/my_drawer.egg-info/dependency_links.txt\n'}
[1.150465] (my_drawer) StdoutLine: {'line': b'writing entry points to ../../build/my_drawer/my_drawer.egg-info/entry_points.txt\n'}
[1.150593] (my_drawer) StdoutLine: {'line': b'writing requirements to ../../build/my_drawer/my_drawer.egg-info/requires.txt\n'}
[1.150666] (my_drawer) StdoutLine: {'line': b'writing top-level names to ../../build/my_drawer/my_drawer.egg-info/top_level.txt\n'}
[1.150727] (my_drawer) StdoutLine: {'line': b"writing manifest file '../../build/my_drawer/my_drawer.egg-info/SOURCES.txt'\n"}
[1.199172] (my_drawer) StdoutLine: {'line': b"reading manifest file '../../build/my_drawer/my_drawer.egg-info/SOURCES.txt'\n"}
[1.199527] (my_drawer) StdoutLine: {'line': b"adding license file 'LICENSE'\n"}
[1.199720] (my_drawer) StdoutLine: {'line': b"writing manifest file '../../build/my_drawer/my_drawer.egg-info/SOURCES.txt'\n"}
[1.199916] (my_drawer) StdoutLine: {'line': b'running build\n'}
[1.200001] (my_drawer) StdoutLine: {'line': b'running build_py\n'}
[1.200121] (my_drawer) StdoutLine: {'line': b'creating /media/adrian/sd_linux/sem8/Robotica/drawer_robot/drawer_ws/build/my_drawer/build\n'}
[1.200202] (my_drawer) StdoutLine: {'line': b'creating /media/adrian/sd_linux/sem8/Robotica/drawer_robot/drawer_ws/build/my_drawer/build/lib\n'}
[1.200293] (my_drawer) StdoutLine: {'line': b'creating /media/adrian/sd_linux/sem8/Robotica/drawer_robot/drawer_ws/build/my_drawer/build/lib/my_drawer\n'}
[1.200359] (my_drawer) StdoutLine: {'line': b'copying my_drawer/node_drawer.py -> /media/adrian/sd_linux/sem8/Robotica/drawer_robot/drawer_ws/build/my_drawer/build/lib/my_drawer\n'}
[1.200447] (my_drawer) StdoutLine: {'line': b'copying my_drawer/__init__.py -> /media/adrian/sd_linux/sem8/Robotica/drawer_robot/drawer_ws/build/my_drawer/build/lib/my_drawer\n'}
[1.200532] (my_drawer) StdoutLine: {'line': b'running install\n'}
[1.202269] (-) TimerEvent: {}
[1.206142] (my_drawer) StdoutLine: {'line': b'running install_lib\n'}
[1.232487] (my_drawer) StdoutLine: {'line': b'creating /media/adrian/sd_linux/sem8/Robotica/drawer_robot/drawer_ws/install/my_drawer/lib/python3.12/site-packages/my_drawer\n'}
[1.232603] (my_drawer) StdoutLine: {'line': b'copying /media/adrian/sd_linux/sem8/Robotica/drawer_robot/drawer_ws/build/my_drawer/build/lib/my_drawer/node_drawer.py -> /media/adrian/sd_linux/sem8/Robotica/drawer_robot/drawer_ws/install/my_drawer/lib/python3.12/site-packages/my_drawer\n'}
[1.232677] (my_drawer) StdoutLine: {'line': b'copying /media/adrian/sd_linux/sem8/Robotica/drawer_robot/drawer_ws/build/my_drawer/build/lib/my_drawer/__init__.py -> /media/adrian/sd_linux/sem8/Robotica/drawer_robot/drawer_ws/install/my_drawer/lib/python3.12/site-packages/my_drawer\n'}
[1.232785] (my_drawer) StdoutLine: {'line': b'byte-compiling /media/adrian/sd_linux/sem8/Robotica/drawer_robot/drawer_ws/install/my_drawer/lib/python3.12/site-packages/my_drawer/node_drawer.py to node_drawer.cpython-312.pyc\n'}
[1.233093] (my_drawer) StdoutLine: {'line': b'byte-compiling /media/adrian/sd_linux/sem8/Robotica/drawer_robot/drawer_ws/install/my_drawer/lib/python3.12/site-packages/my_drawer/__init__.py to __init__.cpython-312.pyc\n'}
[1.233232] (my_drawer) StdoutLine: {'line': b'running install_data\n'}
[1.233504] (my_drawer) StdoutLine: {'line': b'creating /media/adrian/sd_linux/sem8/Robotica/drawer_robot/drawer_ws/install/my_drawer/share/ament_index\n'}
[1.233607] (my_drawer) StdoutLine: {'line': b'creating /media/adrian/sd_linux/sem8/Robotica/drawer_robot/drawer_ws/install/my_drawer/share/ament_index/resource_index\n'}
[1.233679] (my_drawer) StdoutLine: {'line': b'creating /media/adrian/sd_linux/sem8/Robotica/drawer_robot/drawer_ws/install/my_drawer/share/ament_index/resource_index/packages\n'}
[1.233781] (my_drawer) StdoutLine: {'line': b'copying resource/my_drawer -> /media/adrian/sd_linux/sem8/Robotica/drawer_robot/drawer_ws/install/my_drawer/share/ament_index/resource_index/packages\n'}
[1.233851] (my_drawer) StdoutLine: {'line': b'copying package.xml -> /media/adrian/sd_linux/sem8/Robotica/drawer_robot/drawer_ws/install/my_drawer/share/my_drawer\n'}
[1.233910] (my_drawer) StdoutLine: {'line': b'running install_egg_info\n'}
[1.259828] (my_drawer) StdoutLine: {'line': b'Copying ../../build/my_drawer/my_drawer.egg-info to /media/adrian/sd_linux/sem8/Robotica/drawer_robot/drawer_ws/install/my_drawer/lib/python3.12/site-packages/my_drawer-0.0.0-py3.12.egg-info\n'}
[1.260610] (my_drawer) StdoutLine: {'line': b'running install_scripts\n'}
[1.302355] (-) TimerEvent: {}
[1.402541] (-) TimerEvent: {}
[1.418265] (my_drawer) StdoutLine: {'line': b'Installing node_drawer script to /media/adrian/sd_linux/sem8/Robotica/drawer_robot/drawer_ws/install/my_drawer/lib/my_drawer\n'}
[1.418615] (my_drawer) StdoutLine: {'line': b"writing list of installed files to '/media/adrian/sd_linux/sem8/Robotica/drawer_robot/drawer_ws/build/my_drawer/install.log'\n"}
[1.438402] (my_drawer) CommandEnded: {'returncode': 0}
[1.445490] (my_drawer) JobEnded: {'identifier': 'my_drawer', 'rc': 0}
[1.446020] (-) EventReactorShutdown: {}
