running egg_info
writing ../../build/box_detector/box_detector.egg-info/PKG-INFO
writing dependency_links to ../../build/box_detector/box_detector.egg-info/dependency_links.txt
writing entry points to ../../build/box_detector/box_detector.egg-info/entry_points.txt
writing requirements to ../../build/box_detector/box_detector.egg-info/requires.txt
writing top-level names to ../../build/box_detector/box_detector.egg-info/top_level.txt
reading manifest file '../../build/box_detector/box_detector.egg-info/SOURCES.txt'
adding license file 'LICENSE'
writing manifest file '../../build/box_detector/box_detector.egg-info/SOURCES.txt'
running build
running build_py
copying box_detector/ros_bridge_server.py -> /home/adrian/Desktop/ROS2_playground/SCARA_robot/software/ros_scara_ws/build/box_detector/build/lib/box_detector
running install
running install_lib
copying /home/adrian/Desktop/ROS2_playground/SCARA_robot/software/ros_scara_ws/build/box_detector/build/lib/box_detector/ros_bridge_server.py -> /home/adrian/Desktop/ROS2_playground/SCARA_robot/software/ros_scara_ws/install/box_detector/lib/python3.12/site-packages/box_detector
byte-compiling /home/adrian/Desktop/ROS2_playground/SCARA_robot/software/ros_scara_ws/install/box_detector/lib/python3.12/site-packages/box_detector/ros_bridge_server.py to ros_bridge_server.cpython-312.pyc
running install_data
running install_egg_info
removing '/home/adrian/Desktop/ROS2_playground/SCARA_robot/software/ros_scara_ws/install/box_detector/lib/python3.12/site-packages/box_detector-0.0.0-py3.12.egg-info' (and everything under it)
Copying ../../build/box_detector/box_detector.egg-info to /home/adrian/Desktop/ROS2_playground/SCARA_robot/software/ros_scara_ws/install/box_detector/lib/python3.12/site-packages/box_detector-0.0.0-py3.12.egg-info
running install_scripts
Installing box_node script to /home/adrian/Desktop/ROS2_playground/SCARA_robot/software/ros_scara_ws/install/box_detector/lib/box_detector
Installing cam_demo_node script to /home/adrian/Desktop/ROS2_playground/SCARA_robot/software/ros_scara_ws/install/box_detector/lib/box_detector
writing list of installed files to '/home/adrian/Desktop/ROS2_playground/SCARA_robot/software/ros_scara_ws/build/box_detector/install.log'
