[0.011s] Invoking command in '/media/adrian/sd_linux/sem8/Robotica/drawer_robot/my_car_ws/build/my_car_description': CMAKE_PREFIX_PATH=${CMAKE_PREFIX_PATH}:/opt/ros/jazzy DEBUGINFOD_URLS=https://debuginfod.ubuntu.com /usr/bin/cmake /media/adrian/sd_linux/sem8/Robotica/drawer_robot/my_car_ws/src/my_car_description -DCMAKE_INSTALL_PREFIX=/media/adrian/sd_linux/sem8/Robotica/drawer_robot/my_car_ws/install/my_car_description
[0.120s] -- The C compiler identification is GNU 13.3.0
[0.217s] -- The CXX compiler identification is GNU 13.3.0
[0.237s] -- Detecting C compiler ABI info
[0.336s] -- Detecting C compiler ABI info - done
[0.344s] -- Check for working C compiler: /usr/bin/cc - skipped
[0.344s] -- Detecting C compile features
[0.345s] -- Detecting C compile features - done
[0.354s] -- Detecting CXX compiler ABI info
[0.452s] -- Detecting CXX compiler ABI info - done
[0.461s] -- Check for working CXX compiler: /usr/bin/c++ - skipped
[0.461s] -- Detecting CXX compile features
[0.461s] -- Detecting CXX compile features - done
[0.485s] -- Found ament_cmake: 2.5.4 (/opt/ros/jazzy/share/ament_cmake/cmake)
[0.644s] -- Found Python3: /usr/bin/python3 (found version "3.12.3") found components: Interpreter 
[0.853s] -- Configuring done (0.8s)
[0.856s] -- Generating done (0.0s)
[0.857s] -- Build files have been written to: /media/adrian/sd_linux/sem8/Robotica/drawer_robot/my_car_ws/build/my_car_description
[0.862s] Invoked command in '/media/adrian/sd_linux/sem8/Robotica/drawer_robot/my_car_ws/build/my_car_description' returned '0': CMAKE_PREFIX_PATH=${CMAKE_PREFIX_PATH}:/opt/ros/jazzy DEBUGINFOD_URLS=https://debuginfod.ubuntu.com /usr/bin/cmake /media/adrian/sd_linux/sem8/Robotica/drawer_robot/my_car_ws/src/my_car_description -DCMAKE_INSTALL_PREFIX=/media/adrian/sd_linux/sem8/Robotica/drawer_robot/my_car_ws/install/my_car_description
[0.863s] Invoking command in '/media/adrian/sd_linux/sem8/Robotica/drawer_robot/my_car_ws/build/my_car_description': CMAKE_PREFIX_PATH=${CMAKE_PREFIX_PATH}:/opt/ros/jazzy DEBUGINFOD_URLS=https://debuginfod.ubuntu.com /usr/bin/cmake --build /media/adrian/sd_linux/sem8/Robotica/drawer_robot/my_car_ws/build/my_car_description -- -j12 -l12
[0.904s] Invoked command in '/media/adrian/sd_linux/sem8/Robotica/drawer_robot/my_car_ws/build/my_car_description' returned '0': CMAKE_PREFIX_PATH=${CMAKE_PREFIX_PATH}:/opt/ros/jazzy DEBUGINFOD_URLS=https://debuginfod.ubuntu.com /usr/bin/cmake --build /media/adrian/sd_linux/sem8/Robotica/drawer_robot/my_car_ws/build/my_car_description -- -j12 -l12
[0.914s] Invoking command in '/media/adrian/sd_linux/sem8/Robotica/drawer_robot/my_car_ws/build/my_car_description': CMAKE_PREFIX_PATH=${CMAKE_PREFIX_PATH}:/opt/ros/jazzy DEBUGINFOD_URLS=https://debuginfod.ubuntu.com /usr/bin/cmake --install /media/adrian/sd_linux/sem8/Robotica/drawer_robot/my_car_ws/build/my_car_description
[0.922s] -- Install configuration: ""
[0.923s] -- Installing: /media/adrian/sd_linux/sem8/Robotica/drawer_robot/my_car_ws/install/my_car_description/share/my_car_description/urdf
[0.923s] -- Installing: /media/adrian/sd_linux/sem8/Robotica/drawer_robot/my_car_ws/install/my_car_description/share/my_car_description/urdf/my_car.urdf.xacro
[0.923s] -- Installing: /media/adrian/sd_linux/sem8/Robotica/drawer_robot/my_car_ws/install/my_car_description/share/my_car_description/urdf/mobile_base.xacro
[0.923s] -- Installing: /media/adrian/sd_linux/sem8/Robotica/drawer_robot/my_car_ws/install/my_car_description/share/my_car_description/urdf/common_properties.xacro
[0.923s] -- Installing: /media/adrian/sd_linux/sem8/Robotica/drawer_robot/my_car_ws/install/my_car_description/share/my_car_description/rviz
[0.923s] -- Installing: /media/adrian/sd_linux/sem8/Robotica/drawer_robot/my_car_ws/install/my_car_description/share/my_car_description/rviz/urdf_config.rviz
[0.923s] -- Installing: /media/adrian/sd_linux/sem8/Robotica/drawer_robot/my_car_ws/install/my_car_description/share/my_car_description/launch
[0.923s] -- Installing: /media/adrian/sd_linux/sem8/Robotica/drawer_robot/my_car_ws/install/my_car_description/share/my_car_description/launch/display.launch.xml
[0.923s] -- Installing: /media/adrian/sd_linux/sem8/Robotica/drawer_robot/my_car_ws/install/my_car_description/share/ament_index/resource_index/package_run_dependencies/my_car_description
[0.923s] -- Installing: /media/adrian/sd_linux/sem8/Robotica/drawer_robot/my_car_ws/install/my_car_description/share/ament_index/resource_index/parent_prefix_path/my_car_description
[0.924s] -- Installing: /media/adrian/sd_linux/sem8/Robotica/drawer_robot/my_car_ws/install/my_car_description/share/my_car_description/environment/ament_prefix_path.sh
[0.924s] -- Installing: /media/adrian/sd_linux/sem8/Robotica/drawer_robot/my_car_ws/install/my_car_description/share/my_car_description/environment/ament_prefix_path.dsv
[0.924s] -- Installing: /media/adrian/sd_linux/sem8/Robotica/drawer_robot/my_car_ws/install/my_car_description/share/my_car_description/environment/path.sh
[0.924s] -- Installing: /media/adrian/sd_linux/sem8/Robotica/drawer_robot/my_car_ws/install/my_car_description/share/my_car_description/environment/path.dsv
[0.924s] -- Installing: /media/adrian/sd_linux/sem8/Robotica/drawer_robot/my_car_ws/install/my_car_description/share/my_car_description/local_setup.bash
[0.924s] -- Installing: /media/adrian/sd_linux/sem8/Robotica/drawer_robot/my_car_ws/install/my_car_description/share/my_car_description/local_setup.sh
[0.924s] -- Installing: /media/adrian/sd_linux/sem8/Robotica/drawer_robot/my_car_ws/install/my_car_description/share/my_car_description/local_setup.zsh
[0.925s] -- Installing: /media/adrian/sd_linux/sem8/Robotica/drawer_robot/my_car_ws/install/my_car_description/share/my_car_description/local_setup.dsv
[0.925s] -- Installing: /media/adrian/sd_linux/sem8/Robotica/drawer_robot/my_car_ws/install/my_car_description/share/my_car_description/package.dsv
[0.925s] -- Installing: /media/adrian/sd_linux/sem8/Robotica/drawer_robot/my_car_ws/install/my_car_description/share/ament_index/resource_index/packages/my_car_description
[0.925s] -- Installing: /media/adrian/sd_linux/sem8/Robotica/drawer_robot/my_car_ws/install/my_car_description/share/my_car_description/cmake/my_car_descriptionConfig.cmake
[0.925s] -- Installing: /media/adrian/sd_linux/sem8/Robotica/drawer_robot/my_car_ws/install/my_car_description/share/my_car_description/cmake/my_car_descriptionConfig-version.cmake
[0.926s] -- Installing: /media/adrian/sd_linux/sem8/Robotica/drawer_robot/my_car_ws/install/my_car_description/share/my_car_description/package.xml
[0.927s] Invoked command in '/media/adrian/sd_linux/sem8/Robotica/drawer_robot/my_car_ws/build/my_car_description' returned '0': CMAKE_PREFIX_PATH=${CMAKE_PREFIX_PATH}:/opt/ros/jazzy DEBUGINFOD_URLS=https://debuginfod.ubuntu.com /usr/bin/cmake --install /media/adrian/sd_linux/sem8/Robotica/drawer_robot/my_car_ws/build/my_car_description
