running egg_info
writing build/my_drawer/my_drawer.egg-info/PKG-INFO
writing dependency_links to build/my_drawer/my_drawer.egg-info/dependency_links.txt
writing entry points to build/my_drawer/my_drawer.egg-info/entry_points.txt
writing requirements to build/my_drawer/my_drawer.egg-info/requires.txt
writing top-level names to build/my_drawer/my_drawer.egg-info/top_level.txt
reading manifest file 'build/my_drawer/my_drawer.egg-info/SOURCES.txt'
adding license file 'LICENSE'
writing manifest file 'build/my_drawer/my_drawer.egg-info/SOURCES.txt'
running build
running build_py
running install
running install_lib
running install_data
running install_egg_info
removing '/media/adrian/sd_linux/sem8/Robotica/drawer_robot/drawer_ws/src/my_drawer/install/my_drawer/lib/python3.12/site-packages/my_drawer-0.0.0-py3.12.egg-info' (and everything under it)
Copying build/my_drawer/my_drawer.egg-info to /media/adrian/sd_linux/sem8/Robotica/drawer_robot/drawer_ws/src/my_drawer/install/my_drawer/lib/python3.12/site-packages/my_drawer-0.0.0-py3.12.egg-info
running install_scripts
Installing node_drawer script to /media/adrian/sd_linux/sem8/Robotica/drawer_robot/drawer_ws/src/my_drawer/install/my_drawer/lib/my_drawer
writing list of installed files to '/media/adrian/sd_linux/sem8/Robotica/drawer_robot/drawer_ws/src/my_drawer/build/my_drawer/install.log'
