[1.751s] Invoking command in '/media/adrian/sd_linux/sem8/Robotica/drawer_robot/drawer_ws/src/my_drawer': DEBUGINFOD_URLS=https://debuginfod.ubuntu.com PYTHONPATH=/media/adrian/sd_linux/sem8/Robotica/drawer_robot/drawer_ws/src/my_drawer/build/my_drawer/prefix_override:/usr/lib/python3/dist-packages/colcon_core/task/python/colcon_distutils_commands:/media/adrian/sd_linux/sem8/Robotica/drawer_robot/drawer_ws/src/my_drawer/install/my_drawer/lib/python3.12/site-packages:${PYTHONPATH} /usr/bin/python3 -W ignore:setup.py install is deprecated -W ignore:easy_install command is deprecated setup.py egg_info --egg-base build/my_drawer build --build-base /media/adrian/sd_linux/sem8/Robotica/drawer_robot/drawer_ws/src/my_drawer/build/my_drawer/build install --record /media/adrian/sd_linux/sem8/Robotica/drawer_robot/drawer_ws/src/my_drawer/build/my_drawer/install.log --single-version-externally-managed install_data
[2.349s] running egg_info
[2.401s] writing build/my_drawer/my_drawer.egg-info/PKG-INFO
[2.401s] writing dependency_links to build/my_drawer/my_drawer.egg-info/dependency_links.txt
[2.401s] writing entry points to build/my_drawer/my_drawer.egg-info/entry_points.txt
[2.402s] writing requirements to build/my_drawer/my_drawer.egg-info/requires.txt
[2.402s] writing top-level names to build/my_drawer/my_drawer.egg-info/top_level.txt
[2.507s] reading manifest file 'build/my_drawer/my_drawer.egg-info/SOURCES.txt'
[2.508s] adding license file 'LICENSE'
[2.509s] writing manifest file 'build/my_drawer/my_drawer.egg-info/SOURCES.txt'
[2.509s] running build
[2.510s] running build_py
[2.510s] running install
[2.520s] running install_lib
[2.572s] running install_data
[2.572s] running install_egg_info
[2.627s] removing '/media/adrian/sd_linux/sem8/Robotica/drawer_robot/drawer_ws/src/my_drawer/install/my_drawer/lib/python3.12/site-packages/my_drawer-0.0.0-py3.12.egg-info' (and everything under it)
[2.627s] Copying build/my_drawer/my_drawer.egg-info to /media/adrian/sd_linux/sem8/Robotica/drawer_robot/drawer_ws/src/my_drawer/install/my_drawer/lib/python3.12/site-packages/my_drawer-0.0.0-py3.12.egg-info
[2.629s] running install_scripts
[2.954s] Installing node_drawer script to /media/adrian/sd_linux/sem8/Robotica/drawer_robot/drawer_ws/src/my_drawer/install/my_drawer/lib/my_drawer
[2.954s] writing list of installed files to '/media/adrian/sd_linux/sem8/Robotica/drawer_robot/drawer_ws/src/my_drawer/build/my_drawer/install.log'
[2.995s] Invoked command in '/media/adrian/sd_linux/sem8/Robotica/drawer_robot/drawer_ws/src/my_drawer' returned '0': DEBUGINFOD_URLS=https://debuginfod.ubuntu.com PYTHONPATH=/media/adrian/sd_linux/sem8/Robotica/drawer_robot/drawer_ws/src/my_drawer/build/my_drawer/prefix_override:/usr/lib/python3/dist-packages/colcon_core/task/python/colcon_distutils_commands:/media/adrian/sd_linux/sem8/Robotica/drawer_robot/drawer_ws/src/my_drawer/install/my_drawer/lib/python3.12/site-packages:${PYTHONPATH} /usr/bin/python3 -W ignore:setup.py install is deprecated -W ignore:easy_install command is deprecated setup.py egg_info --egg-base build/my_drawer build --build-base /media/adrian/sd_linux/sem8/Robotica/drawer_robot/drawer_ws/src/my_drawer/build/my_drawer/build install --record /media/adrian/sd_linux/sem8/Robotica/drawer_robot/drawer_ws/src/my_drawer/build/my_drawer/install.log --single-version-externally-managed install_data
