[3.103s] Invoking command in '/home/adrian/Desktop/ROS2_playground/SCARA_robot/software/ros_scara_ws/src/box_detector': DEBUGINFOD_URLS=https://debuginfod.ubuntu.com PS1=(py_ros2) %m%# PYTHONPATH=/home/adrian/Desktop/ROS2_playground/SCARA_robot/software/ros_scara_ws/build/box_detector/prefix_override:/usr/lib/python3/dist-packages/colcon_core/task/python/colcon_distutils_commands:/home/adrian/Desktop/ROS2_playground/SCARA_robot/software/ros_scara_ws/install/box_detector/lib/python3.12/site-packages:${PYTHONPATH} VIRTUAL_ENV_PROMPT=(py_ros2) /usr/bin/python3 -W ignore:setup.py install is deprecated -W ignore:easy_install command is deprecated setup.py egg_info --egg-base ../../build/box_detector build --build-base /home/adrian/Desktop/ROS2_playground/SCARA_robot/software/ros_scara_ws/build/box_detector/build install --record /home/adrian/Desktop/ROS2_playground/SCARA_robot/software/ros_scara_ws/build/box_detector/install.log --single-version-externally-managed install_data
[4.013s] running egg_info
[4.092s] writing ../../build/box_detector/box_detector.egg-info/PKG-INFO
[4.098s] writing dependency_links to ../../build/box_detector/box_detector.egg-info/dependency_links.txt
[4.099s] writing entry points to ../../build/box_detector/box_detector.egg-info/entry_points.txt
[4.099s] writing requirements to ../../build/box_detector/box_detector.egg-info/requires.txt
[4.100s] writing top-level names to ../../build/box_detector/box_detector.egg-info/top_level.txt
[4.249s] reading manifest file '../../build/box_detector/box_detector.egg-info/SOURCES.txt'
[4.255s] adding license file 'LICENSE'
[4.257s] writing manifest file '../../build/box_detector/box_detector.egg-info/SOURCES.txt'
[4.258s] running build
[4.258s] running build_py
[4.258s] copying box_detector/ros_bridge_server.py -> /home/adrian/Desktop/ROS2_playground/SCARA_robot/software/ros_scara_ws/build/box_detector/build/lib/box_detector
[4.259s] running install
[4.276s] running install_lib
[4.352s] copying /home/adrian/Desktop/ROS2_playground/SCARA_robot/software/ros_scara_ws/build/box_detector/build/lib/box_detector/ros_bridge_server.py -> /home/adrian/Desktop/ROS2_playground/SCARA_robot/software/ros_scara_ws/install/box_detector/lib/python3.12/site-packages/box_detector
[4.354s] byte-compiling /home/adrian/Desktop/ROS2_playground/SCARA_robot/software/ros_scara_ws/install/box_detector/lib/python3.12/site-packages/box_detector/ros_bridge_server.py to ros_bridge_server.cpython-312.pyc
[4.359s] running install_data
[4.359s] running install_egg_info
[4.437s] removing '/home/adrian/Desktop/ROS2_playground/SCARA_robot/software/ros_scara_ws/install/box_detector/lib/python3.12/site-packages/box_detector-0.0.0-py3.12.egg-info' (and everything under it)
[4.438s] Copying ../../build/box_detector/box_detector.egg-info to /home/adrian/Desktop/ROS2_playground/SCARA_robot/software/ros_scara_ws/install/box_detector/lib/python3.12/site-packages/box_detector-0.0.0-py3.12.egg-info
[4.442s] running install_scripts
[4.913s] Installing box_node script to /home/adrian/Desktop/ROS2_playground/SCARA_robot/software/ros_scara_ws/install/box_detector/lib/box_detector
[4.913s] Installing cam_demo_node script to /home/adrian/Desktop/ROS2_playground/SCARA_robot/software/ros_scara_ws/install/box_detector/lib/box_detector
[4.914s] Installing remote_cam script to /home/adrian/Desktop/ROS2_playground/SCARA_robot/software/ros_scara_ws/install/box_detector/lib/box_detector
[4.915s] writing list of installed files to '/home/adrian/Desktop/ROS2_playground/SCARA_robot/software/ros_scara_ws/build/box_detector/install.log'
[4.986s] Invoked command in '/home/adrian/Desktop/ROS2_playground/SCARA_robot/software/ros_scara_ws/src/box_detector' returned '0': DEBUGINFOD_URLS=https://debuginfod.ubuntu.com PS1=(py_ros2) %m%# PYTHONPATH=/home/adrian/Desktop/ROS2_playground/SCARA_robot/software/ros_scara_ws/build/box_detector/prefix_override:/usr/lib/python3/dist-packages/colcon_core/task/python/colcon_distutils_commands:/home/adrian/Desktop/ROS2_playground/SCARA_robot/software/ros_scara_ws/install/box_detector/lib/python3.12/site-packages:${PYTHONPATH} VIRTUAL_ENV_PROMPT=(py_ros2) /usr/bin/python3 -W ignore:setup.py install is deprecated -W ignore:easy_install command is deprecated setup.py egg_info --egg-base ../../build/box_detector build --build-base /home/adrian/Desktop/ROS2_playground/SCARA_robot/software/ros_scara_ws/build/box_detector/build install --record /home/adrian/Desktop/ROS2_playground/SCARA_robot/software/ros_scara_ws/build/box_detector/install.log --single-version-externally-managed install_data
