[0.000000] (-) TimerEvent: {}
[0.000571] (-) JobUnselected: {'identifier': 'custom_msg_svrs'}
[0.000920] (-) JobUnselected: {'identifier': 'drive_base_msgs'}
[0.000970] (-) JobUnselected: {'identifier': 'micro_ros_agent'}
[0.000992] (-) JobUnselected: {'identifier': 'micro_ros_msgs'}
[0.001011] (-) JobUnselected: {'identifier': 'micro_ros_setup'}
[0.001028] (-) JobUnselected: {'identifier': 'plc_chat'}
[0.001082] (-) JobUnselected: {'identifier': 'scara_control'}
[0.001105] (box_detector) JobQueued: {'identifier': 'box_detector', 'dependencies': OrderedDict()}
[0.001138] (box_detector) JobStarted: {'identifier': 'box_detector'}
[0.099484] (-) TimerEvent: {}
[0.199826] (-) TimerEvent: {}
[0.300167] (-) TimerEvent: {}
[0.400667] (-) TimerEvent: {}
[0.501014] (-) TimerEvent: {}
[0.601405] (-) TimerEvent: {}
[0.701781] (-) TimerEvent: {}
[0.802097] (-) TimerEvent: {}
[0.902447] (-) TimerEvent: {}
[1.002738] (-) TimerEvent: {}
[1.103079] (-) TimerEvent: {}
[1.203340] (-) TimerEvent: {}
[1.303608] (-) TimerEvent: {}
[1.403919] (-) TimerEvent: {}
[1.478443] (box_detector) Command: {'cmd': ['/usr/bin/python3', '-W', 'ignore:setup.py install is deprecated', '-W', 'ignore:easy_install command is deprecated', 'setup.py', 'egg_info', '--egg-base', '../../build/box_detector', 'build', '--build-base', '/home/adrian/Desktop/ROS2_playground/SCARA_robot/software/ros_scara_ws/build/box_detector/build', 'install', '--record', '/home/adrian/Desktop/ROS2_playground/SCARA_robot/software/ros_scara_ws/build/box_detector/install.log', '--single-version-externally-managed', 'install_data'], 'cwd': '/home/adrian/Desktop/ROS2_playground/SCARA_robot/software/ros_scara_ws/src/box_detector', 'env': {'GJS_DEBUG_TOPICS': 'JS ERROR;JS LOG', 'USER': 'adrian', 'LANGUAGE': 'en_US:en', 'LC_TIME': 'es_MX.UTF-8', 'PT8HOME': '/opt/pt', 'GZ_CONFIG_PATH': '/opt/ros/jazzy/opt/gz_sim_vendor/share/gz:/opt/ros/jazzy/opt/sdformat_vendor/share/gz:/opt/ros/jazzy/opt/gz_gui_vendor/share/gz:/opt/ros/jazzy/opt/gz_transport_vendor/share/gz:/opt/ros/jazzy/opt/gz_rendering_vendor/share/gz:/opt/ros/jazzy/opt/gz_plugin_vendor/share/gz:/opt/ros/jazzy/opt/gz_fuel_tools_vendor/share/gz:/opt/ros/jazzy/opt/gz_msgs_vendor/share/gz:/opt/ros/jazzy/opt/gz_common_vendor/share/gz', 'XDG_SESSION_TYPE': 'x11', 'GIT_ASKPASS': '/usr/share/code/resources/app/extensions/git/dist/askpass.sh', 'SHLVL': '1', 'CLUTTER_DISABLE_MIPMAPPED_TEXT': '1', 'LD_LIBRARY_PATH': '/opt/ros/jazzy/opt/gz_sim_vendor/lib:/opt/ros/jazzy/opt/gz_sensors_vendor/lib:/opt/ros/jazzy/opt/gz_physics_vendor/lib:/opt/ros/jazzy/opt/sdformat_vendor/lib:/opt/ros/jazzy/opt/rviz_ogre_vendor/lib:/opt/ros/jazzy/lib/x86_64-linux-gnu:/opt/ros/jazzy/opt/gz_gui_vendor/lib:/opt/ros/jazzy/opt/gz_transport_vendor/lib:/opt/ros/jazzy/opt/gz_rendering_vendor/lib:/opt/ros/jazzy/opt/gz_plugin_vendor/lib:/opt/ros/jazzy/opt/gz_fuel_tools_vendor/lib:/opt/ros/jazzy/opt/gz_msgs_vendor/lib:/opt/ros/jazzy/opt/gz_common_vendor/lib:/opt/ros/jazzy/opt/gz_math_vendor/lib:/opt/ros/jazzy/opt/gz_utils_vendor/lib:/opt/ros/jazzy/opt/gz_tools_vendor/lib:/opt/ros/jazzy/opt/gz_ogre_next_vendor/lib:/opt/ros/jazzy/opt/gz_dartsim_vendor/lib:/opt/ros/jazzy/opt/gz_cmake_vendor/lib:/opt/ros/jazzy/lib', 'HOME': '/home/adrian', 'CHROME_DESKTOP': 'code.desktop', 'OLDPWD': '/home/adrian/Desktop/ROS2_playground/SCARA_robot/software/ros_scara_ws', 'DESKTOP_SESSION': 'ubuntu', 'TERM_PROGRAM_VERSION': '1.98.0', 'GIO_LAUNCHED_DESKTOP_FILE': '/usr/share/applications/code.desktop', 'GTK_MODULES': 'gail:atk-bridge', 'GNOME_SHELL_SESSION_MODE': 'ubuntu', 'ROS_PYTHON_VERSION': '3', 'VSCODE_GIT_ASKPASS_MAIN': '/usr/share/code/resources/app/extensions/git/dist/askpass-main.js', 'PS1': '(py_ros2) %m%#', 'LC_MONETARY': 'es_MX.UTF-8', 'MANAGERPID': '1839', 'VSCODE_GIT_ASKPASS_NODE': '/usr/share/code/code', 'DBUS_SESSION_BUS_ADDRESS': 'unix:path=/run/user/1000/bus', 'GSM_SKIP_SSH_AGENT_WORKAROUND': 'true', 'SYSTEMD_EXEC_PID': '2391', 'ROS_STATIC_PEERS': '100.71.254.8', 'PYDEVD_DISABLE_FILE_VALIDATION': '1', 'BUNDLED_DEBUGPY_PATH': '/home/adrian/.vscode/extensions/ms-python.debugpy-2025.8.0-linux-x64/bundled/libs/debugpy', 'P9K_TTY': 'old', 'GIO_LAUNCHED_DESKTOP_FILE_PID': '3661', 'COLORTERM': 'truecolor', 'DEBUGINFOD_URLS': 'https://debuginfod.ubuntu.com', 'ZPFX': '/home/adrian/.local/share/zinit/polaris', 'ROS_DISTRO': 'jazzy', 'LOGNAME': 'adrian', 'JOURNAL_STREAM': '8:16834', '_P9K_SSH_TTY': '/dev/pts/15', '_': '/usr/bin/colcon', 'XDG_SESSION_CLASS': 'user', 'MEMORY_PRESSURE_WATCH': '/sys/fs/cgroup/user.slice/user-1000.slice/user@1000.service/session.slice/org.gnome.Shell@x11.service/memory.pressure', 'ROS_VERSION': '2', 'USER_ZDOTDIR': '/home/adrian', 'USERNAME': 'adrian', 'FUNCNEST': '100', 'TERM': 'xterm-256color', 'GNOME_DESKTOP_SESSION_ID': 'this-is-deprecated', 'ROS_LOCALHOST_ONLY': '0', 'WINDOWPATH': '2', 'ZSH_CACHE_DIR': '/home/adrian/.cache/zinit', 'PMSPEC': '0uUpiPsf', 'PATH': '/home/adrian/.vscode/extensions/ms-python.python-2025.8.0-linux-x64/python_files/deactivate/zsh:/home/adrian/py_ros2/bin:/home/adrian/.vscode/extensions/ms-python.python-2025.8.0-linux-x64/python_files/deactivate/zsh:/home/adrian/py_ros2/bin:/opt/ros/jazzy/opt/gz_msgs_vendor/bin:/opt/ros/jazzy/opt/gz_tools_vendor/bin:/opt/ros/jazzy/opt/gz_ogre_next_vendor/bin:/opt/ros/jazzy/bin:/home/adrian/.local/share/zinit/polaris/bin:/home/adrian/.cargo/bin:/home/adrian/.local/bin:/usr/local/sbin:/usr/local/bin:/usr/sbin:/usr/bin:/sbin:/bin:/usr/games:/usr/local/games:/snap/bin:/snap/bin', 'PAPERSIZE': 'letter', 'SESSION_MANAGER': 'local/laptop:@/tmp/.ICE-unix/2342,unix/laptop:/tmp/.ICE-unix/2342', 'INVOCATION_ID': '92e0db8bf6f24aecbcdb0a4bbb30a8ea', 'XDG_RUNTIME_DIR': '/run/user/1000', 'LC_ADDRESS': 'es_MX.UTF-8', 'XDG_MENU_PREFIX': 'gnome-', 'GDK_BACKEND': 'x11', 'DISPLAY': ':0', 'LANG': 'en_US.UTF-8', 'LC_TELEPHONE': 'es_MX.UTF-8', 'XDG_CURRENT_DESKTOP': 'Unity', 'RMW_IMPLEMENTATION': 'rmw_fastrtps_cpp', 'VSCODE_DEBUGPY_ADAPTER_ENDPOINTS': '/home/adrian/.vscode/extensions/ms-python.debugpy-2025.8.0-linux-x64/.noConfigDebugAdapterEndpoints/endpoint-d384532af5ea6b98.txt', 'VIRTUAL_ENV_PROMPT': '(py_ros2)', 'VSCODE_INJECTION': '1', 'XAUTHORITY': '/run/user/1000/gdm/Xauthority', 'XDG_SESSION_DESKTOP': 'ubuntu', 'XMODIFIERS': '@im=ibus', 'TERM_PROGRAM': 'vscode', 'VSCODE_GIT_IPC_HANDLE': '/run/user/1000/vscode-git-961a0a0869.sock', 'SSH_AUTH_SOCK': '/run/user/1000/keyring/ssh', 'ORIGINAL_XDG_CURRENT_DESKTOP': 'ubuntu:GNOME', 'AMENT_PREFIX_PATH': '/opt/ros/jazzy', 'SHELL': '/bin/zsh', 'LC_NAME': 'es_MX.UTF-8', 'QT_ACCESSIBILITY': '1', 'GDMSESSION': 'ubuntu', 'GIT_DISCOVERY_ACROSS_FILESYSTEM': '1', 'IGN_GAZEBO_RESOURCE_PATH': '/opt/ros/jazzy/share', 'LC_MEASUREMENT': 'es_MX.UTF-8', 'GPG_AGENT_INFO': '/run/user/1000/gnupg/S.gpg-agent:0:1', 'LC_IDENTIFICATION': 'es_MX.UTF-8', 'GJS_DEBUG_OUTPUT': 'stderr', 'P9K_SSH': '0', 'QT_IM_MODULE': 'ibus', 'ROS_AUTOMATIC_DISCOVERY_RANGE': 'SUBNET', 'VSCODE_GIT_ASKPASS_EXTRA_ARGS': '', 'VIRTUAL_ENV': '/home/adrian/py_ros2', 'VSCODE_NONCE': 'dcfde53d-1fc9-486f-adf1-a693f1b81df1', 'LC_ALL': 'en_US.UTF-8', 'PWD': '/home/adrian/Desktop/ROS2_playground/SCARA_robot/software/ros_scara_ws/build/box_detector', 'XDG_DATA_DIRS': '/usr/share/ubuntu:/usr/share/gnome:/usr/local/share/:/usr/share/:/var/lib/snapd/desktop', 'XDG_CONFIG_DIRS': '/etc/xdg/xdg-ubuntu:/etc/xdg', 'ZDOTDIR': '/home/adrian', '_P9K_TTY': '/dev/pts/15', 'LC_NUMERIC': 'es_MX.UTF-8', 'PYTHONPATH': '/home/adrian/Desktop/ROS2_playground/SCARA_robot/software/ros_scara_ws/build/box_detector/prefix_override:/usr/lib/python3/dist-packages/colcon_core/task/python/colcon_distutils_commands:/home/adrian/Desktop/ROS2_playground/SCARA_robot/software/ros_scara_ws/install/box_detector/lib/python3.12/site-packages:/opt/ros/jazzy/lib/python3.12/site-packages', 'LC_PAPER': 'es_MX.UTF-8', 'COLCON': '1', 'MEMORY_PRESSURE_WRITE': 'c29tZSAyMDAwMDAgMjAwMDAwMAA=', 'CMAKE_PREFIX_PATH': '/opt/ros/jazzy/opt/gz_sim_vendor:/opt/ros/jazzy/opt/gz_sensors_vendor:/opt/ros/jazzy/opt/gz_physics_vendor:/opt/ros/jazzy/opt/sdformat_vendor:/opt/ros/jazzy/opt/gz_gui_vendor:/opt/ros/jazzy/opt/gz_transport_vendor:/opt/ros/jazzy/opt/gz_rendering_vendor:/opt/ros/jazzy/opt/gz_plugin_vendor:/opt/ros/jazzy/opt/gz_fuel_tools_vendor:/opt/ros/jazzy/opt/gz_msgs_vendor:/opt/ros/jazzy/opt/gz_common_vendor:/opt/ros/jazzy/opt/gz_math_vendor:/opt/ros/jazzy/opt/gz_utils_vendor:/opt/ros/jazzy/opt/gz_tools_vendor:/opt/ros/jazzy/opt/gz_ogre_next_vendor:/opt/ros/jazzy/opt/gz_dartsim_vendor:/opt/ros/jazzy/opt/gz_cmake_vendor', 'LIBGL_DRIVERS_PATH': '/usr/lib/x86_64-linux-gnu/dri'}, 'shell': False}
[1.504083] (-) TimerEvent: {}
[1.604491] (-) TimerEvent: {}
[1.704870] (-) TimerEvent: {}
[1.805151] (-) TimerEvent: {}
[1.905417] (-) TimerEvent: {}
[1.914450] (box_detector) StdoutLine: {'line': b'running egg_info\n'}
[1.950412] (box_detector) StdoutLine: {'line': b'writing ../../build/box_detector/box_detector.egg-info/PKG-INFO\n'}
[1.950924] (box_detector) StdoutLine: {'line': b'writing dependency_links to ../../build/box_detector/box_detector.egg-info/dependency_links.txt\n'}
[1.951306] (box_detector) StdoutLine: {'line': b'writing entry points to ../../build/box_detector/box_detector.egg-info/entry_points.txt\n'}
[1.952546] (box_detector) StdoutLine: {'line': b'writing requirements to ../../build/box_detector/box_detector.egg-info/requires.txt\n'}
[1.952748] (box_detector) StdoutLine: {'line': b'writing top-level names to ../../build/box_detector/box_detector.egg-info/top_level.txt\n'}
[2.005521] (-) TimerEvent: {}
[2.039988] (box_detector) StdoutLine: {'line': b"reading manifest file '../../build/box_detector/box_detector.egg-info/SOURCES.txt'\n"}
[2.040468] (box_detector) StdoutLine: {'line': b"adding license file 'LICENSE'\n"}
[2.041321] (box_detector) StdoutLine: {'line': b"writing manifest file '../../build/box_detector/box_detector.egg-info/SOURCES.txt'\n"}
[2.041567] (box_detector) StdoutLine: {'line': b'running build\n'}
[2.041701] (box_detector) StdoutLine: {'line': b'running build_py\n'}
[2.041883] (box_detector) StdoutLine: {'line': b'copying box_detector/ros_bridge_server.py -> /home/adrian/Desktop/ROS2_playground/SCARA_robot/software/ros_scara_ws/build/box_detector/build/lib/box_detector\n'}
[2.042422] (box_detector) StdoutLine: {'line': b'running install\n'}
[2.051356] (box_detector) StdoutLine: {'line': b'running install_lib\n'}
[2.088444] (box_detector) StdoutLine: {'line': b'copying /home/adrian/Desktop/ROS2_playground/SCARA_robot/software/ros_scara_ws/build/box_detector/build/lib/box_detector/ros_bridge_server.py -> /home/adrian/Desktop/ROS2_playground/SCARA_robot/software/ros_scara_ws/install/box_detector/lib/python3.12/site-packages/box_detector\n'}
[2.089434] (box_detector) StdoutLine: {'line': b'byte-compiling /home/adrian/Desktop/ROS2_playground/SCARA_robot/software/ros_scara_ws/install/box_detector/lib/python3.12/site-packages/box_detector/ros_bridge_server.py to ros_bridge_server.cpython-312.pyc\n'}
[2.092193] (box_detector) StdoutLine: {'line': b'running install_data\n'}
[2.092404] (box_detector) StdoutLine: {'line': b'running install_egg_info\n'}
[2.105624] (-) TimerEvent: {}
[2.130973] (box_detector) StdoutLine: {'line': b"removing '/home/adrian/Desktop/ROS2_playground/SCARA_robot/software/ros_scara_ws/install/box_detector/lib/python3.12/site-packages/box_detector-0.0.0-py3.12.egg-info' (and everything under it)\n"}
[2.131601] (box_detector) StdoutLine: {'line': b'Copying ../../build/box_detector/box_detector.egg-info to /home/adrian/Desktop/ROS2_playground/SCARA_robot/software/ros_scara_ws/install/box_detector/lib/python3.12/site-packages/box_detector-0.0.0-py3.12.egg-info\n'}
[2.133408] (box_detector) StdoutLine: {'line': b'running install_scripts\n'}
[2.205729] (-) TimerEvent: {}
[2.306106] (-) TimerEvent: {}
[2.360463] (box_detector) StdoutLine: {'line': b'Installing box_node script to /home/adrian/Desktop/ROS2_playground/SCARA_robot/software/ros_scara_ws/install/box_detector/lib/box_detector\n'}
[2.360758] (box_detector) StdoutLine: {'line': b'Installing cam_demo_node script to /home/adrian/Desktop/ROS2_playground/SCARA_robot/software/ros_scara_ws/install/box_detector/lib/box_detector\n'}
[2.360950] (box_detector) StdoutLine: {'line': b'Installing remote_cam script to /home/adrian/Desktop/ROS2_playground/SCARA_robot/software/ros_scara_ws/install/box_detector/lib/box_detector\n'}
[2.361315] (box_detector) StdoutLine: {'line': b"writing list of installed files to '/home/adrian/Desktop/ROS2_playground/SCARA_robot/software/ros_scara_ws/build/box_detector/install.log'\n"}
[2.401525] (box_detector) CommandEnded: {'returncode': 0}
[2.406173] (-) TimerEvent: {}
[2.414736] (box_detector) JobEnded: {'identifier': 'box_detector', 'rc': 0}
[2.415909] (-) EventReactorShutdown: {}
