[1.478s] Invoking command in '/home/adrian/Desktop/ROS2_playground/SCARA_robot/software/ros_scara_ws/src/box_detector': DEBUGINFOD_URLS=https://debuginfod.ubuntu.com PS1=(py_ros2) %m%# PYTHONPATH=/home/adrian/Desktop/ROS2_playground/SCARA_robot/software/ros_scara_ws/build/box_detector/prefix_override:/usr/lib/python3/dist-packages/colcon_core/task/python/colcon_distutils_commands:/home/adrian/Desktop/ROS2_playground/SCARA_robot/software/ros_scara_ws/install/box_detector/lib/python3.12/site-packages:${PYTHONPATH} VIRTUAL_ENV_PROMPT=(py_ros2) /usr/bin/python3 -W ignore:setup.py install is deprecated -W ignore:easy_install command is deprecated setup.py egg_info --egg-base ../../build/box_detector build --build-base /home/adrian/Desktop/ROS2_playground/SCARA_robot/software/ros_scara_ws/build/box_detector/build install --record /home/adrian/Desktop/ROS2_playground/SCARA_robot/software/ros_scara_ws/build/box_detector/install.log --single-version-externally-managed install_data
[1.914s] running egg_info
[1.950s] writing ../../build/box_detector/box_detector.egg-info/PKG-INFO
[1.950s] writing dependency_links to ../../build/box_detector/box_detector.egg-info/dependency_links.txt
[1.950s] writing entry points to ../../build/box_detector/box_detector.egg-info/entry_points.txt
[1.952s] writing requirements to ../../build/box_detector/box_detector.egg-info/requires.txt
[1.952s] writing top-level names to ../../build/box_detector/box_detector.egg-info/top_level.txt
[2.039s] reading manifest file '../../build/box_detector/box_detector.egg-info/SOURCES.txt'
[2.039s] adding license file 'LICENSE'
[2.040s] writing manifest file '../../build/box_detector/box_detector.egg-info/SOURCES.txt'
[2.041s] running build
[2.041s] running build_py
[2.041s] copying box_detector/ros_bridge_server.py -> /home/adrian/Desktop/ROS2_playground/SCARA_robot/software/ros_scara_ws/build/box_detector/build/lib/box_detector
[2.041s] running install
[2.051s] running install_lib
[2.088s] copying /home/adrian/Desktop/ROS2_playground/SCARA_robot/software/ros_scara_ws/build/box_detector/build/lib/box_detector/ros_bridge_server.py -> /home/adrian/Desktop/ROS2_playground/SCARA_robot/software/ros_scara_ws/install/box_detector/lib/python3.12/site-packages/box_detector
[2.088s] byte-compiling /home/adrian/Desktop/ROS2_playground/SCARA_robot/software/ros_scara_ws/install/box_detector/lib/python3.12/site-packages/box_detector/ros_bridge_server.py to ros_bridge_server.cpython-312.pyc
[2.091s] running install_data
[2.091s] running install_egg_info
[2.130s] removing '/home/adrian/Desktop/ROS2_playground/SCARA_robot/software/ros_scara_ws/install/box_detector/lib/python3.12/site-packages/box_detector-0.0.0-py3.12.egg-info' (and everything under it)
[2.131s] Copying ../../build/box_detector/box_detector.egg-info to /home/adrian/Desktop/ROS2_playground/SCARA_robot/software/ros_scara_ws/install/box_detector/lib/python3.12/site-packages/box_detector-0.0.0-py3.12.egg-info
[2.132s] running install_scripts
[2.360s] Installing box_node script to /home/adrian/Desktop/ROS2_playground/SCARA_robot/software/ros_scara_ws/install/box_detector/lib/box_detector
[2.360s] Installing cam_demo_node script to /home/adrian/Desktop/ROS2_playground/SCARA_robot/software/ros_scara_ws/install/box_detector/lib/box_detector
[2.360s] Installing remote_cam script to /home/adrian/Desktop/ROS2_playground/SCARA_robot/software/ros_scara_ws/install/box_detector/lib/box_detector
[2.360s] writing list of installed files to '/home/adrian/Desktop/ROS2_playground/SCARA_robot/software/ros_scara_ws/build/box_detector/install.log'
[2.401s] Invoked command in '/home/adrian/Desktop/ROS2_playground/SCARA_robot/software/ros_scara_ws/src/box_detector' returned '0': DEBUGINFOD_URLS=https://debuginfod.ubuntu.com PS1=(py_ros2) %m%# PYTHONPATH=/home/adrian/Desktop/ROS2_playground/SCARA_robot/software/ros_scara_ws/build/box_detector/prefix_override:/usr/lib/python3/dist-packages/colcon_core/task/python/colcon_distutils_commands:/home/adrian/Desktop/ROS2_playground/SCARA_robot/software/ros_scara_ws/install/box_detector/lib/python3.12/site-packages:${PYTHONPATH} VIRTUAL_ENV_PROMPT=(py_ros2) /usr/bin/python3 -W ignore:setup.py install is deprecated -W ignore:easy_install command is deprecated setup.py egg_info --egg-base ../../build/box_detector build --build-base /home/adrian/Desktop/ROS2_playground/SCARA_robot/software/ros_scara_ws/build/box_detector/build install --record /home/adrian/Desktop/ROS2_playground/SCARA_robot/software/ros_scara_ws/build/box_detector/install.log --single-version-externally-managed install_data
