[0.044s] Invoking command in '/home/adrian/Desktop/ROS2_playground/SCARA_robot/software/ros_scara_ws/build/custom_msg_svrs': CMAKE_PREFIX_PATH=${CMAKE_PREFIX_PATH}:/home/adrian/Desktop/ROS2_playground/SCARA_robot/software/ros_scara_ws/install/scara_control:/home/adrian/Desktop/ROS2_playground/SCARA_robot/software/ros_scara_ws/install/plc_chat:/home/adrian/Desktop/ROS2_playground/SCARA_robot/software/ros_scara_ws/install/box_detector:/opt/ros/jazzy DEBUGINFOD_URLS=https://debuginfod.ubuntu.com PS1=(py_ros2) %m%# VIRTUAL_ENV_PROMPT=(py_ros2) /usr/bin/cmake --build /home/adrian/Desktop/ROS2_playground/SCARA_robot/software/ros_scara_ws/build/custom_msg_svrs -- -j12 -l12
[0.174s] -- Found ament_cmake: 2.5.4 (/opt/ros/jazzy/share/ament_cmake/cmake)
[0.265s] -- Found Python3: /home/adrian/py_ros2/bin/python3 (found version "3.12.3") found components: Interpreter 
[0.508s] -- Found rosidl_default_generators: 1.6.0 (/opt/ros/jazzy/share/rosidl_default_generators/cmake)
[0.519s] -- Using all available rosidl_typesupport_c: rosidl_typesupport_fastrtps_c;rosidl_typesupport_introspection_c
[0.644s] -- Using all available rosidl_typesupport_cpp: rosidl_typesupport_fastrtps_cpp;rosidl_typesupport_introspection_cpp
[0.739s] -- Found rosidl_adapter: 4.6.5 (/opt/ros/jazzy/share/rosidl_adapter/cmake)
[0.746s] -- Found std_msgs: 5.3.6 (/opt/ros/jazzy/share/std_msgs/cmake)
[1.604s] -- Found ament_cmake_ros: 0.12.0 (/opt/ros/jazzy/share/ament_cmake_ros/cmake)
[1.983s] -- Using all available rosidl_typesupport_c: rosidl_typesupport_fastrtps_c;rosidl_typesupport_introspection_c
[2.466s] -- Using all available rosidl_typesupport_cpp: rosidl_typesupport_fastrtps_cpp;rosidl_typesupport_introspection_cpp
[2.470s] -- Found python_cmake_module: 0.11.1 (/opt/ros/jazzy/share/python_cmake_module/cmake)
[3.187s] -- Found Python3: /home/adrian/py_ros2/bin/python3 (found version "3.12.3") found components: Interpreter Development NumPy Development.Module Development.Embed 
[3.255s] -- Found ament_lint_auto: 0.17.2 (/opt/ros/jazzy/share/ament_lint_auto/cmake)
[3.302s] -- Added test 'copyright' to check source files copyright and LICENSE
[3.309s] -- Added test 'lint_cmake' to check CMake code style
[3.313s] -- Added test 'xmllint' to check XML markup files
[3.323s] -- Configuring done (3.2s)
[3.459s] -- Generating done (0.1s)
[3.496s] -- Build files have been written to: /home/adrian/Desktop/ROS2_playground/SCARA_robot/software/ros_scara_ws/build/custom_msg_svrs
[3.604s] [  2%] [34m[1mGenerating type hashes for ROS interfaces[0m
[3.637s] [  2%] Built target ament_cmake_python_copy_custom_msg_svrs
[4.210s] [  2%] Built target custom_msg_svrs__rosidl_generator_type_description
[4.242s] [  5%] [34m[1mGenerating C code for ROS interfaces[0m
[4.278s] [  8%] [34m[1mGenerating C++ code for ROS interfaces[0m
[4.361s] running egg_info
[4.438s] writing custom_msg_svrs.egg-info/PKG-INFO
[4.439s] writing dependency_links to custom_msg_svrs.egg-info/dependency_links.txt
[4.439s] writing top-level names to custom_msg_svrs.egg-info/top_level.txt
[4.675s] reading manifest file 'custom_msg_svrs.egg-info/SOURCES.txt'
[4.682s] writing manifest file 'custom_msg_svrs.egg-info/SOURCES.txt'
[4.760s] [  8%] Built target ament_cmake_python_build_custom_msg_svrs_egg
[5.089s] [  8%] Built target custom_msg_svrs__cpp
[5.115s] [ 14%] [32mBuilding C object CMakeFiles/custom_msg_svrs__rosidl_generator_c.dir/rosidl_generator_c/custom_msg_svrs/srv/detail/motor_control__description.c.o[0m
[5.115s] [ 14%] [32mBuilding C object CMakeFiles/custom_msg_svrs__rosidl_generator_c.dir/rosidl_generator_c/custom_msg_svrs/srv/detail/motor_control__functions.c.o[0m
[5.116s] [ 17%] [32mBuilding C object CMakeFiles/custom_msg_svrs__rosidl_generator_c.dir/rosidl_generator_c/custom_msg_svrs/srv/detail/motor_control__type_support.c.o[0m
[5.345s] [ 20%] [32m[1mLinking C shared library libcustom_msg_svrs__rosidl_generator_c.so[0m
[5.467s] [ 20%] Built target custom_msg_svrs__rosidl_generator_c
[5.499s] [ 23%] [34m[1mGenerating C type support for eProsima Fast-RTPS[0m
[5.499s] [ 26%] [34m[1mGenerating C introspection for ROS interfaces[0m
[5.504s] [ 29%] [34m[1mGenerating C type support dispatch for ROS interfaces[0m
[5.505s] [ 32%] [34m[1mGenerating C++ introspection for ROS interfaces[0m
[5.506s] [ 35%] [34m[1mGenerating C++ type support for eProsima Fast-RTPS[0m
[5.507s] [ 38%] [34m[1mGenerating C++ type support dispatch for ROS interfaces[0m
[6.419s] [ 41%] [32mBuilding CXX object CMakeFiles/custom_msg_svrs__rosidl_typesupport_cpp.dir/rosidl_typesupport_cpp/custom_msg_svrs/srv/motor_control__type_support.cpp.o[0m
[6.438s] [ 44%] [32mBuilding CXX object CMakeFiles/custom_msg_svrs__rosidl_typesupport_c.dir/rosidl_typesupport_c/custom_msg_svrs/srv/motor_control__type_support.cpp.o[0m
[6.464s] [ 47%] [32mBuilding C object CMakeFiles/custom_msg_svrs__rosidl_typesupport_introspection_c.dir/rosidl_typesupport_introspection_c/custom_msg_svrs/srv/detail/motor_control__type_support.c.o[0m
[6.474s] [ 50%] [32mBuilding CXX object CMakeFiles/custom_msg_svrs__rosidl_typesupport_introspection_cpp.dir/rosidl_typesupport_introspection_cpp/custom_msg_svrs/srv/detail/motor_control__type_support.cpp.o[0m
[6.586s] [ 52%] [32mBuilding CXX object CMakeFiles/custom_msg_svrs__rosidl_typesupport_fastrtps_cpp.dir/rosidl_typesupport_fastrtps_cpp/custom_msg_svrs/srv/detail/dds_fastrtps/motor_control__type_support.cpp.o[0m
[6.590s] [ 55%] [32mBuilding CXX object CMakeFiles/custom_msg_svrs__rosidl_typesupport_fastrtps_c.dir/rosidl_typesupport_fastrtps_c/custom_msg_svrs/srv/detail/motor_control__type_support_c.cpp.o[0m
[6.599s] [ 58%] [32m[1mLinking C shared library libcustom_msg_svrs__rosidl_typesupport_introspection_c.so[0m
[6.629s] [ 61%] [32m[1mLinking CXX shared library libcustom_msg_svrs__rosidl_typesupport_c.so[0m
[6.692s] [ 61%] Built target custom_msg_svrs__rosidl_typesupport_introspection_c
[6.753s] [ 61%] Built target custom_msg_svrs__rosidl_typesupport_c
[7.249s] [ 64%] [32m[1mLinking CXX shared library libcustom_msg_svrs__rosidl_typesupport_cpp.so[0m
[7.294s] [ 67%] [32m[1mLinking CXX shared library libcustom_msg_svrs__rosidl_typesupport_introspection_cpp.so[0m
[7.385s] [ 67%] Built target custom_msg_svrs__rosidl_typesupport_cpp
[7.421s] [ 67%] Built target custom_msg_svrs__rosidl_typesupport_introspection_cpp
[7.467s] [ 70%] [32m[1mLinking CXX shared library libcustom_msg_svrs__rosidl_typesupport_fastrtps_c.so[0m
[7.543s] [ 70%] Built target custom_msg_svrs__rosidl_typesupport_fastrtps_c
[7.591s] [ 73%] [32m[1mLinking CXX shared library libcustom_msg_svrs__rosidl_typesupport_fastrtps_cpp.so[0m
[7.698s] [ 73%] Built target custom_msg_svrs__rosidl_typesupport_fastrtps_cpp
[7.731s] [ 73%] Built target custom_msg_svrs
[7.767s] [ 76%] [34m[1mGenerating Python code for ROS interfaces[0m
[8.221s] [ 76%] Built target custom_msg_svrs__py
[8.255s] [ 79%] [32mBuilding C object CMakeFiles/custom_msg_svrs__rosidl_generator_py.dir/rosidl_generator_py/custom_msg_svrs/srv/_motor_control_s.c.o[0m
[8.419s] [ 82%] [32m[1mLinking C shared library libcustom_msg_svrs__rosidl_generator_py.so[0m
[8.477s] [ 82%] Built target custom_msg_svrs__rosidl_generator_py
[8.512s] [ 91%] [32mBuilding C object CMakeFiles/custom_msg_svrs_s__rosidl_typesupport_fastrtps_c.dir/rosidl_generator_py/custom_msg_svrs/_custom_msg_svrs_s.ep.rosidl_typesupport_fastrtps_c.c.o[0m
[8.512s] [ 91%] [32mBuilding C object CMakeFiles/custom_msg_svrs_s__rosidl_typesupport_introspection_c.dir/rosidl_generator_py/custom_msg_svrs/_custom_msg_svrs_s.ep.rosidl_typesupport_introspection_c.c.o[0m
[8.512s] [ 91%] [32mBuilding C object CMakeFiles/custom_msg_svrs_s__rosidl_typesupport_c.dir/rosidl_generator_py/custom_msg_svrs/_custom_msg_svrs_s.ep.rosidl_typesupport_c.c.o[0m
[8.630s] [ 97%] [32m[1mLinking C shared module rosidl_generator_py/custom_msg_svrs/custom_msg_svrs_s__rosidl_typesupport_c.so[0m
[8.630s] [ 97%] [32m[1mLinking C shared module rosidl_generator_py/custom_msg_svrs/custom_msg_svrs_s__rosidl_typesupport_introspection_c.so[0m
[8.643s] [100%] [32m[1mLinking C shared module rosidl_generator_py/custom_msg_svrs/custom_msg_svrs_s__rosidl_typesupport_fastrtps_c.so[0m
[8.672s] [100%] Built target custom_msg_svrs_s__rosidl_typesupport_introspection_c
[8.672s] [100%] Built target custom_msg_svrs_s__rosidl_typesupport_c
[8.689s] [100%] Built target custom_msg_svrs_s__rosidl_typesupport_fastrtps_c
[8.705s] Invoked command in '/home/adrian/Desktop/ROS2_playground/SCARA_robot/software/ros_scara_ws/build/custom_msg_svrs' returned '0': CMAKE_PREFIX_PATH=${CMAKE_PREFIX_PATH}:/home/adrian/Desktop/ROS2_playground/SCARA_robot/software/ros_scara_ws/install/scara_control:/home/adrian/Desktop/ROS2_playground/SCARA_robot/software/ros_scara_ws/install/plc_chat:/home/adrian/Desktop/ROS2_playground/SCARA_robot/software/ros_scara_ws/install/box_detector:/opt/ros/jazzy DEBUGINFOD_URLS=https://debuginfod.ubuntu.com PS1=(py_ros2) %m%# VIRTUAL_ENV_PROMPT=(py_ros2) /usr/bin/cmake --build /home/adrian/Desktop/ROS2_playground/SCARA_robot/software/ros_scara_ws/build/custom_msg_svrs -- -j12 -l12
[8.719s] Invoking command in '/home/adrian/Desktop/ROS2_playground/SCARA_robot/software/ros_scara_ws/build/custom_msg_svrs': CMAKE_PREFIX_PATH=${CMAKE_PREFIX_PATH}:/home/adrian/Desktop/ROS2_playground/SCARA_robot/software/ros_scara_ws/install/scara_control:/home/adrian/Desktop/ROS2_playground/SCARA_robot/software/ros_scara_ws/install/plc_chat:/home/adrian/Desktop/ROS2_playground/SCARA_robot/software/ros_scara_ws/install/box_detector:/opt/ros/jazzy DEBUGINFOD_URLS=https://debuginfod.ubuntu.com PS1=(py_ros2) %m%# VIRTUAL_ENV_PROMPT=(py_ros2) /usr/bin/cmake --install /home/adrian/Desktop/ROS2_playground/SCARA_robot/software/ros_scara_ws/build/custom_msg_svrs
[8.730s] -- Install configuration: ""
[8.730s] -- Up-to-date: /home/adrian/Desktop/ROS2_playground/SCARA_robot/software/ros_scara_ws/install/custom_msg_svrs/share/ament_index/resource_index/rosidl_interfaces/custom_msg_svrs
[8.730s] -- Installing: /home/adrian/Desktop/ROS2_playground/SCARA_robot/software/ros_scara_ws/install/custom_msg_svrs/share/custom_msg_svrs/srv/MotorControl.json
[8.730s] -- Up-to-date: /home/adrian/Desktop/ROS2_playground/SCARA_robot/software/ros_scara_ws/install/custom_msg_svrs/include/custom_msg_svrs/custom_msg_svrs
[8.730s] -- Up-to-date: /home/adrian/Desktop/ROS2_playground/SCARA_robot/software/ros_scara_ws/install/custom_msg_svrs/include/custom_msg_svrs/custom_msg_svrs/srv
[8.731s] -- Installing: /home/adrian/Desktop/ROS2_playground/SCARA_robot/software/ros_scara_ws/install/custom_msg_svrs/include/custom_msg_svrs/custom_msg_svrs/srv/motor_control.h
[8.731s] -- Up-to-date: /home/adrian/Desktop/ROS2_playground/SCARA_robot/software/ros_scara_ws/install/custom_msg_svrs/include/custom_msg_svrs/custom_msg_svrs/srv/detail
[8.731s] -- Installing: /home/adrian/Desktop/ROS2_playground/SCARA_robot/software/ros_scara_ws/install/custom_msg_svrs/include/custom_msg_svrs/custom_msg_svrs/srv/detail/motor_control__functions.h
[8.731s] -- Installing: /home/adrian/Desktop/ROS2_playground/SCARA_robot/software/ros_scara_ws/install/custom_msg_svrs/include/custom_msg_svrs/custom_msg_svrs/srv/detail/motor_control__functions.c
[8.731s] -- Installing: /home/adrian/Desktop/ROS2_playground/SCARA_robot/software/ros_scara_ws/install/custom_msg_svrs/include/custom_msg_svrs/custom_msg_svrs/srv/detail/motor_control__description.c
[8.731s] -- Installing: /home/adrian/Desktop/ROS2_playground/SCARA_robot/software/ros_scara_ws/install/custom_msg_svrs/include/custom_msg_svrs/custom_msg_svrs/srv/detail/motor_control__type_support.h
[8.731s] -- Installing: /home/adrian/Desktop/ROS2_playground/SCARA_robot/software/ros_scara_ws/install/custom_msg_svrs/include/custom_msg_svrs/custom_msg_svrs/srv/detail/motor_control__struct.h
[8.731s] -- Installing: /home/adrian/Desktop/ROS2_playground/SCARA_robot/software/ros_scara_ws/install/custom_msg_svrs/include/custom_msg_svrs/custom_msg_svrs/srv/detail/motor_control__type_support.c
[8.732s] -- Up-to-date: /home/adrian/Desktop/ROS2_playground/SCARA_robot/software/ros_scara_ws/install/custom_msg_svrs/include/custom_msg_svrs/custom_msg_svrs/msg
[8.732s] -- Up-to-date: /home/adrian/Desktop/ROS2_playground/SCARA_robot/software/ros_scara_ws/install/custom_msg_svrs/include/custom_msg_svrs/custom_msg_svrs/msg/rosidl_generator_c__visibility_control.h
[8.732s] -- Up-to-date: /home/adrian/Desktop/ROS2_playground/SCARA_robot/software/ros_scara_ws/install/custom_msg_svrs/share/custom_msg_svrs/environment/library_path.sh
[8.732s] -- Up-to-date: /home/adrian/Desktop/ROS2_playground/SCARA_robot/software/ros_scara_ws/install/custom_msg_svrs/share/custom_msg_svrs/environment/library_path.dsv
[8.732s] -- Installing: /home/adrian/Desktop/ROS2_playground/SCARA_robot/software/ros_scara_ws/install/custom_msg_svrs/lib/libcustom_msg_svrs__rosidl_generator_c.so
[8.732s] -- Set non-toolchain portion of runtime path of "/home/adrian/Desktop/ROS2_playground/SCARA_robot/software/ros_scara_ws/install/custom_msg_svrs/lib/libcustom_msg_svrs__rosidl_generator_c.so" to ""
[8.733s] -- Up-to-date: /home/adrian/Desktop/ROS2_playground/SCARA_robot/software/ros_scara_ws/install/custom_msg_svrs/include/custom_msg_svrs/custom_msg_svrs
[8.733s] -- Up-to-date: /home/adrian/Desktop/ROS2_playground/SCARA_robot/software/ros_scara_ws/install/custom_msg_svrs/include/custom_msg_svrs/custom_msg_svrs/srv
[8.733s] -- Up-to-date: /home/adrian/Desktop/ROS2_playground/SCARA_robot/software/ros_scara_ws/install/custom_msg_svrs/include/custom_msg_svrs/custom_msg_svrs/srv/detail
[8.733s] -- Installing: /home/adrian/Desktop/ROS2_playground/SCARA_robot/software/ros_scara_ws/install/custom_msg_svrs/include/custom_msg_svrs/custom_msg_svrs/srv/detail/motor_control__rosidl_typesupport_fastrtps_c.h
[8.733s] -- Up-to-date: /home/adrian/Desktop/ROS2_playground/SCARA_robot/software/ros_scara_ws/install/custom_msg_svrs/include/custom_msg_svrs/custom_msg_svrs/msg
[8.733s] -- Up-to-date: /home/adrian/Desktop/ROS2_playground/SCARA_robot/software/ros_scara_ws/install/custom_msg_svrs/include/custom_msg_svrs/custom_msg_svrs/msg/rosidl_typesupport_fastrtps_c__visibility_control.h
[8.733s] -- Installing: /home/adrian/Desktop/ROS2_playground/SCARA_robot/software/ros_scara_ws/install/custom_msg_svrs/lib/libcustom_msg_svrs__rosidl_typesupport_fastrtps_c.so
[8.734s] -- Set non-toolchain portion of runtime path of "/home/adrian/Desktop/ROS2_playground/SCARA_robot/software/ros_scara_ws/install/custom_msg_svrs/lib/libcustom_msg_svrs__rosidl_typesupport_fastrtps_c.so" to ""
[8.734s] -- Up-to-date: /home/adrian/Desktop/ROS2_playground/SCARA_robot/software/ros_scara_ws/install/custom_msg_svrs/include/custom_msg_svrs/custom_msg_svrs
[8.734s] -- Up-to-date: /home/adrian/Desktop/ROS2_playground/SCARA_robot/software/ros_scara_ws/install/custom_msg_svrs/include/custom_msg_svrs/custom_msg_svrs/srv
[8.734s] -- Up-to-date: /home/adrian/Desktop/ROS2_playground/SCARA_robot/software/ros_scara_ws/install/custom_msg_svrs/include/custom_msg_svrs/custom_msg_svrs/srv/detail
[8.734s] -- Installing: /home/adrian/Desktop/ROS2_playground/SCARA_robot/software/ros_scara_ws/install/custom_msg_svrs/include/custom_msg_svrs/custom_msg_svrs/srv/detail/motor_control__rosidl_typesupport_introspection_c.h
[8.734s] -- Installing: /home/adrian/Desktop/ROS2_playground/SCARA_robot/software/ros_scara_ws/install/custom_msg_svrs/include/custom_msg_svrs/custom_msg_svrs/srv/detail/motor_control__type_support.c
[8.735s] -- Up-to-date: /home/adrian/Desktop/ROS2_playground/SCARA_robot/software/ros_scara_ws/install/custom_msg_svrs/include/custom_msg_svrs/custom_msg_svrs/msg
[8.735s] -- Up-to-date: /home/adrian/Desktop/ROS2_playground/SCARA_robot/software/ros_scara_ws/install/custom_msg_svrs/include/custom_msg_svrs/custom_msg_svrs/msg/rosidl_typesupport_introspection_c__visibility_control.h
[8.735s] -- Installing: /home/adrian/Desktop/ROS2_playground/SCARA_robot/software/ros_scara_ws/install/custom_msg_svrs/lib/libcustom_msg_svrs__rosidl_typesupport_introspection_c.so
[8.736s] -- Set non-toolchain portion of runtime path of "/home/adrian/Desktop/ROS2_playground/SCARA_robot/software/ros_scara_ws/install/custom_msg_svrs/lib/libcustom_msg_svrs__rosidl_typesupport_introspection_c.so" to ""
[8.736s] -- Installing: /home/adrian/Desktop/ROS2_playground/SCARA_robot/software/ros_scara_ws/install/custom_msg_svrs/lib/libcustom_msg_svrs__rosidl_typesupport_c.so
[8.736s] -- Set non-toolchain portion of runtime path of "/home/adrian/Desktop/ROS2_playground/SCARA_robot/software/ros_scara_ws/install/custom_msg_svrs/lib/libcustom_msg_svrs__rosidl_typesupport_c.so" to ""
[8.737s] -- Up-to-date: /home/adrian/Desktop/ROS2_playground/SCARA_robot/software/ros_scara_ws/install/custom_msg_svrs/include/custom_msg_svrs/custom_msg_svrs
[8.737s] -- Up-to-date: /home/adrian/Desktop/ROS2_playground/SCARA_robot/software/ros_scara_ws/install/custom_msg_svrs/include/custom_msg_svrs/custom_msg_svrs/srv
[8.737s] -- Installing: /home/adrian/Desktop/ROS2_playground/SCARA_robot/software/ros_scara_ws/install/custom_msg_svrs/include/custom_msg_svrs/custom_msg_svrs/srv/motor_control.hpp
[8.737s] -- Up-to-date: /home/adrian/Desktop/ROS2_playground/SCARA_robot/software/ros_scara_ws/install/custom_msg_svrs/include/custom_msg_svrs/custom_msg_svrs/srv/detail
[8.737s] -- Installing: /home/adrian/Desktop/ROS2_playground/SCARA_robot/software/ros_scara_ws/install/custom_msg_svrs/include/custom_msg_svrs/custom_msg_svrs/srv/detail/motor_control__struct.hpp
[8.737s] -- Installing: /home/adrian/Desktop/ROS2_playground/SCARA_robot/software/ros_scara_ws/install/custom_msg_svrs/include/custom_msg_svrs/custom_msg_svrs/srv/detail/motor_control__traits.hpp
[8.737s] -- Installing: /home/adrian/Desktop/ROS2_playground/SCARA_robot/software/ros_scara_ws/install/custom_msg_svrs/include/custom_msg_svrs/custom_msg_svrs/srv/detail/motor_control__type_support.hpp
[8.737s] -- Installing: /home/adrian/Desktop/ROS2_playground/SCARA_robot/software/ros_scara_ws/install/custom_msg_svrs/include/custom_msg_svrs/custom_msg_svrs/srv/detail/motor_control__builder.hpp
[8.738s] -- Up-to-date: /home/adrian/Desktop/ROS2_playground/SCARA_robot/software/ros_scara_ws/install/custom_msg_svrs/include/custom_msg_svrs/custom_msg_svrs/msg
[8.738s] -- Installing: /home/adrian/Desktop/ROS2_playground/SCARA_robot/software/ros_scara_ws/install/custom_msg_svrs/include/custom_msg_svrs/custom_msg_svrs/msg/rosidl_generator_cpp__visibility_control.hpp
[8.738s] -- Up-to-date: /home/adrian/Desktop/ROS2_playground/SCARA_robot/software/ros_scara_ws/install/custom_msg_svrs/include/custom_msg_svrs/custom_msg_svrs
[8.738s] -- Up-to-date: /home/adrian/Desktop/ROS2_playground/SCARA_robot/software/ros_scara_ws/install/custom_msg_svrs/include/custom_msg_svrs/custom_msg_svrs/srv
[8.738s] -- Up-to-date: /home/adrian/Desktop/ROS2_playground/SCARA_robot/software/ros_scara_ws/install/custom_msg_svrs/include/custom_msg_svrs/custom_msg_svrs/srv/detail
[8.738s] -- Installing: /home/adrian/Desktop/ROS2_playground/SCARA_robot/software/ros_scara_ws/install/custom_msg_svrs/include/custom_msg_svrs/custom_msg_svrs/srv/detail/motor_control__rosidl_typesupport_fastrtps_cpp.hpp
[8.738s] -- Up-to-date: /home/adrian/Desktop/ROS2_playground/SCARA_robot/software/ros_scara_ws/install/custom_msg_svrs/include/custom_msg_svrs/custom_msg_svrs/srv/detail/dds_fastrtps
[8.739s] -- Up-to-date: /home/adrian/Desktop/ROS2_playground/SCARA_robot/software/ros_scara_ws/install/custom_msg_svrs/include/custom_msg_svrs/custom_msg_svrs/msg
[8.739s] -- Up-to-date: /home/adrian/Desktop/ROS2_playground/SCARA_robot/software/ros_scara_ws/install/custom_msg_svrs/include/custom_msg_svrs/custom_msg_svrs/msg/rosidl_typesupport_fastrtps_cpp__visibility_control.h
[8.739s] -- Installing: /home/adrian/Desktop/ROS2_playground/SCARA_robot/software/ros_scara_ws/install/custom_msg_svrs/lib/libcustom_msg_svrs__rosidl_typesupport_fastrtps_cpp.so
[8.740s] -- Set non-toolchain portion of runtime path of "/home/adrian/Desktop/ROS2_playground/SCARA_robot/software/ros_scara_ws/install/custom_msg_svrs/lib/libcustom_msg_svrs__rosidl_typesupport_fastrtps_cpp.so" to ""
[8.741s] -- Up-to-date: /home/adrian/Desktop/ROS2_playground/SCARA_robot/software/ros_scara_ws/install/custom_msg_svrs/include/custom_msg_svrs/custom_msg_svrs
[8.741s] -- Up-to-date: /home/adrian/Desktop/ROS2_playground/SCARA_robot/software/ros_scara_ws/install/custom_msg_svrs/include/custom_msg_svrs/custom_msg_svrs/srv
[8.741s] -- Up-to-date: /home/adrian/Desktop/ROS2_playground/SCARA_robot/software/ros_scara_ws/install/custom_msg_svrs/include/custom_msg_svrs/custom_msg_svrs/srv/detail
[8.741s] -- Installing: /home/adrian/Desktop/ROS2_playground/SCARA_robot/software/ros_scara_ws/install/custom_msg_svrs/include/custom_msg_svrs/custom_msg_svrs/srv/detail/motor_control__rosidl_typesupport_introspection_cpp.hpp
[8.741s] -- Installing: /home/adrian/Desktop/ROS2_playground/SCARA_robot/software/ros_scara_ws/install/custom_msg_svrs/include/custom_msg_svrs/custom_msg_svrs/srv/detail/motor_control__type_support.cpp
[8.742s] -- Installing: /home/adrian/Desktop/ROS2_playground/SCARA_robot/software/ros_scara_ws/install/custom_msg_svrs/lib/libcustom_msg_svrs__rosidl_typesupport_introspection_cpp.so
[8.743s] -- Set non-toolchain portion of runtime path of "/home/adrian/Desktop/ROS2_playground/SCARA_robot/software/ros_scara_ws/install/custom_msg_svrs/lib/libcustom_msg_svrs__rosidl_typesupport_introspection_cpp.so" to ""
[8.744s] -- Installing: /home/adrian/Desktop/ROS2_playground/SCARA_robot/software/ros_scara_ws/install/custom_msg_svrs/lib/libcustom_msg_svrs__rosidl_typesupport_cpp.so
[8.744s] -- Set non-toolchain portion of runtime path of "/home/adrian/Desktop/ROS2_playground/SCARA_robot/software/ros_scara_ws/install/custom_msg_svrs/lib/libcustom_msg_svrs__rosidl_typesupport_cpp.so" to ""
[8.744s] -- Up-to-date: /home/adrian/Desktop/ROS2_playground/SCARA_robot/software/ros_scara_ws/install/custom_msg_svrs/share/custom_msg_svrs/environment/pythonpath.sh
[8.745s] -- Up-to-date: /home/adrian/Desktop/ROS2_playground/SCARA_robot/software/ros_scara_ws/install/custom_msg_svrs/share/custom_msg_svrs/environment/pythonpath.dsv
[8.745s] -- Up-to-date: /home/adrian/Desktop/ROS2_playground/SCARA_robot/software/ros_scara_ws/install/custom_msg_svrs/lib/python3.12/site-packages/custom_msg_svrs-0.0.0-py3.12.egg-info
[8.745s] -- Installing: /home/adrian/Desktop/ROS2_playground/SCARA_robot/software/ros_scara_ws/install/custom_msg_svrs/lib/python3.12/site-packages/custom_msg_svrs-0.0.0-py3.12.egg-info/PKG-INFO
[8.745s] -- Installing: /home/adrian/Desktop/ROS2_playground/SCARA_robot/software/ros_scara_ws/install/custom_msg_svrs/lib/python3.12/site-packages/custom_msg_svrs-0.0.0-py3.12.egg-info/dependency_links.txt
[8.745s] -- Installing: /home/adrian/Desktop/ROS2_playground/SCARA_robot/software/ros_scara_ws/install/custom_msg_svrs/lib/python3.12/site-packages/custom_msg_svrs-0.0.0-py3.12.egg-info/top_level.txt
[8.745s] -- Installing: /home/adrian/Desktop/ROS2_playground/SCARA_robot/software/ros_scara_ws/install/custom_msg_svrs/lib/python3.12/site-packages/custom_msg_svrs-0.0.0-py3.12.egg-info/SOURCES.txt
[8.746s] -- Up-to-date: /home/adrian/Desktop/ROS2_playground/SCARA_robot/software/ros_scara_ws/install/custom_msg_svrs/lib/python3.12/site-packages/custom_msg_svrs
[8.746s] -- Installing: /home/adrian/Desktop/ROS2_playground/SCARA_robot/software/ros_scara_ws/install/custom_msg_svrs/lib/python3.12/site-packages/custom_msg_svrs/custom_msg_svrs_s__rosidl_typesupport_fastrtps_c.so
[8.746s] -- Up-to-date: /home/adrian/Desktop/ROS2_playground/SCARA_robot/software/ros_scara_ws/install/custom_msg_svrs/lib/python3.12/site-packages/custom_msg_svrs/srv
[8.746s] -- Installing: /home/adrian/Desktop/ROS2_playground/SCARA_robot/software/ros_scara_ws/install/custom_msg_svrs/lib/python3.12/site-packages/custom_msg_svrs/srv/_motor_control.py
[8.746s] -- Installing: /home/adrian/Desktop/ROS2_playground/SCARA_robot/software/ros_scara_ws/install/custom_msg_svrs/lib/python3.12/site-packages/custom_msg_svrs/srv/_motor_control_s.c
[8.747s] -- Installing: /home/adrian/Desktop/ROS2_playground/SCARA_robot/software/ros_scara_ws/install/custom_msg_svrs/lib/python3.12/site-packages/custom_msg_svrs/srv/__init__.py
[8.747s] -- Installing: /home/adrian/Desktop/ROS2_playground/SCARA_robot/software/ros_scara_ws/install/custom_msg_svrs/lib/python3.12/site-packages/custom_msg_svrs/_custom_msg_svrs_s.ep.rosidl_typesupport_c.c
[8.747s] -- Installing: /home/adrian/Desktop/ROS2_playground/SCARA_robot/software/ros_scara_ws/install/custom_msg_svrs/lib/python3.12/site-packages/custom_msg_svrs/custom_msg_svrs_s__rosidl_typesupport_c.so
[8.748s] -- Installing: /home/adrian/Desktop/ROS2_playground/SCARA_robot/software/ros_scara_ws/install/custom_msg_svrs/lib/python3.12/site-packages/custom_msg_svrs/custom_msg_svrs_s__rosidl_typesupport_introspection_c.so
[8.748s] -- Installing: /home/adrian/Desktop/ROS2_playground/SCARA_robot/software/ros_scara_ws/install/custom_msg_svrs/lib/python3.12/site-packages/custom_msg_svrs/__init__.py
[8.748s] -- Installing: /home/adrian/Desktop/ROS2_playground/SCARA_robot/software/ros_scara_ws/install/custom_msg_svrs/lib/python3.12/site-packages/custom_msg_svrs/_custom_msg_svrs_s.ep.rosidl_typesupport_introspection_c.c
[8.748s] -- Installing: /home/adrian/Desktop/ROS2_playground/SCARA_robot/software/ros_scara_ws/install/custom_msg_svrs/lib/python3.12/site-packages/custom_msg_svrs/_custom_msg_svrs_s.ep.rosidl_typesupport_fastrtps_c.c
[8.793s] Listing '/home/adrian/Desktop/ROS2_playground/SCARA_robot/software/ros_scara_ws/install/custom_msg_svrs/lib/python3.12/site-packages/custom_msg_svrs'...
[8.793s] Compiling '/home/adrian/Desktop/ROS2_playground/SCARA_robot/software/ros_scara_ws/install/custom_msg_svrs/lib/python3.12/site-packages/custom_msg_svrs/__init__.py'...
[8.793s] Listing '/home/adrian/Desktop/ROS2_playground/SCARA_robot/software/ros_scara_ws/install/custom_msg_svrs/lib/python3.12/site-packages/custom_msg_svrs/srv'...
[8.793s] Compiling '/home/adrian/Desktop/ROS2_playground/SCARA_robot/software/ros_scara_ws/install/custom_msg_svrs/lib/python3.12/site-packages/custom_msg_svrs/srv/__init__.py'...
[8.793s] Compiling '/home/adrian/Desktop/ROS2_playground/SCARA_robot/software/ros_scara_ws/install/custom_msg_svrs/lib/python3.12/site-packages/custom_msg_svrs/srv/_motor_control.py'...
[8.799s] -- Installing: /home/adrian/Desktop/ROS2_playground/SCARA_robot/software/ros_scara_ws/install/custom_msg_svrs/lib/python3.12/site-packages/custom_msg_svrs/custom_msg_svrs_s__rosidl_typesupport_fastrtps_c.so
[8.800s] -- Set non-toolchain portion of runtime path of "/home/adrian/Desktop/ROS2_playground/SCARA_robot/software/ros_scara_ws/install/custom_msg_svrs/lib/python3.12/site-packages/custom_msg_svrs/custom_msg_svrs_s__rosidl_typesupport_fastrtps_c.so" to ""
[8.800s] -- Installing: /home/adrian/Desktop/ROS2_playground/SCARA_robot/software/ros_scara_ws/install/custom_msg_svrs/lib/python3.12/site-packages/custom_msg_svrs/custom_msg_svrs_s__rosidl_typesupport_introspection_c.so
[8.800s] -- Set non-toolchain portion of runtime path of "/home/adrian/Desktop/ROS2_playground/SCARA_robot/software/ros_scara_ws/install/custom_msg_svrs/lib/python3.12/site-packages/custom_msg_svrs/custom_msg_svrs_s__rosidl_typesupport_introspection_c.so" to ""
[8.801s] -- Installing: /home/adrian/Desktop/ROS2_playground/SCARA_robot/software/ros_scara_ws/install/custom_msg_svrs/lib/python3.12/site-packages/custom_msg_svrs/custom_msg_svrs_s__rosidl_typesupport_c.so
[8.801s] -- Set non-toolchain portion of runtime path of "/home/adrian/Desktop/ROS2_playground/SCARA_robot/software/ros_scara_ws/install/custom_msg_svrs/lib/python3.12/site-packages/custom_msg_svrs/custom_msg_svrs_s__rosidl_typesupport_c.so" to ""
[8.801s] -- Installing: /home/adrian/Desktop/ROS2_playground/SCARA_robot/software/ros_scara_ws/install/custom_msg_svrs/lib/libcustom_msg_svrs__rosidl_generator_py.so
[8.802s] -- Set non-toolchain portion of runtime path of "/home/adrian/Desktop/ROS2_playground/SCARA_robot/software/ros_scara_ws/install/custom_msg_svrs/lib/libcustom_msg_svrs__rosidl_generator_py.so" to ""
[8.802s] -- Installing: /home/adrian/Desktop/ROS2_playground/SCARA_robot/software/ros_scara_ws/install/custom_msg_svrs/share/custom_msg_svrs/srv/MotorControl.idl
[8.802s] -- Installing: /home/adrian/Desktop/ROS2_playground/SCARA_robot/software/ros_scara_ws/install/custom_msg_svrs/share/custom_msg_svrs/srv/MotorControl.srv
[8.802s] -- Up-to-date: /home/adrian/Desktop/ROS2_playground/SCARA_robot/software/ros_scara_ws/install/custom_msg_svrs/share/ament_index/resource_index/package_run_dependencies/custom_msg_svrs
[8.802s] -- Installing: /home/adrian/Desktop/ROS2_playground/SCARA_robot/software/ros_scara_ws/install/custom_msg_svrs/share/ament_index/resource_index/parent_prefix_path/custom_msg_svrs
[8.803s] -- Up-to-date: /home/adrian/Desktop/ROS2_playground/SCARA_robot/software/ros_scara_ws/install/custom_msg_svrs/share/custom_msg_svrs/environment/ament_prefix_path.sh
[8.803s] -- Up-to-date: /home/adrian/Desktop/ROS2_playground/SCARA_robot/software/ros_scara_ws/install/custom_msg_svrs/share/custom_msg_svrs/environment/ament_prefix_path.dsv
[8.803s] -- Up-to-date: /home/adrian/Desktop/ROS2_playground/SCARA_robot/software/ros_scara_ws/install/custom_msg_svrs/share/custom_msg_svrs/environment/path.sh
[8.803s] -- Up-to-date: /home/adrian/Desktop/ROS2_playground/SCARA_robot/software/ros_scara_ws/install/custom_msg_svrs/share/custom_msg_svrs/environment/path.dsv
[8.803s] -- Up-to-date: /home/adrian/Desktop/ROS2_playground/SCARA_robot/software/ros_scara_ws/install/custom_msg_svrs/share/custom_msg_svrs/local_setup.bash
[8.803s] -- Up-to-date: /home/adrian/Desktop/ROS2_playground/SCARA_robot/software/ros_scara_ws/install/custom_msg_svrs/share/custom_msg_svrs/local_setup.sh
[8.803s] -- Up-to-date: /home/adrian/Desktop/ROS2_playground/SCARA_robot/software/ros_scara_ws/install/custom_msg_svrs/share/custom_msg_svrs/local_setup.zsh
[8.803s] -- Up-to-date: /home/adrian/Desktop/ROS2_playground/SCARA_robot/software/ros_scara_ws/install/custom_msg_svrs/share/custom_msg_svrs/local_setup.dsv
[8.803s] -- Installing: /home/adrian/Desktop/ROS2_playground/SCARA_robot/software/ros_scara_ws/install/custom_msg_svrs/share/custom_msg_svrs/package.dsv
[8.804s] -- Up-to-date: /home/adrian/Desktop/ROS2_playground/SCARA_robot/software/ros_scara_ws/install/custom_msg_svrs/share/ament_index/resource_index/packages/custom_msg_svrs
[8.804s] -- Up-to-date: /home/adrian/Desktop/ROS2_playground/SCARA_robot/software/ros_scara_ws/install/custom_msg_svrs/share/custom_msg_svrs/cmake/export_custom_msg_svrs__rosidl_generator_cExport.cmake
[8.804s] -- Up-to-date: /home/adrian/Desktop/ROS2_playground/SCARA_robot/software/ros_scara_ws/install/custom_msg_svrs/share/custom_msg_svrs/cmake/export_custom_msg_svrs__rosidl_generator_cExport-noconfig.cmake
[8.804s] -- Up-to-date: /home/adrian/Desktop/ROS2_playground/SCARA_robot/software/ros_scara_ws/install/custom_msg_svrs/share/custom_msg_svrs/cmake/export_custom_msg_svrs__rosidl_typesupport_fastrtps_cExport.cmake
[8.804s] -- Up-to-date: /home/adrian/Desktop/ROS2_playground/SCARA_robot/software/ros_scara_ws/install/custom_msg_svrs/share/custom_msg_svrs/cmake/export_custom_msg_svrs__rosidl_typesupport_fastrtps_cExport-noconfig.cmake
[8.804s] -- Up-to-date: /home/adrian/Desktop/ROS2_playground/SCARA_robot/software/ros_scara_ws/install/custom_msg_svrs/share/custom_msg_svrs/cmake/custom_msg_svrs__rosidl_typesupport_introspection_cExport.cmake
[8.804s] -- Up-to-date: /home/adrian/Desktop/ROS2_playground/SCARA_robot/software/ros_scara_ws/install/custom_msg_svrs/share/custom_msg_svrs/cmake/custom_msg_svrs__rosidl_typesupport_introspection_cExport-noconfig.cmake
[8.805s] -- Up-to-date: /home/adrian/Desktop/ROS2_playground/SCARA_robot/software/ros_scara_ws/install/custom_msg_svrs/share/custom_msg_svrs/cmake/custom_msg_svrs__rosidl_typesupport_cExport.cmake
[8.805s] -- Up-to-date: /home/adrian/Desktop/ROS2_playground/SCARA_robot/software/ros_scara_ws/install/custom_msg_svrs/share/custom_msg_svrs/cmake/custom_msg_svrs__rosidl_typesupport_cExport-noconfig.cmake
[8.805s] -- Up-to-date: /home/adrian/Desktop/ROS2_playground/SCARA_robot/software/ros_scara_ws/install/custom_msg_svrs/share/custom_msg_svrs/cmake/export_custom_msg_svrs__rosidl_generator_cppExport.cmake
[8.805s] -- Up-to-date: /home/adrian/Desktop/ROS2_playground/SCARA_robot/software/ros_scara_ws/install/custom_msg_svrs/share/custom_msg_svrs/cmake/export_custom_msg_svrs__rosidl_typesupport_fastrtps_cppExport.cmake
[8.805s] -- Up-to-date: /home/adrian/Desktop/ROS2_playground/SCARA_robot/software/ros_scara_ws/install/custom_msg_svrs/share/custom_msg_svrs/cmake/export_custom_msg_svrs__rosidl_typesupport_fastrtps_cppExport-noconfig.cmake
[8.806s] -- Up-to-date: /home/adrian/Desktop/ROS2_playground/SCARA_robot/software/ros_scara_ws/install/custom_msg_svrs/share/custom_msg_svrs/cmake/custom_msg_svrs__rosidl_typesupport_introspection_cppExport.cmake
[8.806s] -- Up-to-date: /home/adrian/Desktop/ROS2_playground/SCARA_robot/software/ros_scara_ws/install/custom_msg_svrs/share/custom_msg_svrs/cmake/custom_msg_svrs__rosidl_typesupport_introspection_cppExport-noconfig.cmake
[8.806s] -- Up-to-date: /home/adrian/Desktop/ROS2_playground/SCARA_robot/software/ros_scara_ws/install/custom_msg_svrs/share/custom_msg_svrs/cmake/custom_msg_svrs__rosidl_typesupport_cppExport.cmake
[8.806s] -- Up-to-date: /home/adrian/Desktop/ROS2_playground/SCARA_robot/software/ros_scara_ws/install/custom_msg_svrs/share/custom_msg_svrs/cmake/custom_msg_svrs__rosidl_typesupport_cppExport-noconfig.cmake
[8.806s] -- Up-to-date: /home/adrian/Desktop/ROS2_playground/SCARA_robot/software/ros_scara_ws/install/custom_msg_svrs/share/custom_msg_svrs/cmake/export_custom_msg_svrs__rosidl_generator_pyExport.cmake
[8.806s] -- Up-to-date: /home/adrian/Desktop/ROS2_playground/SCARA_robot/software/ros_scara_ws/install/custom_msg_svrs/share/custom_msg_svrs/cmake/export_custom_msg_svrs__rosidl_generator_pyExport-noconfig.cmake
[8.806s] -- Up-to-date: /home/adrian/Desktop/ROS2_playground/SCARA_robot/software/ros_scara_ws/install/custom_msg_svrs/share/custom_msg_svrs/cmake/rosidl_cmake-extras.cmake
[8.806s] -- Up-to-date: /home/adrian/Desktop/ROS2_playground/SCARA_robot/software/ros_scara_ws/install/custom_msg_svrs/share/custom_msg_svrs/cmake/ament_cmake_export_dependencies-extras.cmake
[8.807s] -- Up-to-date: /home/adrian/Desktop/ROS2_playground/SCARA_robot/software/ros_scara_ws/install/custom_msg_svrs/share/custom_msg_svrs/cmake/ament_cmake_export_include_directories-extras.cmake
[8.807s] -- Up-to-date: /home/adrian/Desktop/ROS2_playground/SCARA_robot/software/ros_scara_ws/install/custom_msg_svrs/share/custom_msg_svrs/cmake/ament_cmake_export_libraries-extras.cmake
[8.807s] -- Up-to-date: /home/adrian/Desktop/ROS2_playground/SCARA_robot/software/ros_scara_ws/install/custom_msg_svrs/share/custom_msg_svrs/cmake/ament_cmake_export_targets-extras.cmake
[8.807s] -- Up-to-date: /home/adrian/Desktop/ROS2_playground/SCARA_robot/software/ros_scara_ws/install/custom_msg_svrs/share/custom_msg_svrs/cmake/rosidl_cmake_export_typesupport_targets-extras.cmake
[8.807s] -- Up-to-date: /home/adrian/Desktop/ROS2_playground/SCARA_robot/software/ros_scara_ws/install/custom_msg_svrs/share/custom_msg_svrs/cmake/rosidl_cmake_export_typesupport_libraries-extras.cmake
[8.807s] -- Up-to-date: /home/adrian/Desktop/ROS2_playground/SCARA_robot/software/ros_scara_ws/install/custom_msg_svrs/share/custom_msg_svrs/cmake/custom_msg_svrsConfig.cmake
[8.807s] -- Up-to-date: /home/adrian/Desktop/ROS2_playground/SCARA_robot/software/ros_scara_ws/install/custom_msg_svrs/share/custom_msg_svrs/cmake/custom_msg_svrsConfig-version.cmake
[8.807s] -- Up-to-date: /home/adrian/Desktop/ROS2_playground/SCARA_robot/software/ros_scara_ws/install/custom_msg_svrs/share/custom_msg_svrs/package.xml
[8.810s] Invoked command in '/home/adrian/Desktop/ROS2_playground/SCARA_robot/software/ros_scara_ws/build/custom_msg_svrs' returned '0': CMAKE_PREFIX_PATH=${CMAKE_PREFIX_PATH}:/home/adrian/Desktop/ROS2_playground/SCARA_robot/software/ros_scara_ws/install/scara_control:/home/adrian/Desktop/ROS2_playground/SCARA_robot/software/ros_scara_ws/install/plc_chat:/home/adrian/Desktop/ROS2_playground/SCARA_robot/software/ros_scara_ws/install/box_detector:/opt/ros/jazzy DEBUGINFOD_URLS=https://debuginfod.ubuntu.com PS1=(py_ros2) %m%# VIRTUAL_ENV_PROMPT=(py_ros2) /usr/bin/cmake --install /home/adrian/Desktop/ROS2_playground/SCARA_robot/software/ros_scara_ws/build/custom_msg_svrs
