[0.000000] (-) TimerEvent: {}
[0.000874] (-) JobUnselected: {'identifier': 'box_detector'}
[0.001023] (-) JobUnselected: {'identifier': 'drive_base_msgs'}
[0.001079] (-) JobUnselected: {'identifier': 'micro_ros_agent'}
[0.001120] (-) JobUnselected: {'identifier': 'micro_ros_msgs'}
[0.001159] (-) JobUnselected: {'identifier': 'micro_ros_setup'}
[0.001366] (-) JobUnselected: {'identifier': 'plc_chat'}
[0.001440] (-) JobUnselected: {'identifier': 'scara_control'}
[0.001633] (custom_msg_svrs) JobQueued: {'identifier': 'custom_msg_svrs', 'dependencies': OrderedDict()}
[0.001732] (custom_msg_svrs) JobStarted: {'identifier': 'custom_msg_svrs'}
[0.036030] (custom_msg_svrs) JobProgress: {'identifier': 'custom_msg_svrs', 'progress': 'cmake'}
[0.038296] (custom_msg_svrs) JobProgress: {'identifier': 'custom_msg_svrs', 'progress': 'build'}
[0.040400] (custom_msg_svrs) Command: {'cmd': ['/usr/bin/cmake', '--build', '/home/adrian/Desktop/ROS2_playground/SCARA_robot/software/ros_scara_ws/build/custom_msg_svrs', '--', '-j12', '-l12'], 'cwd': '/home/adrian/Desktop/ROS2_playground/SCARA_robot/software/ros_scara_ws/build/custom_msg_svrs', 'env': OrderedDict({'GJS_DEBUG_TOPICS': 'JS ERROR;JS LOG', 'USER': 'adrian', 'LANGUAGE': 'en_US:en', 'LC_TIME': 'es_MX.UTF-8', 'PT8HOME': '/opt/pt', 'GZ_CONFIG_PATH': '/opt/ros/jazzy/opt/gz_sim_vendor/share/gz:/opt/ros/jazzy/opt/sdformat_vendor/share/gz:/opt/ros/jazzy/opt/gz_gui_vendor/share/gz:/opt/ros/jazzy/opt/gz_transport_vendor/share/gz:/opt/ros/jazzy/opt/gz_rendering_vendor/share/gz:/opt/ros/jazzy/opt/gz_plugin_vendor/share/gz:/opt/ros/jazzy/opt/gz_fuel_tools_vendor/share/gz:/opt/ros/jazzy/opt/gz_msgs_vendor/share/gz:/opt/ros/jazzy/opt/gz_common_vendor/share/gz', 'XDG_SESSION_TYPE': 'x11', 'GIT_ASKPASS': '/usr/share/code/resources/app/extensions/git/dist/askpass.sh', 'SHLVL': '1', 'CLUTTER_DISABLE_MIPMAPPED_TEXT': '1', 'LD_LIBRARY_PATH': '/home/adrian/Desktop/ROS2_playground/SCARA_robot/software/ros_scara_ws/install/micro_ros_agent/lib:/home/adrian/Desktop/ROS2_playground/SCARA_robot/software/ros_scara_ws/install/micro_ros_msgs/lib:/home/adrian/Desktop/ROS2_playground/SCARA_robot/software/ros_scara_ws/install/custom_msg_svrs/lib:/opt/ros/jazzy/opt/gz_sim_vendor/lib:/opt/ros/jazzy/opt/gz_sensors_vendor/lib:/opt/ros/jazzy/opt/gz_physics_vendor/lib:/opt/ros/jazzy/opt/sdformat_vendor/lib:/opt/ros/jazzy/opt/rviz_ogre_vendor/lib:/opt/ros/jazzy/lib/x86_64-linux-gnu:/opt/ros/jazzy/opt/gz_gui_vendor/lib:/opt/ros/jazzy/opt/gz_transport_vendor/lib:/opt/ros/jazzy/opt/gz_rendering_vendor/lib:/opt/ros/jazzy/opt/gz_plugin_vendor/lib:/opt/ros/jazzy/opt/gz_fuel_tools_vendor/lib:/opt/ros/jazzy/opt/gz_msgs_vendor/lib:/opt/ros/jazzy/opt/gz_common_vendor/lib:/opt/ros/jazzy/opt/gz_math_vendor/lib:/opt/ros/jazzy/opt/gz_utils_vendor/lib:/opt/ros/jazzy/opt/gz_tools_vendor/lib:/opt/ros/jazzy/opt/gz_ogre_next_vendor/lib:/opt/ros/jazzy/opt/gz_dartsim_vendor/lib:/opt/ros/jazzy/opt/gz_cmake_vendor/lib:/opt/ros/jazzy/lib', 'HOME': '/home/adrian', 'CHROME_DESKTOP': 'code.desktop', 'OLDPWD': '/home/adrian/Desktop/ROS2_playground/SCARA_robot/software/ros_scara_ws', 'DESKTOP_SESSION': 'ubuntu', 'TERM_PROGRAM_VERSION': '1.98.0', 'GIO_LAUNCHED_DESKTOP_FILE': '/usr/share/applications/code.desktop', 'GTK_MODULES': 'gail:atk-bridge', 'GNOME_SHELL_SESSION_MODE': 'ubuntu', 'ROS_PYTHON_VERSION': '3', 'VSCODE_GIT_ASKPASS_MAIN': '/usr/share/code/resources/app/extensions/git/dist/askpass-main.js', 'PS1': '(py_ros2) %m%#', 'LC_MONETARY': 'es_MX.UTF-8', 'MANAGERPID': '1823', 'VSCODE_GIT_ASKPASS_NODE': '/usr/share/code/code', 'DBUS_SESSION_BUS_ADDRESS': 'unix:path=/run/user/1000/bus', 'GSM_SKIP_SSH_AGENT_WORKAROUND': 'true', 'SYSTEMD_EXEC_PID': '2384', 'ROS_STATIC_PEERS': '100.71.254.8', 'PYDEVD_DISABLE_FILE_VALIDATION': '1', 'BUNDLED_DEBUGPY_PATH': '/home/adrian/.vscode/extensions/ms-python.debugpy-2025.8.0-linux-x64/bundled/libs/debugpy', 'P9K_TTY': 'old', 'GIO_LAUNCHED_DESKTOP_FILE_PID': '4596', 'COLORTERM': 'truecolor', 'DEBUGINFOD_URLS': 'https://debuginfod.ubuntu.com', 'ZPFX': '/home/adrian/.local/share/zinit/polaris', 'ROS_DISTRO': 'jazzy', 'COLCON_PREFIX_PATH': '/home/adrian/Desktop/ROS2_playground/SCARA_robot/software/ros_scara_ws/install', 'LOGNAME': 'adrian', 'JOURNAL_STREAM': '8:16113', '_P9K_SSH_TTY': '/dev/pts/12', '_': '/usr/bin/colcon', 'XDG_SESSION_CLASS': 'user', 'MEMORY_PRESSURE_WATCH': '/sys/fs/cgroup/user.slice/user-1000.slice/user@1000.service/session.slice/org.gnome.Shell@x11.service/memory.pressure', 'ROS_VERSION': '2', 'USER_ZDOTDIR': '/home/adrian', 'USERNAME': 'adrian', 'FUNCNEST': '100', 'TERM': 'xterm-256color', 'GNOME_DESKTOP_SESSION_ID': 'this-is-deprecated', 'ROS_LOCALHOST_ONLY': '0', 'WINDOWPATH': '2', 'ZSH_CACHE_DIR': '/home/adrian/.cache/zinit', 'PMSPEC': '0uUpiPsf', 'PATH': '/home/adrian/.vscode/extensions/ms-python.python-2025.8.0-linux-x64/python_files/deactivate/zsh:/home/adrian/py_ros2/bin:/home/adrian/.vscode/extensions/ms-python.python-2025.8.0-linux-x64/python_files/deactivate/zsh:/home/adrian/py_ros2/bin:/opt/ros/jazzy/opt/gz_msgs_vendor/bin:/opt/ros/jazzy/opt/gz_tools_vendor/bin:/opt/ros/jazzy/opt/gz_ogre_next_vendor/bin:/opt/ros/jazzy/bin:/home/adrian/.local/share/zinit/polaris/bin:/home/adrian/.cargo/bin:/home/adrian/.local/bin:/usr/local/sbin:/usr/local/bin:/usr/sbin:/usr/bin:/sbin:/bin:/usr/games:/usr/local/games:/snap/bin:/snap/bin', 'PAPERSIZE': 'letter', 'SESSION_MANAGER': 'local/laptop:@/tmp/.ICE-unix/2333,unix/laptop:/tmp/.ICE-unix/2333', 'INVOCATION_ID': '9dffedc0273849eb8f0b95275162ca21', 'XDG_RUNTIME_DIR': '/run/user/1000', 'LC_ADDRESS': 'es_MX.UTF-8', 'XDG_MENU_PREFIX': 'gnome-', 'GDK_BACKEND': 'x11', 'DISPLAY': ':0', 'LANG': 'en_US.UTF-8', 'LC_TELEPHONE': 'es_MX.UTF-8', 'XDG_CURRENT_DESKTOP': 'Unity', 'RMW_IMPLEMENTATION': 'rmw_fastrtps_cpp', 'VSCODE_DEBUGPY_ADAPTER_ENDPOINTS': '/home/adrian/.vscode/extensions/ms-python.debugpy-2025.8.0-linux-x64/.noConfigDebugAdapterEndpoints/endpoint-d384532af5ea6b98.txt', 'VIRTUAL_ENV_PROMPT': '(py_ros2)', 'VSCODE_INJECTION': '1', 'XAUTHORITY': '/run/user/1000/gdm/Xauthority', 'XDG_SESSION_DESKTOP': 'ubuntu', 'XMODIFIERS': '@im=ibus', 'TERM_PROGRAM': 'vscode', 'VSCODE_GIT_IPC_HANDLE': '/run/user/1000/vscode-git-961a0a0869.sock', 'SSH_AUTH_SOCK': '/run/user/1000/keyring/ssh', 'ORIGINAL_XDG_CURRENT_DESKTOP': 'ubuntu:GNOME', 'AMENT_PREFIX_PATH': '/home/adrian/Desktop/ROS2_playground/SCARA_robot/software/ros_scara_ws/install/scara_control:/home/adrian/Desktop/ROS2_playground/SCARA_robot/software/ros_scara_ws/install/plc_chat:/home/adrian/Desktop/ROS2_playground/SCARA_robot/software/ros_scara_ws/install/micro_ros_setup:/home/adrian/Desktop/ROS2_playground/SCARA_robot/software/ros_scara_ws/install/micro_ros_agent:/home/adrian/Desktop/ROS2_playground/SCARA_robot/software/ros_scara_ws/install/micro_ros_msgs:/home/adrian/Desktop/ROS2_playground/SCARA_robot/software/ros_scara_ws/install/custom_msg_svrs:/home/adrian/Desktop/ROS2_playground/SCARA_robot/software/ros_scara_ws/install/box_detector:/opt/ros/jazzy', 'SHELL': '/bin/zsh', 'LC_NAME': 'es_MX.UTF-8', 'QT_ACCESSIBILITY': '1', 'GDMSESSION': 'ubuntu', 'GIT_DISCOVERY_ACROSS_FILESYSTEM': '1', 'IGN_GAZEBO_RESOURCE_PATH': '/opt/ros/jazzy/share', 'LC_MEASUREMENT': 'es_MX.UTF-8', 'GPG_AGENT_INFO': '/run/user/1000/gnupg/S.gpg-agent:0:1', 'LC_IDENTIFICATION': 'es_MX.UTF-8', 'GJS_DEBUG_OUTPUT': 'stderr', 'P9K_SSH': '0', 'QT_IM_MODULE': 'ibus', 'ROS_AUTOMATIC_DISCOVERY_RANGE': 'SUBNET', 'VSCODE_GIT_ASKPASS_EXTRA_ARGS': '', 'VIRTUAL_ENV': '/home/adrian/py_ros2', 'VSCODE_NONCE': '511c0417-c82a-41ae-8533-7cfa6b29990b', 'LC_ALL': 'en_US.UTF-8', 'PWD': '/home/adrian/Desktop/ROS2_playground/SCARA_robot/software/ros_scara_ws/build/custom_msg_svrs', 'XDG_DATA_DIRS': '/usr/share/ubuntu:/usr/share/gnome:/usr/local/share/:/usr/share/:/var/lib/snapd/desktop', 'XDG_CONFIG_DIRS': '/etc/xdg/xdg-ubuntu:/etc/xdg', 'ZDOTDIR': '/home/adrian', '_P9K_TTY': '/dev/pts/12', 'LC_NUMERIC': 'es_MX.UTF-8', 'PYTHONPATH': '/home/adrian/Desktop/ROS2_playground/SCARA_robot/software/ros_scara_ws/install/scara_control/lib/python3.12/site-packages:/home/adrian/Desktop/ROS2_playground/SCARA_robot/software/ros_scara_ws/install/plc_chat/lib/python3.12/site-packages:/home/adrian/Desktop/ROS2_playground/SCARA_robot/software/ros_scara_ws/install/micro_ros_msgs/lib/python3.12/site-packages:/home/adrian/Desktop/ROS2_playground/SCARA_robot/software/ros_scara_ws/install/custom_msg_svrs/lib/python3.12/site-packages:/home/adrian/Desktop/ROS2_playground/SCARA_robot/software/ros_scara_ws/install/box_detector/lib/python3.12/site-packages:/opt/ros/jazzy/lib/python3.12/site-packages', 'LC_PAPER': 'es_MX.UTF-8', 'COLCON': '1', 'MEMORY_PRESSURE_WRITE': 'c29tZSAyMDAwMDAgMjAwMDAwMAA=', 'CMAKE_PREFIX_PATH': '/home/adrian/Desktop/ROS2_playground/SCARA_robot/software/ros_scara_ws/install/micro_ros_setup:/home/adrian/Desktop/ROS2_playground/SCARA_robot/software/ros_scara_ws/install/micro_ros_agent:/home/adrian/Desktop/ROS2_playground/SCARA_robot/software/ros_scara_ws/install/micro_ros_msgs:/home/adrian/Desktop/ROS2_playground/SCARA_robot/software/ros_scara_ws/install/custom_msg_svrs:/opt/ros/jazzy/opt/gz_sim_vendor:/opt/ros/jazzy/opt/gz_sensors_vendor:/opt/ros/jazzy/opt/gz_physics_vendor:/opt/ros/jazzy/opt/sdformat_vendor:/opt/ros/jazzy/opt/gz_gui_vendor:/opt/ros/jazzy/opt/gz_transport_vendor:/opt/ros/jazzy/opt/gz_rendering_vendor:/opt/ros/jazzy/opt/gz_plugin_vendor:/opt/ros/jazzy/opt/gz_fuel_tools_vendor:/opt/ros/jazzy/opt/gz_msgs_vendor:/opt/ros/jazzy/opt/gz_common_vendor:/opt/ros/jazzy/opt/gz_math_vendor:/opt/ros/jazzy/opt/gz_utils_vendor:/opt/ros/jazzy/opt/gz_tools_vendor:/opt/ros/jazzy/opt/gz_ogre_next_vendor:/opt/ros/jazzy/opt/gz_dartsim_vendor:/opt/ros/jazzy/opt/gz_cmake_vendor:/home/adrian/Desktop/ROS2_playground/SCARA_robot/software/ros_scara_ws/install/scara_control:/home/adrian/Desktop/ROS2_playground/SCARA_robot/software/ros_scara_ws/install/plc_chat:/home/adrian/Desktop/ROS2_playground/SCARA_robot/software/ros_scara_ws/install/box_detector:/opt/ros/jazzy', 'LIBGL_DRIVERS_PATH': '/usr/lib/x86_64-linux-gnu/dri'}), 'shell': False}
[0.098278] (-) TimerEvent: {}
[0.175825] (custom_msg_svrs) StdoutLine: {'line': b'-- Found ament_cmake: 2.5.4 (/opt/ros/jazzy/share/ament_cmake/cmake)\n'}
[0.198439] (-) TimerEvent: {}
[0.266844] (custom_msg_svrs) StdoutLine: {'line': b'-- Found Python3: /home/adrian/py_ros2/bin/python3 (found version "3.12.3") found components: Interpreter \n'}
[0.298576] (-) TimerEvent: {}
[0.399057] (-) TimerEvent: {}
[0.499521] (-) TimerEvent: {}
[0.509154] (custom_msg_svrs) StdoutLine: {'line': b'-- Found rosidl_default_generators: 1.6.0 (/opt/ros/jazzy/share/rosidl_default_generators/cmake)\n'}
[0.520610] (custom_msg_svrs) StdoutLine: {'line': b'-- Using all available rosidl_typesupport_c: rosidl_typesupport_fastrtps_c;rosidl_typesupport_introspection_c\n'}
[0.599669] (-) TimerEvent: {}
[0.645570] (custom_msg_svrs) StdoutLine: {'line': b'-- Using all available rosidl_typesupport_cpp: rosidl_typesupport_fastrtps_cpp;rosidl_typesupport_introspection_cpp\n'}
[0.699814] (-) TimerEvent: {}
[0.740890] (custom_msg_svrs) StdoutLine: {'line': b'-- Found rosidl_adapter: 4.6.5 (/opt/ros/jazzy/share/rosidl_adapter/cmake)\n'}
[0.747365] (custom_msg_svrs) StdoutLine: {'line': b'-- Found std_msgs: 5.3.6 (/opt/ros/jazzy/share/std_msgs/cmake)\n'}
[0.799929] (-) TimerEvent: {}
[0.900316] (-) TimerEvent: {}
[1.000723] (-) TimerEvent: {}
[1.101218] (-) TimerEvent: {}
[1.201728] (-) TimerEvent: {}
[1.302157] (-) TimerEvent: {}
[1.402572] (-) TimerEvent: {}
[1.502970] (-) TimerEvent: {}
[1.603413] (-) TimerEvent: {}
[1.605975] (custom_msg_svrs) StdoutLine: {'line': b'-- Found ament_cmake_ros: 0.12.0 (/opt/ros/jazzy/share/ament_cmake_ros/cmake)\n'}
[1.703563] (-) TimerEvent: {}
[1.804851] (-) TimerEvent: {}
[1.905262] (-) TimerEvent: {}
[1.984010] (custom_msg_svrs) StdoutLine: {'line': b'-- Using all available rosidl_typesupport_c: rosidl_typesupport_fastrtps_c;rosidl_typesupport_introspection_c\n'}
[2.005380] (-) TimerEvent: {}
[2.105747] (-) TimerEvent: {}
[2.206200] (-) TimerEvent: {}
[2.306588] (-) TimerEvent: {}
[2.407055] (-) TimerEvent: {}
[2.467841] (custom_msg_svrs) StdoutLine: {'line': b'-- Using all available rosidl_typesupport_cpp: rosidl_typesupport_fastrtps_cpp;rosidl_typesupport_introspection_cpp\n'}
[2.471848] (custom_msg_svrs) StdoutLine: {'line': b'-- Found python_cmake_module: 0.11.1 (/opt/ros/jazzy/share/python_cmake_module/cmake)\n'}
[2.507190] (-) TimerEvent: {}
[2.607558] (-) TimerEvent: {}
[2.707972] (-) TimerEvent: {}
[2.808602] (-) TimerEvent: {}
[2.909001] (-) TimerEvent: {}
[3.009443] (-) TimerEvent: {}
[3.109933] (-) TimerEvent: {}
[3.188607] (custom_msg_svrs) StdoutLine: {'line': b'-- Found Python3: /home/adrian/py_ros2/bin/python3 (found version "3.12.3") found components: Interpreter Development NumPy Development.Module Development.Embed \n'}
[3.210047] (-) TimerEvent: {}
[3.256749] (custom_msg_svrs) StdoutLine: {'line': b'-- Found ament_lint_auto: 0.17.2 (/opt/ros/jazzy/share/ament_lint_auto/cmake)\n'}
[3.303081] (custom_msg_svrs) StdoutLine: {'line': b"-- Added test 'copyright' to check source files copyright and LICENSE\n"}
[3.310214] (-) TimerEvent: {}
[3.310757] (custom_msg_svrs) StdoutLine: {'line': b"-- Added test 'lint_cmake' to check CMake code style\n"}
[3.314856] (custom_msg_svrs) StdoutLine: {'line': b"-- Added test 'xmllint' to check XML markup files\n"}
[3.324375] (custom_msg_svrs) StdoutLine: {'line': b'-- Configuring done (3.2s)\n'}
[3.410363] (-) TimerEvent: {}
[3.460185] (custom_msg_svrs) StdoutLine: {'line': b'-- Generating done (0.1s)\n'}
[3.497501] (custom_msg_svrs) StdoutLine: {'line': b'-- Build files have been written to: /home/adrian/Desktop/ROS2_playground/SCARA_robot/software/ros_scara_ws/build/custom_msg_svrs\n'}
[3.510520] (-) TimerEvent: {}
[3.605071] (custom_msg_svrs) StdoutLine: {'line': b'[  2%] \x1b[34m\x1b[1mGenerating type hashes for ROS interfaces\x1b[0m\n'}
[3.610666] (-) TimerEvent: {}
[3.638677] (custom_msg_svrs) StdoutLine: {'line': b'[  2%] Built target ament_cmake_python_copy_custom_msg_svrs\n'}
[3.710807] (-) TimerEvent: {}
[3.811240] (-) TimerEvent: {}
[3.911630] (-) TimerEvent: {}
[4.012049] (-) TimerEvent: {}
[4.112456] (-) TimerEvent: {}
[4.211379] (custom_msg_svrs) StdoutLine: {'line': b'[  2%] Built target custom_msg_svrs__rosidl_generator_type_description\n'}
[4.212582] (-) TimerEvent: {}
[4.243313] (custom_msg_svrs) StdoutLine: {'line': b'[  5%] \x1b[34m\x1b[1mGenerating C code for ROS interfaces\x1b[0m\n'}
[4.279136] (custom_msg_svrs) StdoutLine: {'line': b'[  8%] \x1b[34m\x1b[1mGenerating C++ code for ROS interfaces\x1b[0m\n'}
[4.312752] (-) TimerEvent: {}
[4.362590] (custom_msg_svrs) StdoutLine: {'line': b'running egg_info\n'}
[4.412866] (-) TimerEvent: {}
[4.439605] (custom_msg_svrs) StdoutLine: {'line': b'writing custom_msg_svrs.egg-info/PKG-INFO\n'}
[4.440337] (custom_msg_svrs) StdoutLine: {'line': b'writing dependency_links to custom_msg_svrs.egg-info/dependency_links.txt\n'}
[4.440856] (custom_msg_svrs) StdoutLine: {'line': b'writing top-level names to custom_msg_svrs.egg-info/top_level.txt\n'}
[4.513009] (-) TimerEvent: {}
[4.613468] (-) TimerEvent: {}
[4.676301] (custom_msg_svrs) StdoutLine: {'line': b"reading manifest file 'custom_msg_svrs.egg-info/SOURCES.txt'\n"}
[4.683342] (custom_msg_svrs) StdoutLine: {'line': b"writing manifest file 'custom_msg_svrs.egg-info/SOURCES.txt'\n"}
[4.713606] (-) TimerEvent: {}
[4.761497] (custom_msg_svrs) StdoutLine: {'line': b'[  8%] Built target ament_cmake_python_build_custom_msg_svrs_egg\n'}
[4.813764] (-) TimerEvent: {}
[4.914222] (-) TimerEvent: {}
[5.014657] (-) TimerEvent: {}
[5.090513] (custom_msg_svrs) StdoutLine: {'line': b'[  8%] Built target custom_msg_svrs__cpp\n'}
[5.114813] (-) TimerEvent: {}
[5.116136] (custom_msg_svrs) StdoutLine: {'line': b'[ 14%] \x1b[32mBuilding C object CMakeFiles/custom_msg_svrs__rosidl_generator_c.dir/rosidl_generator_c/custom_msg_svrs/srv/detail/motor_control__description.c.o\x1b[0m\n'}
[5.116612] (custom_msg_svrs) StdoutLine: {'line': b'[ 14%] \x1b[32mBuilding C object CMakeFiles/custom_msg_svrs__rosidl_generator_c.dir/rosidl_generator_c/custom_msg_svrs/srv/detail/motor_control__functions.c.o\x1b[0m\n'}
[5.117168] (custom_msg_svrs) StdoutLine: {'line': b'[ 17%] \x1b[32mBuilding C object CMakeFiles/custom_msg_svrs__rosidl_generator_c.dir/rosidl_generator_c/custom_msg_svrs/srv/detail/motor_control__type_support.c.o\x1b[0m\n'}
[5.214964] (-) TimerEvent: {}
[5.315381] (-) TimerEvent: {}
[5.346627] (custom_msg_svrs) StdoutLine: {'line': b'[ 20%] \x1b[32m\x1b[1mLinking C shared library libcustom_msg_svrs__rosidl_generator_c.so\x1b[0m\n'}
[5.415499] (-) TimerEvent: {}
[5.468836] (custom_msg_svrs) StdoutLine: {'line': b'[ 20%] Built target custom_msg_svrs__rosidl_generator_c\n'}
[5.500417] (custom_msg_svrs) StdoutLine: {'line': b'[ 23%] \x1b[34m\x1b[1mGenerating C type support for eProsima Fast-RTPS\x1b[0m\n'}
[5.501017] (custom_msg_svrs) StdoutLine: {'line': b'[ 26%] \x1b[34m\x1b[1mGenerating C introspection for ROS interfaces\x1b[0m\n'}
[5.505201] (custom_msg_svrs) StdoutLine: {'line': b'[ 29%] \x1b[34m\x1b[1mGenerating C type support dispatch for ROS interfaces\x1b[0m\n'}
[5.506726] (custom_msg_svrs) StdoutLine: {'line': b'[ 32%] \x1b[34m\x1b[1mGenerating C++ introspection for ROS interfaces\x1b[0m\n'}
[5.507974] (custom_msg_svrs) StdoutLine: {'line': b'[ 35%] \x1b[34m\x1b[1mGenerating C++ type support for eProsima Fast-RTPS\x1b[0m\n'}
[5.508948] (custom_msg_svrs) StdoutLine: {'line': b'[ 38%] \x1b[34m\x1b[1mGenerating C++ type support dispatch for ROS interfaces\x1b[0m\n'}
[5.515624] (-) TimerEvent: {}
[5.616781] (-) TimerEvent: {}
[5.717269] (-) TimerEvent: {}
[5.820798] (-) TimerEvent: {}
[5.921729] (-) TimerEvent: {}
[6.022479] (-) TimerEvent: {}
[6.125916] (-) TimerEvent: {}
[6.226395] (-) TimerEvent: {}
[6.326790] (-) TimerEvent: {}
[6.420676] (custom_msg_svrs) StdoutLine: {'line': b'[ 41%] \x1b[32mBuilding CXX object CMakeFiles/custom_msg_svrs__rosidl_typesupport_cpp.dir/rosidl_typesupport_cpp/custom_msg_svrs/srv/motor_control__type_support.cpp.o\x1b[0m\n'}
[6.426896] (-) TimerEvent: {}
[6.439949] (custom_msg_svrs) StdoutLine: {'line': b'[ 44%] \x1b[32mBuilding CXX object CMakeFiles/custom_msg_svrs__rosidl_typesupport_c.dir/rosidl_typesupport_c/custom_msg_svrs/srv/motor_control__type_support.cpp.o\x1b[0m\n'}
[6.465083] (custom_msg_svrs) StdoutLine: {'line': b'[ 47%] \x1b[32mBuilding C object CMakeFiles/custom_msg_svrs__rosidl_typesupport_introspection_c.dir/rosidl_typesupport_introspection_c/custom_msg_svrs/srv/detail/motor_control__type_support.c.o\x1b[0m\n'}
[6.475775] (custom_msg_svrs) StdoutLine: {'line': b'[ 50%] \x1b[32mBuilding CXX object CMakeFiles/custom_msg_svrs__rosidl_typesupport_introspection_cpp.dir/rosidl_typesupport_introspection_cpp/custom_msg_svrs/srv/detail/motor_control__type_support.cpp.o\x1b[0m\n'}
[6.527054] (-) TimerEvent: {}
[6.587629] (custom_msg_svrs) StdoutLine: {'line': b'[ 52%] \x1b[32mBuilding CXX object CMakeFiles/custom_msg_svrs__rosidl_typesupport_fastrtps_cpp.dir/rosidl_typesupport_fastrtps_cpp/custom_msg_svrs/srv/detail/dds_fastrtps/motor_control__type_support.cpp.o\x1b[0m\n'}
[6.592011] (custom_msg_svrs) StdoutLine: {'line': b'[ 55%] \x1b[32mBuilding CXX object CMakeFiles/custom_msg_svrs__rosidl_typesupport_fastrtps_c.dir/rosidl_typesupport_fastrtps_c/custom_msg_svrs/srv/detail/motor_control__type_support_c.cpp.o\x1b[0m\n'}
[6.600868] (custom_msg_svrs) StdoutLine: {'line': b'[ 58%] \x1b[32m\x1b[1mLinking C shared library libcustom_msg_svrs__rosidl_typesupport_introspection_c.so\x1b[0m\n'}
[6.627179] (-) TimerEvent: {}
[6.630816] (custom_msg_svrs) StdoutLine: {'line': b'[ 61%] \x1b[32m\x1b[1mLinking CXX shared library libcustom_msg_svrs__rosidl_typesupport_c.so\x1b[0m\n'}
[6.693048] (custom_msg_svrs) StdoutLine: {'line': b'[ 61%] Built target custom_msg_svrs__rosidl_typesupport_introspection_c\n'}
[6.727307] (-) TimerEvent: {}
[6.754955] (custom_msg_svrs) StdoutLine: {'line': b'[ 61%] Built target custom_msg_svrs__rosidl_typesupport_c\n'}
[6.827431] (-) TimerEvent: {}
[6.927903] (-) TimerEvent: {}
[7.028302] (-) TimerEvent: {}
[7.128682] (-) TimerEvent: {}
[7.229070] (-) TimerEvent: {}
[7.250476] (custom_msg_svrs) StdoutLine: {'line': b'[ 64%] \x1b[32m\x1b[1mLinking CXX shared library libcustom_msg_svrs__rosidl_typesupport_cpp.so\x1b[0m\n'}
[7.295511] (custom_msg_svrs) StdoutLine: {'line': b'[ 67%] \x1b[32m\x1b[1mLinking CXX shared library libcustom_msg_svrs__rosidl_typesupport_introspection_cpp.so\x1b[0m\n'}
[7.329197] (-) TimerEvent: {}
[7.386486] (custom_msg_svrs) StdoutLine: {'line': b'[ 67%] Built target custom_msg_svrs__rosidl_typesupport_cpp\n'}
[7.422319] (custom_msg_svrs) StdoutLine: {'line': b'[ 67%] Built target custom_msg_svrs__rosidl_typesupport_introspection_cpp\n'}
[7.429305] (-) TimerEvent: {}
[7.469096] (custom_msg_svrs) StdoutLine: {'line': b'[ 70%] \x1b[32m\x1b[1mLinking CXX shared library libcustom_msg_svrs__rosidl_typesupport_fastrtps_c.so\x1b[0m\n'}
[7.529429] (-) TimerEvent: {}
[7.544780] (custom_msg_svrs) StdoutLine: {'line': b'[ 70%] Built target custom_msg_svrs__rosidl_typesupport_fastrtps_c\n'}
[7.592199] (custom_msg_svrs) StdoutLine: {'line': b'[ 73%] \x1b[32m\x1b[1mLinking CXX shared library libcustom_msg_svrs__rosidl_typesupport_fastrtps_cpp.so\x1b[0m\n'}
[7.629541] (-) TimerEvent: {}
[7.699381] (custom_msg_svrs) StdoutLine: {'line': b'[ 73%] Built target custom_msg_svrs__rosidl_typesupport_fastrtps_cpp\n'}
[7.729654] (-) TimerEvent: {}
[7.732281] (custom_msg_svrs) StdoutLine: {'line': b'[ 73%] Built target custom_msg_svrs\n'}
[7.769001] (custom_msg_svrs) StdoutLine: {'line': b'[ 76%] \x1b[34m\x1b[1mGenerating Python code for ROS interfaces\x1b[0m\n'}
[7.829767] (-) TimerEvent: {}
[7.930039] (-) TimerEvent: {}
[8.030294] (-) TimerEvent: {}
[8.130540] (-) TimerEvent: {}
[8.222400] (custom_msg_svrs) StdoutLine: {'line': b'[ 76%] Built target custom_msg_svrs__py\n'}
[8.230639] (-) TimerEvent: {}
[8.256917] (custom_msg_svrs) StdoutLine: {'line': b'[ 79%] \x1b[32mBuilding C object CMakeFiles/custom_msg_svrs__rosidl_generator_py.dir/rosidl_generator_py/custom_msg_svrs/srv/_motor_control_s.c.o\x1b[0m\n'}
[8.330788] (-) TimerEvent: {}
[8.421029] (custom_msg_svrs) StdoutLine: {'line': b'[ 82%] \x1b[32m\x1b[1mLinking C shared library libcustom_msg_svrs__rosidl_generator_py.so\x1b[0m\n'}
[8.430884] (-) TimerEvent: {}
[8.478449] (custom_msg_svrs) StdoutLine: {'line': b'[ 82%] Built target custom_msg_svrs__rosidl_generator_py\n'}
[8.513178] (custom_msg_svrs) StdoutLine: {'line': b'[ 91%] \x1b[32mBuilding C object CMakeFiles/custom_msg_svrs_s__rosidl_typesupport_fastrtps_c.dir/rosidl_generator_py/custom_msg_svrs/_custom_msg_svrs_s.ep.rosidl_typesupport_fastrtps_c.c.o\x1b[0m\n'}
[8.513418] (custom_msg_svrs) StdoutLine: {'line': b'[ 91%] \x1b[32mBuilding C object CMakeFiles/custom_msg_svrs_s__rosidl_typesupport_introspection_c.dir/rosidl_generator_py/custom_msg_svrs/_custom_msg_svrs_s.ep.rosidl_typesupport_introspection_c.c.o\x1b[0m\n'}
[8.513545] (custom_msg_svrs) StdoutLine: {'line': b'[ 91%] \x1b[32mBuilding C object CMakeFiles/custom_msg_svrs_s__rosidl_typesupport_c.dir/rosidl_generator_py/custom_msg_svrs/_custom_msg_svrs_s.ep.rosidl_typesupport_c.c.o\x1b[0m\n'}
[8.530988] (-) TimerEvent: {}
[8.631238] (-) TimerEvent: {}
[8.631451] (custom_msg_svrs) StdoutLine: {'line': b'[ 97%] \x1b[32m\x1b[1mLinking C shared module rosidl_generator_py/custom_msg_svrs/custom_msg_svrs_s__rosidl_typesupport_c.so\x1b[0m\n'}
[8.631692] (custom_msg_svrs) StdoutLine: {'line': b'[ 97%] \x1b[32m\x1b[1mLinking C shared module rosidl_generator_py/custom_msg_svrs/custom_msg_svrs_s__rosidl_typesupport_introspection_c.so\x1b[0m\n'}
[8.644144] (custom_msg_svrs) StdoutLine: {'line': b'[100%] \x1b[32m\x1b[1mLinking C shared module rosidl_generator_py/custom_msg_svrs/custom_msg_svrs_s__rosidl_typesupport_fastrtps_c.so\x1b[0m\n'}
[8.673178] (custom_msg_svrs) StdoutLine: {'line': b'[100%] Built target custom_msg_svrs_s__rosidl_typesupport_introspection_c\n'}
[8.673424] (custom_msg_svrs) StdoutLine: {'line': b'[100%] Built target custom_msg_svrs_s__rosidl_typesupport_c\n'}
[8.690366] (custom_msg_svrs) StdoutLine: {'line': b'[100%] Built target custom_msg_svrs_s__rosidl_typesupport_fastrtps_c\n'}
[8.706552] (custom_msg_svrs) CommandEnded: {'returncode': 0}
[8.707399] (custom_msg_svrs) JobProgress: {'identifier': 'custom_msg_svrs', 'progress': 'install'}
[8.720371] (custom_msg_svrs) Command: {'cmd': ['/usr/bin/cmake', '--install', '/home/adrian/Desktop/ROS2_playground/SCARA_robot/software/ros_scara_ws/build/custom_msg_svrs'], 'cwd': '/home/adrian/Desktop/ROS2_playground/SCARA_robot/software/ros_scara_ws/build/custom_msg_svrs', 'env': OrderedDict({'GJS_DEBUG_TOPICS': 'JS ERROR;JS LOG', 'USER': 'adrian', 'LANGUAGE': 'en_US:en', 'LC_TIME': 'es_MX.UTF-8', 'PT8HOME': '/opt/pt', 'GZ_CONFIG_PATH': '/opt/ros/jazzy/opt/gz_sim_vendor/share/gz:/opt/ros/jazzy/opt/sdformat_vendor/share/gz:/opt/ros/jazzy/opt/gz_gui_vendor/share/gz:/opt/ros/jazzy/opt/gz_transport_vendor/share/gz:/opt/ros/jazzy/opt/gz_rendering_vendor/share/gz:/opt/ros/jazzy/opt/gz_plugin_vendor/share/gz:/opt/ros/jazzy/opt/gz_fuel_tools_vendor/share/gz:/opt/ros/jazzy/opt/gz_msgs_vendor/share/gz:/opt/ros/jazzy/opt/gz_common_vendor/share/gz', 'XDG_SESSION_TYPE': 'x11', 'GIT_ASKPASS': '/usr/share/code/resources/app/extensions/git/dist/askpass.sh', 'SHLVL': '1', 'CLUTTER_DISABLE_MIPMAPPED_TEXT': '1', 'LD_LIBRARY_PATH': '/home/adrian/Desktop/ROS2_playground/SCARA_robot/software/ros_scara_ws/install/micro_ros_agent/lib:/home/adrian/Desktop/ROS2_playground/SCARA_robot/software/ros_scara_ws/install/micro_ros_msgs/lib:/home/adrian/Desktop/ROS2_playground/SCARA_robot/software/ros_scara_ws/install/custom_msg_svrs/lib:/opt/ros/jazzy/opt/gz_sim_vendor/lib:/opt/ros/jazzy/opt/gz_sensors_vendor/lib:/opt/ros/jazzy/opt/gz_physics_vendor/lib:/opt/ros/jazzy/opt/sdformat_vendor/lib:/opt/ros/jazzy/opt/rviz_ogre_vendor/lib:/opt/ros/jazzy/lib/x86_64-linux-gnu:/opt/ros/jazzy/opt/gz_gui_vendor/lib:/opt/ros/jazzy/opt/gz_transport_vendor/lib:/opt/ros/jazzy/opt/gz_rendering_vendor/lib:/opt/ros/jazzy/opt/gz_plugin_vendor/lib:/opt/ros/jazzy/opt/gz_fuel_tools_vendor/lib:/opt/ros/jazzy/opt/gz_msgs_vendor/lib:/opt/ros/jazzy/opt/gz_common_vendor/lib:/opt/ros/jazzy/opt/gz_math_vendor/lib:/opt/ros/jazzy/opt/gz_utils_vendor/lib:/opt/ros/jazzy/opt/gz_tools_vendor/lib:/opt/ros/jazzy/opt/gz_ogre_next_vendor/lib:/opt/ros/jazzy/opt/gz_dartsim_vendor/lib:/opt/ros/jazzy/opt/gz_cmake_vendor/lib:/opt/ros/jazzy/lib', 'HOME': '/home/adrian', 'CHROME_DESKTOP': 'code.desktop', 'OLDPWD': '/home/adrian/Desktop/ROS2_playground/SCARA_robot/software/ros_scara_ws', 'DESKTOP_SESSION': 'ubuntu', 'TERM_PROGRAM_VERSION': '1.98.0', 'GIO_LAUNCHED_DESKTOP_FILE': '/usr/share/applications/code.desktop', 'GTK_MODULES': 'gail:atk-bridge', 'GNOME_SHELL_SESSION_MODE': 'ubuntu', 'ROS_PYTHON_VERSION': '3', 'VSCODE_GIT_ASKPASS_MAIN': '/usr/share/code/resources/app/extensions/git/dist/askpass-main.js', 'PS1': '(py_ros2) %m%#', 'LC_MONETARY': 'es_MX.UTF-8', 'MANAGERPID': '1823', 'VSCODE_GIT_ASKPASS_NODE': '/usr/share/code/code', 'DBUS_SESSION_BUS_ADDRESS': 'unix:path=/run/user/1000/bus', 'GSM_SKIP_SSH_AGENT_WORKAROUND': 'true', 'SYSTEMD_EXEC_PID': '2384', 'ROS_STATIC_PEERS': '100.71.254.8', 'PYDEVD_DISABLE_FILE_VALIDATION': '1', 'BUNDLED_DEBUGPY_PATH': '/home/adrian/.vscode/extensions/ms-python.debugpy-2025.8.0-linux-x64/bundled/libs/debugpy', 'P9K_TTY': 'old', 'GIO_LAUNCHED_DESKTOP_FILE_PID': '4596', 'COLORTERM': 'truecolor', 'DEBUGINFOD_URLS': 'https://debuginfod.ubuntu.com', 'ZPFX': '/home/adrian/.local/share/zinit/polaris', 'ROS_DISTRO': 'jazzy', 'COLCON_PREFIX_PATH': '/home/adrian/Desktop/ROS2_playground/SCARA_robot/software/ros_scara_ws/install', 'LOGNAME': 'adrian', 'JOURNAL_STREAM': '8:16113', '_P9K_SSH_TTY': '/dev/pts/12', '_': '/usr/bin/colcon', 'XDG_SESSION_CLASS': 'user', 'MEMORY_PRESSURE_WATCH': '/sys/fs/cgroup/user.slice/user-1000.slice/user@1000.service/session.slice/org.gnome.Shell@x11.service/memory.pressure', 'ROS_VERSION': '2', 'USER_ZDOTDIR': '/home/adrian', 'USERNAME': 'adrian', 'FUNCNEST': '100', 'TERM': 'xterm-256color', 'GNOME_DESKTOP_SESSION_ID': 'this-is-deprecated', 'ROS_LOCALHOST_ONLY': '0', 'WINDOWPATH': '2', 'ZSH_CACHE_DIR': '/home/adrian/.cache/zinit', 'PMSPEC': '0uUpiPsf', 'PATH': '/home/adrian/.vscode/extensions/ms-python.python-2025.8.0-linux-x64/python_files/deactivate/zsh:/home/adrian/py_ros2/bin:/home/adrian/.vscode/extensions/ms-python.python-2025.8.0-linux-x64/python_files/deactivate/zsh:/home/adrian/py_ros2/bin:/opt/ros/jazzy/opt/gz_msgs_vendor/bin:/opt/ros/jazzy/opt/gz_tools_vendor/bin:/opt/ros/jazzy/opt/gz_ogre_next_vendor/bin:/opt/ros/jazzy/bin:/home/adrian/.local/share/zinit/polaris/bin:/home/adrian/.cargo/bin:/home/adrian/.local/bin:/usr/local/sbin:/usr/local/bin:/usr/sbin:/usr/bin:/sbin:/bin:/usr/games:/usr/local/games:/snap/bin:/snap/bin', 'PAPERSIZE': 'letter', 'SESSION_MANAGER': 'local/laptop:@/tmp/.ICE-unix/2333,unix/laptop:/tmp/.ICE-unix/2333', 'INVOCATION_ID': '9dffedc0273849eb8f0b95275162ca21', 'XDG_RUNTIME_DIR': '/run/user/1000', 'LC_ADDRESS': 'es_MX.UTF-8', 'XDG_MENU_PREFIX': 'gnome-', 'GDK_BACKEND': 'x11', 'DISPLAY': ':0', 'LANG': 'en_US.UTF-8', 'LC_TELEPHONE': 'es_MX.UTF-8', 'XDG_CURRENT_DESKTOP': 'Unity', 'RMW_IMPLEMENTATION': 'rmw_fastrtps_cpp', 'VSCODE_DEBUGPY_ADAPTER_ENDPOINTS': '/home/adrian/.vscode/extensions/ms-python.debugpy-2025.8.0-linux-x64/.noConfigDebugAdapterEndpoints/endpoint-d384532af5ea6b98.txt', 'VIRTUAL_ENV_PROMPT': '(py_ros2)', 'VSCODE_INJECTION': '1', 'XAUTHORITY': '/run/user/1000/gdm/Xauthority', 'XDG_SESSION_DESKTOP': 'ubuntu', 'XMODIFIERS': '@im=ibus', 'TERM_PROGRAM': 'vscode', 'VSCODE_GIT_IPC_HANDLE': '/run/user/1000/vscode-git-961a0a0869.sock', 'SSH_AUTH_SOCK': '/run/user/1000/keyring/ssh', 'ORIGINAL_XDG_CURRENT_DESKTOP': 'ubuntu:GNOME', 'AMENT_PREFIX_PATH': '/home/adrian/Desktop/ROS2_playground/SCARA_robot/software/ros_scara_ws/install/scara_control:/home/adrian/Desktop/ROS2_playground/SCARA_robot/software/ros_scara_ws/install/plc_chat:/home/adrian/Desktop/ROS2_playground/SCARA_robot/software/ros_scara_ws/install/micro_ros_setup:/home/adrian/Desktop/ROS2_playground/SCARA_robot/software/ros_scara_ws/install/micro_ros_agent:/home/adrian/Desktop/ROS2_playground/SCARA_robot/software/ros_scara_ws/install/micro_ros_msgs:/home/adrian/Desktop/ROS2_playground/SCARA_robot/software/ros_scara_ws/install/custom_msg_svrs:/home/adrian/Desktop/ROS2_playground/SCARA_robot/software/ros_scara_ws/install/box_detector:/opt/ros/jazzy', 'SHELL': '/bin/zsh', 'LC_NAME': 'es_MX.UTF-8', 'QT_ACCESSIBILITY': '1', 'GDMSESSION': 'ubuntu', 'GIT_DISCOVERY_ACROSS_FILESYSTEM': '1', 'IGN_GAZEBO_RESOURCE_PATH': '/opt/ros/jazzy/share', 'LC_MEASUREMENT': 'es_MX.UTF-8', 'GPG_AGENT_INFO': '/run/user/1000/gnupg/S.gpg-agent:0:1', 'LC_IDENTIFICATION': 'es_MX.UTF-8', 'GJS_DEBUG_OUTPUT': 'stderr', 'P9K_SSH': '0', 'QT_IM_MODULE': 'ibus', 'ROS_AUTOMATIC_DISCOVERY_RANGE': 'SUBNET', 'VSCODE_GIT_ASKPASS_EXTRA_ARGS': '', 'VIRTUAL_ENV': '/home/adrian/py_ros2', 'VSCODE_NONCE': '511c0417-c82a-41ae-8533-7cfa6b29990b', 'LC_ALL': 'en_US.UTF-8', 'PWD': '/home/adrian/Desktop/ROS2_playground/SCARA_robot/software/ros_scara_ws/build/custom_msg_svrs', 'XDG_DATA_DIRS': '/usr/share/ubuntu:/usr/share/gnome:/usr/local/share/:/usr/share/:/var/lib/snapd/desktop', 'XDG_CONFIG_DIRS': '/etc/xdg/xdg-ubuntu:/etc/xdg', 'ZDOTDIR': '/home/adrian', '_P9K_TTY': '/dev/pts/12', 'LC_NUMERIC': 'es_MX.UTF-8', 'PYTHONPATH': '/home/adrian/Desktop/ROS2_playground/SCARA_robot/software/ros_scara_ws/install/scara_control/lib/python3.12/site-packages:/home/adrian/Desktop/ROS2_playground/SCARA_robot/software/ros_scara_ws/install/plc_chat/lib/python3.12/site-packages:/home/adrian/Desktop/ROS2_playground/SCARA_robot/software/ros_scara_ws/install/micro_ros_msgs/lib/python3.12/site-packages:/home/adrian/Desktop/ROS2_playground/SCARA_robot/software/ros_scara_ws/install/custom_msg_svrs/lib/python3.12/site-packages:/home/adrian/Desktop/ROS2_playground/SCARA_robot/software/ros_scara_ws/install/box_detector/lib/python3.12/site-packages:/opt/ros/jazzy/lib/python3.12/site-packages', 'LC_PAPER': 'es_MX.UTF-8', 'COLCON': '1', 'MEMORY_PRESSURE_WRITE': 'c29tZSAyMDAwMDAgMjAwMDAwMAA=', 'CMAKE_PREFIX_PATH': '/home/adrian/Desktop/ROS2_playground/SCARA_robot/software/ros_scara_ws/install/micro_ros_setup:/home/adrian/Desktop/ROS2_playground/SCARA_robot/software/ros_scara_ws/install/micro_ros_agent:/home/adrian/Desktop/ROS2_playground/SCARA_robot/software/ros_scara_ws/install/micro_ros_msgs:/home/adrian/Desktop/ROS2_playground/SCARA_robot/software/ros_scara_ws/install/custom_msg_svrs:/opt/ros/jazzy/opt/gz_sim_vendor:/opt/ros/jazzy/opt/gz_sensors_vendor:/opt/ros/jazzy/opt/gz_physics_vendor:/opt/ros/jazzy/opt/sdformat_vendor:/opt/ros/jazzy/opt/gz_gui_vendor:/opt/ros/jazzy/opt/gz_transport_vendor:/opt/ros/jazzy/opt/gz_rendering_vendor:/opt/ros/jazzy/opt/gz_plugin_vendor:/opt/ros/jazzy/opt/gz_fuel_tools_vendor:/opt/ros/jazzy/opt/gz_msgs_vendor:/opt/ros/jazzy/opt/gz_common_vendor:/opt/ros/jazzy/opt/gz_math_vendor:/opt/ros/jazzy/opt/gz_utils_vendor:/opt/ros/jazzy/opt/gz_tools_vendor:/opt/ros/jazzy/opt/gz_ogre_next_vendor:/opt/ros/jazzy/opt/gz_dartsim_vendor:/opt/ros/jazzy/opt/gz_cmake_vendor:/home/adrian/Desktop/ROS2_playground/SCARA_robot/software/ros_scara_ws/install/scara_control:/home/adrian/Desktop/ROS2_playground/SCARA_robot/software/ros_scara_ws/install/plc_chat:/home/adrian/Desktop/ROS2_playground/SCARA_robot/software/ros_scara_ws/install/box_detector:/opt/ros/jazzy', 'LIBGL_DRIVERS_PATH': '/usr/lib/x86_64-linux-gnu/dri'}), 'shell': False}
[8.731243] (custom_msg_svrs) StdoutLine: {'line': b'-- Install configuration: ""\n'}
[8.731554] (-) TimerEvent: {}
[8.731687] (custom_msg_svrs) StdoutLine: {'line': b'-- Up-to-date: /home/adrian/Desktop/ROS2_playground/SCARA_robot/software/ros_scara_ws/install/custom_msg_svrs/share/ament_index/resource_index/rosidl_interfaces/custom_msg_svrs\n'}
[8.731954] (custom_msg_svrs) StdoutLine: {'line': b'-- Installing: /home/adrian/Desktop/ROS2_playground/SCARA_robot/software/ros_scara_ws/install/custom_msg_svrs/share/custom_msg_svrs/srv/MotorControl.json\n'}
[8.732105] (custom_msg_svrs) StdoutLine: {'line': b'-- Up-to-date: /home/adrian/Desktop/ROS2_playground/SCARA_robot/software/ros_scara_ws/install/custom_msg_svrs/include/custom_msg_svrs/custom_msg_svrs\n'}
[8.732242] (custom_msg_svrs) StdoutLine: {'line': b'-- Up-to-date: /home/adrian/Desktop/ROS2_playground/SCARA_robot/software/ros_scara_ws/install/custom_msg_svrs/include/custom_msg_svrs/custom_msg_svrs/srv\n'}
[8.732353] (custom_msg_svrs) StdoutLine: {'line': b'-- Installing: /home/adrian/Desktop/ROS2_playground/SCARA_robot/software/ros_scara_ws/install/custom_msg_svrs/include/custom_msg_svrs/custom_msg_svrs/srv/motor_control.h\n'}
[8.732444] (custom_msg_svrs) StdoutLine: {'line': b'-- Up-to-date: /home/adrian/Desktop/ROS2_playground/SCARA_robot/software/ros_scara_ws/install/custom_msg_svrs/include/custom_msg_svrs/custom_msg_svrs/srv/detail\n'}
[8.732566] (custom_msg_svrs) StdoutLine: {'line': b'-- Installing: /home/adrian/Desktop/ROS2_playground/SCARA_robot/software/ros_scara_ws/install/custom_msg_svrs/include/custom_msg_svrs/custom_msg_svrs/srv/detail/motor_control__functions.h\n'}
[8.732724] (custom_msg_svrs) StdoutLine: {'line': b'-- Installing: /home/adrian/Desktop/ROS2_playground/SCARA_robot/software/ros_scara_ws/install/custom_msg_svrs/include/custom_msg_svrs/custom_msg_svrs/srv/detail/motor_control__functions.c\n'}
[8.732850] (custom_msg_svrs) StdoutLine: {'line': b'-- Installing: /home/adrian/Desktop/ROS2_playground/SCARA_robot/software/ros_scara_ws/install/custom_msg_svrs/include/custom_msg_svrs/custom_msg_svrs/srv/detail/motor_control__description.c\n'}
[8.732991] (custom_msg_svrs) StdoutLine: {'line': b'-- Installing: /home/adrian/Desktop/ROS2_playground/SCARA_robot/software/ros_scara_ws/install/custom_msg_svrs/include/custom_msg_svrs/custom_msg_svrs/srv/detail/motor_control__type_support.h\n'}
[8.733084] (custom_msg_svrs) StdoutLine: {'line': b'-- Installing: /home/adrian/Desktop/ROS2_playground/SCARA_robot/software/ros_scara_ws/install/custom_msg_svrs/include/custom_msg_svrs/custom_msg_svrs/srv/detail/motor_control__struct.h\n'}
[8.733211] (custom_msg_svrs) StdoutLine: {'line': b'-- Installing: /home/adrian/Desktop/ROS2_playground/SCARA_robot/software/ros_scara_ws/install/custom_msg_svrs/include/custom_msg_svrs/custom_msg_svrs/srv/detail/motor_control__type_support.c\n'}
[8.733311] (custom_msg_svrs) StdoutLine: {'line': b'-- Up-to-date: /home/adrian/Desktop/ROS2_playground/SCARA_robot/software/ros_scara_ws/install/custom_msg_svrs/include/custom_msg_svrs/custom_msg_svrs/msg\n'}
[8.733403] (custom_msg_svrs) StdoutLine: {'line': b'-- Up-to-date: /home/adrian/Desktop/ROS2_playground/SCARA_robot/software/ros_scara_ws/install/custom_msg_svrs/include/custom_msg_svrs/custom_msg_svrs/msg/rosidl_generator_c__visibility_control.h\n'}
[8.733542] (custom_msg_svrs) StdoutLine: {'line': b'-- Up-to-date: /home/adrian/Desktop/ROS2_playground/SCARA_robot/software/ros_scara_ws/install/custom_msg_svrs/share/custom_msg_svrs/environment/library_path.sh\n'}
[8.733616] (custom_msg_svrs) StdoutLine: {'line': b'-- Up-to-date: /home/adrian/Desktop/ROS2_playground/SCARA_robot/software/ros_scara_ws/install/custom_msg_svrs/share/custom_msg_svrs/environment/library_path.dsv\n'}
[8.733717] (custom_msg_svrs) StdoutLine: {'line': b'-- Installing: /home/adrian/Desktop/ROS2_playground/SCARA_robot/software/ros_scara_ws/install/custom_msg_svrs/lib/libcustom_msg_svrs__rosidl_generator_c.so\n'}
[8.734188] (custom_msg_svrs) StdoutLine: {'line': b'-- Set non-toolchain portion of runtime path of "/home/adrian/Desktop/ROS2_playground/SCARA_robot/software/ros_scara_ws/install/custom_msg_svrs/lib/libcustom_msg_svrs__rosidl_generator_c.so" to ""\n'}
[8.734299] (custom_msg_svrs) StdoutLine: {'line': b'-- Up-to-date: /home/adrian/Desktop/ROS2_playground/SCARA_robot/software/ros_scara_ws/install/custom_msg_svrs/include/custom_msg_svrs/custom_msg_svrs\n'}
[8.734405] (custom_msg_svrs) StdoutLine: {'line': b'-- Up-to-date: /home/adrian/Desktop/ROS2_playground/SCARA_robot/software/ros_scara_ws/install/custom_msg_svrs/include/custom_msg_svrs/custom_msg_svrs/srv\n'}
[8.734478] (custom_msg_svrs) StdoutLine: {'line': b'-- Up-to-date: /home/adrian/Desktop/ROS2_playground/SCARA_robot/software/ros_scara_ws/install/custom_msg_svrs/include/custom_msg_svrs/custom_msg_svrs/srv/detail\n'}
[8.734558] (custom_msg_svrs) StdoutLine: {'line': b'-- Installing: /home/adrian/Desktop/ROS2_playground/SCARA_robot/software/ros_scara_ws/install/custom_msg_svrs/include/custom_msg_svrs/custom_msg_svrs/srv/detail/motor_control__rosidl_typesupport_fastrtps_c.h\n'}
[8.734677] (custom_msg_svrs) StdoutLine: {'line': b'-- Up-to-date: /home/adrian/Desktop/ROS2_playground/SCARA_robot/software/ros_scara_ws/install/custom_msg_svrs/include/custom_msg_svrs/custom_msg_svrs/msg\n'}
[8.734770] (custom_msg_svrs) StdoutLine: {'line': b'-- Up-to-date: /home/adrian/Desktop/ROS2_playground/SCARA_robot/software/ros_scara_ws/install/custom_msg_svrs/include/custom_msg_svrs/custom_msg_svrs/msg/rosidl_typesupport_fastrtps_c__visibility_control.h\n'}
[8.734875] (custom_msg_svrs) StdoutLine: {'line': b'-- Installing: /home/adrian/Desktop/ROS2_playground/SCARA_robot/software/ros_scara_ws/install/custom_msg_svrs/lib/libcustom_msg_svrs__rosidl_typesupport_fastrtps_c.so\n'}
[8.735367] (custom_msg_svrs) StdoutLine: {'line': b'-- Set non-toolchain portion of runtime path of "/home/adrian/Desktop/ROS2_playground/SCARA_robot/software/ros_scara_ws/install/custom_msg_svrs/lib/libcustom_msg_svrs__rosidl_typesupport_fastrtps_c.so" to ""\n'}
[8.735480] (custom_msg_svrs) StdoutLine: {'line': b'-- Up-to-date: /home/adrian/Desktop/ROS2_playground/SCARA_robot/software/ros_scara_ws/install/custom_msg_svrs/include/custom_msg_svrs/custom_msg_svrs\n'}
[8.735583] (custom_msg_svrs) StdoutLine: {'line': b'-- Up-to-date: /home/adrian/Desktop/ROS2_playground/SCARA_robot/software/ros_scara_ws/install/custom_msg_svrs/include/custom_msg_svrs/custom_msg_svrs/srv\n'}
[8.735654] (custom_msg_svrs) StdoutLine: {'line': b'-- Up-to-date: /home/adrian/Desktop/ROS2_playground/SCARA_robot/software/ros_scara_ws/install/custom_msg_svrs/include/custom_msg_svrs/custom_msg_svrs/srv/detail\n'}
[8.735739] (custom_msg_svrs) StdoutLine: {'line': b'-- Installing: /home/adrian/Desktop/ROS2_playground/SCARA_robot/software/ros_scara_ws/install/custom_msg_svrs/include/custom_msg_svrs/custom_msg_svrs/srv/detail/motor_control__rosidl_typesupport_introspection_c.h\n'}
[8.735889] (custom_msg_svrs) StdoutLine: {'line': b'-- Installing: /home/adrian/Desktop/ROS2_playground/SCARA_robot/software/ros_scara_ws/install/custom_msg_svrs/include/custom_msg_svrs/custom_msg_svrs/srv/detail/motor_control__type_support.c\n'}
[8.736189] (custom_msg_svrs) StdoutLine: {'line': b'-- Up-to-date: /home/adrian/Desktop/ROS2_playground/SCARA_robot/software/ros_scara_ws/install/custom_msg_svrs/include/custom_msg_svrs/custom_msg_svrs/msg\n'}
[8.736369] (custom_msg_svrs) StdoutLine: {'line': b'-- Up-to-date: /home/adrian/Desktop/ROS2_playground/SCARA_robot/software/ros_scara_ws/install/custom_msg_svrs/include/custom_msg_svrs/custom_msg_svrs/msg/rosidl_typesupport_introspection_c__visibility_control.h\n'}
[8.736990] (custom_msg_svrs) StdoutLine: {'line': b'-- Installing: /home/adrian/Desktop/ROS2_playground/SCARA_robot/software/ros_scara_ws/install/custom_msg_svrs/lib/libcustom_msg_svrs__rosidl_typesupport_introspection_c.so\n'}
[8.737531] (custom_msg_svrs) StdoutLine: {'line': b'-- Set non-toolchain portion of runtime path of "/home/adrian/Desktop/ROS2_playground/SCARA_robot/software/ros_scara_ws/install/custom_msg_svrs/lib/libcustom_msg_svrs__rosidl_typesupport_introspection_c.so" to ""\n'}
[8.737737] (custom_msg_svrs) StdoutLine: {'line': b'-- Installing: /home/adrian/Desktop/ROS2_playground/SCARA_robot/software/ros_scara_ws/install/custom_msg_svrs/lib/libcustom_msg_svrs__rosidl_typesupport_c.so\n'}
[8.738188] (custom_msg_svrs) StdoutLine: {'line': b'-- Set non-toolchain portion of runtime path of "/home/adrian/Desktop/ROS2_playground/SCARA_robot/software/ros_scara_ws/install/custom_msg_svrs/lib/libcustom_msg_svrs__rosidl_typesupport_c.so" to ""\n'}
[8.738339] (custom_msg_svrs) StdoutLine: {'line': b'-- Up-to-date: /home/adrian/Desktop/ROS2_playground/SCARA_robot/software/ros_scara_ws/install/custom_msg_svrs/include/custom_msg_svrs/custom_msg_svrs\n'}
[8.738425] (custom_msg_svrs) StdoutLine: {'line': b'-- Up-to-date: /home/adrian/Desktop/ROS2_playground/SCARA_robot/software/ros_scara_ws/install/custom_msg_svrs/include/custom_msg_svrs/custom_msg_svrs/srv\n'}
[8.738528] (custom_msg_svrs) StdoutLine: {'line': b'-- Installing: /home/adrian/Desktop/ROS2_playground/SCARA_robot/software/ros_scara_ws/install/custom_msg_svrs/include/custom_msg_svrs/custom_msg_svrs/srv/motor_control.hpp\n'}
[8.738640] (custom_msg_svrs) StdoutLine: {'line': b'-- Up-to-date: /home/adrian/Desktop/ROS2_playground/SCARA_robot/software/ros_scara_ws/install/custom_msg_svrs/include/custom_msg_svrs/custom_msg_svrs/srv/detail\n'}
[8.738730] (custom_msg_svrs) StdoutLine: {'line': b'-- Installing: /home/adrian/Desktop/ROS2_playground/SCARA_robot/software/ros_scara_ws/install/custom_msg_svrs/include/custom_msg_svrs/custom_msg_svrs/srv/detail/motor_control__struct.hpp\n'}
[8.738833] (custom_msg_svrs) StdoutLine: {'line': b'-- Installing: /home/adrian/Desktop/ROS2_playground/SCARA_robot/software/ros_scara_ws/install/custom_msg_svrs/include/custom_msg_svrs/custom_msg_svrs/srv/detail/motor_control__traits.hpp\n'}
[8.739020] (custom_msg_svrs) StdoutLine: {'line': b'-- Installing: /home/adrian/Desktop/ROS2_playground/SCARA_robot/software/ros_scara_ws/install/custom_msg_svrs/include/custom_msg_svrs/custom_msg_svrs/srv/detail/motor_control__type_support.hpp\n'}
[8.739202] (custom_msg_svrs) StdoutLine: {'line': b'-- Installing: /home/adrian/Desktop/ROS2_playground/SCARA_robot/software/ros_scara_ws/install/custom_msg_svrs/include/custom_msg_svrs/custom_msg_svrs/srv/detail/motor_control__builder.hpp\n'}
[8.739411] (custom_msg_svrs) StdoutLine: {'line': b'-- Up-to-date: /home/adrian/Desktop/ROS2_playground/SCARA_robot/software/ros_scara_ws/install/custom_msg_svrs/include/custom_msg_svrs/custom_msg_svrs/msg\n'}
[8.739551] (custom_msg_svrs) StdoutLine: {'line': b'-- Installing: /home/adrian/Desktop/ROS2_playground/SCARA_robot/software/ros_scara_ws/install/custom_msg_svrs/include/custom_msg_svrs/custom_msg_svrs/msg/rosidl_generator_cpp__visibility_control.hpp\n'}
[8.739694] (custom_msg_svrs) StdoutLine: {'line': b'-- Up-to-date: /home/adrian/Desktop/ROS2_playground/SCARA_robot/software/ros_scara_ws/install/custom_msg_svrs/include/custom_msg_svrs/custom_msg_svrs\n'}
[8.739881] (custom_msg_svrs) StdoutLine: {'line': b'-- Up-to-date: /home/adrian/Desktop/ROS2_playground/SCARA_robot/software/ros_scara_ws/install/custom_msg_svrs/include/custom_msg_svrs/custom_msg_svrs/srv\n'}
[8.740013] (custom_msg_svrs) StdoutLine: {'line': b'-- Up-to-date: /home/adrian/Desktop/ROS2_playground/SCARA_robot/software/ros_scara_ws/install/custom_msg_svrs/include/custom_msg_svrs/custom_msg_svrs/srv/detail\n'}
[8.740095] (custom_msg_svrs) StdoutLine: {'line': b'-- Installing: /home/adrian/Desktop/ROS2_playground/SCARA_robot/software/ros_scara_ws/install/custom_msg_svrs/include/custom_msg_svrs/custom_msg_svrs/srv/detail/motor_control__rosidl_typesupport_fastrtps_cpp.hpp\n'}
[8.740255] (custom_msg_svrs) StdoutLine: {'line': b'-- Up-to-date: /home/adrian/Desktop/ROS2_playground/SCARA_robot/software/ros_scara_ws/install/custom_msg_svrs/include/custom_msg_svrs/custom_msg_svrs/srv/detail/dds_fastrtps\n'}
[8.740347] (custom_msg_svrs) StdoutLine: {'line': b'-- Up-to-date: /home/adrian/Desktop/ROS2_playground/SCARA_robot/software/ros_scara_ws/install/custom_msg_svrs/include/custom_msg_svrs/custom_msg_svrs/msg\n'}
[8.740447] (custom_msg_svrs) StdoutLine: {'line': b'-- Up-to-date: /home/adrian/Desktop/ROS2_playground/SCARA_robot/software/ros_scara_ws/install/custom_msg_svrs/include/custom_msg_svrs/custom_msg_svrs/msg/rosidl_typesupport_fastrtps_cpp__visibility_control.h\n'}
[8.741228] (custom_msg_svrs) StdoutLine: {'line': b'-- Installing: /home/adrian/Desktop/ROS2_playground/SCARA_robot/software/ros_scara_ws/install/custom_msg_svrs/lib/libcustom_msg_svrs__rosidl_typesupport_fastrtps_cpp.so\n'}
[8.742114] (custom_msg_svrs) StdoutLine: {'line': b'-- Set non-toolchain portion of runtime path of "/home/adrian/Desktop/ROS2_playground/SCARA_robot/software/ros_scara_ws/install/custom_msg_svrs/lib/libcustom_msg_svrs__rosidl_typesupport_fastrtps_cpp.so" to ""\n'}
[8.742372] (custom_msg_svrs) StdoutLine: {'line': b'-- Up-to-date: /home/adrian/Desktop/ROS2_playground/SCARA_robot/software/ros_scara_ws/install/custom_msg_svrs/include/custom_msg_svrs/custom_msg_svrs\n'}
[8.742501] (custom_msg_svrs) StdoutLine: {'line': b'-- Up-to-date: /home/adrian/Desktop/ROS2_playground/SCARA_robot/software/ros_scara_ws/install/custom_msg_svrs/include/custom_msg_svrs/custom_msg_svrs/srv\n'}
[8.742639] (custom_msg_svrs) StdoutLine: {'line': b'-- Up-to-date: /home/adrian/Desktop/ROS2_playground/SCARA_robot/software/ros_scara_ws/install/custom_msg_svrs/include/custom_msg_svrs/custom_msg_svrs/srv/detail\n'}
[8.742805] (custom_msg_svrs) StdoutLine: {'line': b'-- Installing: /home/adrian/Desktop/ROS2_playground/SCARA_robot/software/ros_scara_ws/install/custom_msg_svrs/include/custom_msg_svrs/custom_msg_svrs/srv/detail/motor_control__rosidl_typesupport_introspection_cpp.hpp\n'}
[8.742915] (custom_msg_svrs) StdoutLine: {'line': b'-- Installing: /home/adrian/Desktop/ROS2_playground/SCARA_robot/software/ros_scara_ws/install/custom_msg_svrs/include/custom_msg_svrs/custom_msg_svrs/srv/detail/motor_control__type_support.cpp\n'}
[8.743777] (custom_msg_svrs) StdoutLine: {'line': b'-- Installing: /home/adrian/Desktop/ROS2_playground/SCARA_robot/software/ros_scara_ws/install/custom_msg_svrs/lib/libcustom_msg_svrs__rosidl_typesupport_introspection_cpp.so\n'}
[8.744536] (custom_msg_svrs) StdoutLine: {'line': b'-- Set non-toolchain portion of runtime path of "/home/adrian/Desktop/ROS2_playground/SCARA_robot/software/ros_scara_ws/install/custom_msg_svrs/lib/libcustom_msg_svrs__rosidl_typesupport_introspection_cpp.so" to ""\n'}
[8.745160] (custom_msg_svrs) StdoutLine: {'line': b'-- Installing: /home/adrian/Desktop/ROS2_playground/SCARA_robot/software/ros_scara_ws/install/custom_msg_svrs/lib/libcustom_msg_svrs__rosidl_typesupport_cpp.so\n'}
[8.745838] (custom_msg_svrs) StdoutLine: {'line': b'-- Set non-toolchain portion of runtime path of "/home/adrian/Desktop/ROS2_playground/SCARA_robot/software/ros_scara_ws/install/custom_msg_svrs/lib/libcustom_msg_svrs__rosidl_typesupport_cpp.so" to ""\n'}
[8.746142] (custom_msg_svrs) StdoutLine: {'line': b'-- Up-to-date: /home/adrian/Desktop/ROS2_playground/SCARA_robot/software/ros_scara_ws/install/custom_msg_svrs/share/custom_msg_svrs/environment/pythonpath.sh\n'}
[8.746286] (custom_msg_svrs) StdoutLine: {'line': b'-- Up-to-date: /home/adrian/Desktop/ROS2_playground/SCARA_robot/software/ros_scara_ws/install/custom_msg_svrs/share/custom_msg_svrs/environment/pythonpath.dsv\n'}
[8.746409] (custom_msg_svrs) StdoutLine: {'line': b'-- Up-to-date: /home/adrian/Desktop/ROS2_playground/SCARA_robot/software/ros_scara_ws/install/custom_msg_svrs/lib/python3.12/site-packages/custom_msg_svrs-0.0.0-py3.12.egg-info\n'}
[8.746497] (custom_msg_svrs) StdoutLine: {'line': b'-- Installing: /home/adrian/Desktop/ROS2_playground/SCARA_robot/software/ros_scara_ws/install/custom_msg_svrs/lib/python3.12/site-packages/custom_msg_svrs-0.0.0-py3.12.egg-info/PKG-INFO\n'}
[8.746582] (custom_msg_svrs) StdoutLine: {'line': b'-- Installing: /home/adrian/Desktop/ROS2_playground/SCARA_robot/software/ros_scara_ws/install/custom_msg_svrs/lib/python3.12/site-packages/custom_msg_svrs-0.0.0-py3.12.egg-info/dependency_links.txt\n'}
[8.746691] (custom_msg_svrs) StdoutLine: {'line': b'-- Installing: /home/adrian/Desktop/ROS2_playground/SCARA_robot/software/ros_scara_ws/install/custom_msg_svrs/lib/python3.12/site-packages/custom_msg_svrs-0.0.0-py3.12.egg-info/top_level.txt\n'}
[8.746887] (custom_msg_svrs) StdoutLine: {'line': b'-- Installing: /home/adrian/Desktop/ROS2_playground/SCARA_robot/software/ros_scara_ws/install/custom_msg_svrs/lib/python3.12/site-packages/custom_msg_svrs-0.0.0-py3.12.egg-info/SOURCES.txt\n'}
[8.747258] (custom_msg_svrs) StdoutLine: {'line': b'-- Up-to-date: /home/adrian/Desktop/ROS2_playground/SCARA_robot/software/ros_scara_ws/install/custom_msg_svrs/lib/python3.12/site-packages/custom_msg_svrs\n'}
[8.747401] (custom_msg_svrs) StdoutLine: {'line': b'-- Installing: /home/adrian/Desktop/ROS2_playground/SCARA_robot/software/ros_scara_ws/install/custom_msg_svrs/lib/python3.12/site-packages/custom_msg_svrs/custom_msg_svrs_s__rosidl_typesupport_fastrtps_c.so\n'}
[8.747729] (custom_msg_svrs) StdoutLine: {'line': b'-- Up-to-date: /home/adrian/Desktop/ROS2_playground/SCARA_robot/software/ros_scara_ws/install/custom_msg_svrs/lib/python3.12/site-packages/custom_msg_svrs/srv\n'}
[8.747877] (custom_msg_svrs) StdoutLine: {'line': b'-- Installing: /home/adrian/Desktop/ROS2_playground/SCARA_robot/software/ros_scara_ws/install/custom_msg_svrs/lib/python3.12/site-packages/custom_msg_svrs/srv/_motor_control.py\n'}
[8.748158] (custom_msg_svrs) StdoutLine: {'line': b'-- Installing: /home/adrian/Desktop/ROS2_playground/SCARA_robot/software/ros_scara_ws/install/custom_msg_svrs/lib/python3.12/site-packages/custom_msg_svrs/srv/_motor_control_s.c\n'}
[8.748484] (custom_msg_svrs) StdoutLine: {'line': b'-- Installing: /home/adrian/Desktop/ROS2_playground/SCARA_robot/software/ros_scara_ws/install/custom_msg_svrs/lib/python3.12/site-packages/custom_msg_svrs/srv/__init__.py\n'}
[8.748761] (custom_msg_svrs) StdoutLine: {'line': b'-- Installing: /home/adrian/Desktop/ROS2_playground/SCARA_robot/software/ros_scara_ws/install/custom_msg_svrs/lib/python3.12/site-packages/custom_msg_svrs/_custom_msg_svrs_s.ep.rosidl_typesupport_c.c\n'}
[8.749094] (custom_msg_svrs) StdoutLine: {'line': b'-- Installing: /home/adrian/Desktop/ROS2_playground/SCARA_robot/software/ros_scara_ws/install/custom_msg_svrs/lib/python3.12/site-packages/custom_msg_svrs/custom_msg_svrs_s__rosidl_typesupport_c.so\n'}
[8.749397] (custom_msg_svrs) StdoutLine: {'line': b'-- Installing: /home/adrian/Desktop/ROS2_playground/SCARA_robot/software/ros_scara_ws/install/custom_msg_svrs/lib/python3.12/site-packages/custom_msg_svrs/custom_msg_svrs_s__rosidl_typesupport_introspection_c.so\n'}
[8.749602] (custom_msg_svrs) StdoutLine: {'line': b'-- Installing: /home/adrian/Desktop/ROS2_playground/SCARA_robot/software/ros_scara_ws/install/custom_msg_svrs/lib/python3.12/site-packages/custom_msg_svrs/__init__.py\n'}
[8.749812] (custom_msg_svrs) StdoutLine: {'line': b'-- Installing: /home/adrian/Desktop/ROS2_playground/SCARA_robot/software/ros_scara_ws/install/custom_msg_svrs/lib/python3.12/site-packages/custom_msg_svrs/_custom_msg_svrs_s.ep.rosidl_typesupport_introspection_c.c\n'}
[8.750057] (custom_msg_svrs) StdoutLine: {'line': b'-- Installing: /home/adrian/Desktop/ROS2_playground/SCARA_robot/software/ros_scara_ws/install/custom_msg_svrs/lib/python3.12/site-packages/custom_msg_svrs/_custom_msg_svrs_s.ep.rosidl_typesupport_fastrtps_c.c\n'}
[8.794439] (custom_msg_svrs) StdoutLine: {'line': b"Listing '/home/adrian/Desktop/ROS2_playground/SCARA_robot/software/ros_scara_ws/install/custom_msg_svrs/lib/python3.12/site-packages/custom_msg_svrs'...\n"}
[8.794666] (custom_msg_svrs) StdoutLine: {'line': b"Compiling '/home/adrian/Desktop/ROS2_playground/SCARA_robot/software/ros_scara_ws/install/custom_msg_svrs/lib/python3.12/site-packages/custom_msg_svrs/__init__.py'...\n"}
[8.794804] (custom_msg_svrs) StdoutLine: {'line': b"Listing '/home/adrian/Desktop/ROS2_playground/SCARA_robot/software/ros_scara_ws/install/custom_msg_svrs/lib/python3.12/site-packages/custom_msg_svrs/srv'...\n"}
[8.794907] (custom_msg_svrs) StdoutLine: {'line': b"Compiling '/home/adrian/Desktop/ROS2_playground/SCARA_robot/software/ros_scara_ws/install/custom_msg_svrs/lib/python3.12/site-packages/custom_msg_svrs/srv/__init__.py'...\n"}
[8.795006] (custom_msg_svrs) StdoutLine: {'line': b"Compiling '/home/adrian/Desktop/ROS2_playground/SCARA_robot/software/ros_scara_ws/install/custom_msg_svrs/lib/python3.12/site-packages/custom_msg_svrs/srv/_motor_control.py'...\n"}
[8.800866] (custom_msg_svrs) StdoutLine: {'line': b'-- Installing: /home/adrian/Desktop/ROS2_playground/SCARA_robot/software/ros_scara_ws/install/custom_msg_svrs/lib/python3.12/site-packages/custom_msg_svrs/custom_msg_svrs_s__rosidl_typesupport_fastrtps_c.so\n'}
[8.801318] (custom_msg_svrs) StdoutLine: {'line': b'-- Set non-toolchain portion of runtime path of "/home/adrian/Desktop/ROS2_playground/SCARA_robot/software/ros_scara_ws/install/custom_msg_svrs/lib/python3.12/site-packages/custom_msg_svrs/custom_msg_svrs_s__rosidl_typesupport_fastrtps_c.so" to ""\n'}
[8.801542] (custom_msg_svrs) StdoutLine: {'line': b'-- Installing: /home/adrian/Desktop/ROS2_playground/SCARA_robot/software/ros_scara_ws/install/custom_msg_svrs/lib/python3.12/site-packages/custom_msg_svrs/custom_msg_svrs_s__rosidl_typesupport_introspection_c.so\n'}
[8.802009] (custom_msg_svrs) StdoutLine: {'line': b'-- Set non-toolchain portion of runtime path of "/home/adrian/Desktop/ROS2_playground/SCARA_robot/software/ros_scara_ws/install/custom_msg_svrs/lib/python3.12/site-packages/custom_msg_svrs/custom_msg_svrs_s__rosidl_typesupport_introspection_c.so" to ""\n'}
[8.802258] (custom_msg_svrs) StdoutLine: {'line': b'-- Installing: /home/adrian/Desktop/ROS2_playground/SCARA_robot/software/ros_scara_ws/install/custom_msg_svrs/lib/python3.12/site-packages/custom_msg_svrs/custom_msg_svrs_s__rosidl_typesupport_c.so\n'}
[8.802723] (custom_msg_svrs) StdoutLine: {'line': b'-- Set non-toolchain portion of runtime path of "/home/adrian/Desktop/ROS2_playground/SCARA_robot/software/ros_scara_ws/install/custom_msg_svrs/lib/python3.12/site-packages/custom_msg_svrs/custom_msg_svrs_s__rosidl_typesupport_c.so" to ""\n'}
[8.802922] (custom_msg_svrs) StdoutLine: {'line': b'-- Installing: /home/adrian/Desktop/ROS2_playground/SCARA_robot/software/ros_scara_ws/install/custom_msg_svrs/lib/libcustom_msg_svrs__rosidl_generator_py.so\n'}
[8.803460] (custom_msg_svrs) StdoutLine: {'line': b'-- Set non-toolchain portion of runtime path of "/home/adrian/Desktop/ROS2_playground/SCARA_robot/software/ros_scara_ws/install/custom_msg_svrs/lib/libcustom_msg_svrs__rosidl_generator_py.so" to ""\n'}
[8.803605] (custom_msg_svrs) StdoutLine: {'line': b'-- Installing: /home/adrian/Desktop/ROS2_playground/SCARA_robot/software/ros_scara_ws/install/custom_msg_svrs/share/custom_msg_svrs/srv/MotorControl.idl\n'}
[8.803798] (custom_msg_svrs) StdoutLine: {'line': b'-- Installing: /home/adrian/Desktop/ROS2_playground/SCARA_robot/software/ros_scara_ws/install/custom_msg_svrs/share/custom_msg_svrs/srv/MotorControl.srv\n'}
[8.804040] (custom_msg_svrs) StdoutLine: {'line': b'-- Up-to-date: /home/adrian/Desktop/ROS2_playground/SCARA_robot/software/ros_scara_ws/install/custom_msg_svrs/share/ament_index/resource_index/package_run_dependencies/custom_msg_svrs\n'}
[8.804198] (custom_msg_svrs) StdoutLine: {'line': b'-- Installing: /home/adrian/Desktop/ROS2_playground/SCARA_robot/software/ros_scara_ws/install/custom_msg_svrs/share/ament_index/resource_index/parent_prefix_path/custom_msg_svrs\n'}
[8.804438] (custom_msg_svrs) StdoutLine: {'line': b'-- Up-to-date: /home/adrian/Desktop/ROS2_playground/SCARA_robot/software/ros_scara_ws/install/custom_msg_svrs/share/custom_msg_svrs/environment/ament_prefix_path.sh\n'}
[8.804567] (custom_msg_svrs) StdoutLine: {'line': b'-- Up-to-date: /home/adrian/Desktop/ROS2_playground/SCARA_robot/software/ros_scara_ws/install/custom_msg_svrs/share/custom_msg_svrs/environment/ament_prefix_path.dsv\n'}
[8.804689] (custom_msg_svrs) StdoutLine: {'line': b'-- Up-to-date: /home/adrian/Desktop/ROS2_playground/SCARA_robot/software/ros_scara_ws/install/custom_msg_svrs/share/custom_msg_svrs/environment/path.sh\n'}
[8.804803] (custom_msg_svrs) StdoutLine: {'line': b'-- Up-to-date: /home/adrian/Desktop/ROS2_playground/SCARA_robot/software/ros_scara_ws/install/custom_msg_svrs/share/custom_msg_svrs/environment/path.dsv\n'}
[8.804888] (custom_msg_svrs) StdoutLine: {'line': b'-- Up-to-date: /home/adrian/Desktop/ROS2_playground/SCARA_robot/software/ros_scara_ws/install/custom_msg_svrs/share/custom_msg_svrs/local_setup.bash\n'}
[8.804980] (custom_msg_svrs) StdoutLine: {'line': b'-- Up-to-date: /home/adrian/Desktop/ROS2_playground/SCARA_robot/software/ros_scara_ws/install/custom_msg_svrs/share/custom_msg_svrs/local_setup.sh\n'}
[8.805056] (custom_msg_svrs) StdoutLine: {'line': b'-- Up-to-date: /home/adrian/Desktop/ROS2_playground/SCARA_robot/software/ros_scara_ws/install/custom_msg_svrs/share/custom_msg_svrs/local_setup.zsh\n'}
[8.805130] (custom_msg_svrs) StdoutLine: {'line': b'-- Up-to-date: /home/adrian/Desktop/ROS2_playground/SCARA_robot/software/ros_scara_ws/install/custom_msg_svrs/share/custom_msg_svrs/local_setup.dsv\n'}
[8.805206] (custom_msg_svrs) StdoutLine: {'line': b'-- Installing: /home/adrian/Desktop/ROS2_playground/SCARA_robot/software/ros_scara_ws/install/custom_msg_svrs/share/custom_msg_svrs/package.dsv\n'}
[8.805303] (custom_msg_svrs) StdoutLine: {'line': b'-- Up-to-date: /home/adrian/Desktop/ROS2_playground/SCARA_robot/software/ros_scara_ws/install/custom_msg_svrs/share/ament_index/resource_index/packages/custom_msg_svrs\n'}
[8.805452] (custom_msg_svrs) StdoutLine: {'line': b'-- Up-to-date: /home/adrian/Desktop/ROS2_playground/SCARA_robot/software/ros_scara_ws/install/custom_msg_svrs/share/custom_msg_svrs/cmake/export_custom_msg_svrs__rosidl_generator_cExport.cmake\n'}
[8.805543] (custom_msg_svrs) StdoutLine: {'line': b'-- Up-to-date: /home/adrian/Desktop/ROS2_playground/SCARA_robot/software/ros_scara_ws/install/custom_msg_svrs/share/custom_msg_svrs/cmake/export_custom_msg_svrs__rosidl_generator_cExport-noconfig.cmake\n'}
[8.805828] (custom_msg_svrs) StdoutLine: {'line': b'-- Up-to-date: /home/adrian/Desktop/ROS2_playground/SCARA_robot/software/ros_scara_ws/install/custom_msg_svrs/share/custom_msg_svrs/cmake/export_custom_msg_svrs__rosidl_typesupport_fastrtps_cExport.cmake\n'}
[8.805973] (custom_msg_svrs) StdoutLine: {'line': b'-- Up-to-date: /home/adrian/Desktop/ROS2_playground/SCARA_robot/software/ros_scara_ws/install/custom_msg_svrs/share/custom_msg_svrs/cmake/export_custom_msg_svrs__rosidl_typesupport_fastrtps_cExport-noconfig.cmake\n'}
[8.806166] (custom_msg_svrs) StdoutLine: {'line': b'-- Up-to-date: /home/adrian/Desktop/ROS2_playground/SCARA_robot/software/ros_scara_ws/install/custom_msg_svrs/share/custom_msg_svrs/cmake/custom_msg_svrs__rosidl_typesupport_introspection_cExport.cmake\n'}
[8.806271] (custom_msg_svrs) StdoutLine: {'line': b'-- Up-to-date: /home/adrian/Desktop/ROS2_playground/SCARA_robot/software/ros_scara_ws/install/custom_msg_svrs/share/custom_msg_svrs/cmake/custom_msg_svrs__rosidl_typesupport_introspection_cExport-noconfig.cmake\n'}
[8.806439] (custom_msg_svrs) StdoutLine: {'line': b'-- Up-to-date: /home/adrian/Desktop/ROS2_playground/SCARA_robot/software/ros_scara_ws/install/custom_msg_svrs/share/custom_msg_svrs/cmake/custom_msg_svrs__rosidl_typesupport_cExport.cmake\n'}
[8.806540] (custom_msg_svrs) StdoutLine: {'line': b'-- Up-to-date: /home/adrian/Desktop/ROS2_playground/SCARA_robot/software/ros_scara_ws/install/custom_msg_svrs/share/custom_msg_svrs/cmake/custom_msg_svrs__rosidl_typesupport_cExport-noconfig.cmake\n'}
[8.806760] (custom_msg_svrs) StdoutLine: {'line': b'-- Up-to-date: /home/adrian/Desktop/ROS2_playground/SCARA_robot/software/ros_scara_ws/install/custom_msg_svrs/share/custom_msg_svrs/cmake/export_custom_msg_svrs__rosidl_generator_cppExport.cmake\n'}
[8.806999] (custom_msg_svrs) StdoutLine: {'line': b'-- Up-to-date: /home/adrian/Desktop/ROS2_playground/SCARA_robot/software/ros_scara_ws/install/custom_msg_svrs/share/custom_msg_svrs/cmake/export_custom_msg_svrs__rosidl_typesupport_fastrtps_cppExport.cmake\n'}
[8.807157] (custom_msg_svrs) StdoutLine: {'line': b'-- Up-to-date: /home/adrian/Desktop/ROS2_playground/SCARA_robot/software/ros_scara_ws/install/custom_msg_svrs/share/custom_msg_svrs/cmake/export_custom_msg_svrs__rosidl_typesupport_fastrtps_cppExport-noconfig.cmake\n'}
[8.807290] (custom_msg_svrs) StdoutLine: {'line': b'-- Up-to-date: /home/adrian/Desktop/ROS2_playground/SCARA_robot/software/ros_scara_ws/install/custom_msg_svrs/share/custom_msg_svrs/cmake/custom_msg_svrs__rosidl_typesupport_introspection_cppExport.cmake\n'}
[8.807414] (custom_msg_svrs) StdoutLine: {'line': b'-- Up-to-date: /home/adrian/Desktop/ROS2_playground/SCARA_robot/software/ros_scara_ws/install/custom_msg_svrs/share/custom_msg_svrs/cmake/custom_msg_svrs__rosidl_typesupport_introspection_cppExport-noconfig.cmake\n'}
[8.807539] (custom_msg_svrs) StdoutLine: {'line': b'-- Up-to-date: /home/adrian/Desktop/ROS2_playground/SCARA_robot/software/ros_scara_ws/install/custom_msg_svrs/share/custom_msg_svrs/cmake/custom_msg_svrs__rosidl_typesupport_cppExport.cmake\n'}
[8.807637] (custom_msg_svrs) StdoutLine: {'line': b'-- Up-to-date: /home/adrian/Desktop/ROS2_playground/SCARA_robot/software/ros_scara_ws/install/custom_msg_svrs/share/custom_msg_svrs/cmake/custom_msg_svrs__rosidl_typesupport_cppExport-noconfig.cmake\n'}
[8.807789] (custom_msg_svrs) StdoutLine: {'line': b'-- Up-to-date: /home/adrian/Desktop/ROS2_playground/SCARA_robot/software/ros_scara_ws/install/custom_msg_svrs/share/custom_msg_svrs/cmake/export_custom_msg_svrs__rosidl_generator_pyExport.cmake\n'}
[8.807924] (custom_msg_svrs) StdoutLine: {'line': b'-- Up-to-date: /home/adrian/Desktop/ROS2_playground/SCARA_robot/software/ros_scara_ws/install/custom_msg_svrs/share/custom_msg_svrs/cmake/export_custom_msg_svrs__rosidl_generator_pyExport-noconfig.cmake\n'}
[8.808066] (custom_msg_svrs) StdoutLine: {'line': b'-- Up-to-date: /home/adrian/Desktop/ROS2_playground/SCARA_robot/software/ros_scara_ws/install/custom_msg_svrs/share/custom_msg_svrs/cmake/rosidl_cmake-extras.cmake\n'}
[8.808152] (custom_msg_svrs) StdoutLine: {'line': b'-- Up-to-date: /home/adrian/Desktop/ROS2_playground/SCARA_robot/software/ros_scara_ws/install/custom_msg_svrs/share/custom_msg_svrs/cmake/ament_cmake_export_dependencies-extras.cmake\n'}
[8.808290] (custom_msg_svrs) StdoutLine: {'line': b'-- Up-to-date: /home/adrian/Desktop/ROS2_playground/SCARA_robot/software/ros_scara_ws/install/custom_msg_svrs/share/custom_msg_svrs/cmake/ament_cmake_export_include_directories-extras.cmake\n'}
[8.808400] (custom_msg_svrs) StdoutLine: {'line': b'-- Up-to-date: /home/adrian/Desktop/ROS2_playground/SCARA_robot/software/ros_scara_ws/install/custom_msg_svrs/share/custom_msg_svrs/cmake/ament_cmake_export_libraries-extras.cmake\n'}
[8.808533] (custom_msg_svrs) StdoutLine: {'line': b'-- Up-to-date: /home/adrian/Desktop/ROS2_playground/SCARA_robot/software/ros_scara_ws/install/custom_msg_svrs/share/custom_msg_svrs/cmake/ament_cmake_export_targets-extras.cmake\n'}
[8.808612] (custom_msg_svrs) StdoutLine: {'line': b'-- Up-to-date: /home/adrian/Desktop/ROS2_playground/SCARA_robot/software/ros_scara_ws/install/custom_msg_svrs/share/custom_msg_svrs/cmake/rosidl_cmake_export_typesupport_targets-extras.cmake\n'}
[8.808688] (custom_msg_svrs) StdoutLine: {'line': b'-- Up-to-date: /home/adrian/Desktop/ROS2_playground/SCARA_robot/software/ros_scara_ws/install/custom_msg_svrs/share/custom_msg_svrs/cmake/rosidl_cmake_export_typesupport_libraries-extras.cmake\n'}
[8.808799] (custom_msg_svrs) StdoutLine: {'line': b'-- Up-to-date: /home/adrian/Desktop/ROS2_playground/SCARA_robot/software/ros_scara_ws/install/custom_msg_svrs/share/custom_msg_svrs/cmake/custom_msg_svrsConfig.cmake\n'}
[8.808885] (custom_msg_svrs) StdoutLine: {'line': b'-- Up-to-date: /home/adrian/Desktop/ROS2_playground/SCARA_robot/software/ros_scara_ws/install/custom_msg_svrs/share/custom_msg_svrs/cmake/custom_msg_svrsConfig-version.cmake\n'}
[8.808957] (custom_msg_svrs) StdoutLine: {'line': b'-- Up-to-date: /home/adrian/Desktop/ROS2_playground/SCARA_robot/software/ros_scara_ws/install/custom_msg_svrs/share/custom_msg_svrs/package.xml\n'}
[8.811126] (custom_msg_svrs) CommandEnded: {'returncode': 0}
[8.831640] (-) TimerEvent: {}
[8.836684] (custom_msg_svrs) JobEnded: {'identifier': 'custom_msg_svrs', 'rc': 0}
[8.837926] (-) EventReactorShutdown: {}
