[0.000000] (-) TimerEvent: {}
[0.000259] (-) JobUnselected: {'identifier': 'custom_msg_svrs'}
[0.000445] (-) JobUnselected: {'identifier': 'drive_base_msgs'}
[0.000572] (-) JobUnselected: {'identifier': 'micro_ros_agent'}
[0.000727] (-) JobUnselected: {'identifier': 'micro_ros_msgs'}
[0.000834] (-) JobUnselected: {'identifier': 'micro_ros_setup'}
[0.000909] (-) JobUnselected: {'identifier': 'plc_chat'}
[0.000928] (-) JobUnselected: {'identifier': 'scara_control'}
[0.001033] (box_detector) JobQueued: {'identifier': 'box_detector', 'dependencies': OrderedDict()}
[0.001052] (box_detector) JobStarted: {'identifier': 'box_detector'}
[0.099846] (-) TimerEvent: {}
[0.200076] (-) TimerEvent: {}
[0.300272] (-) TimerEvent: {}
[0.400493] (-) TimerEvent: {}
[0.500721] (-) TimerEvent: {}
[0.600945] (-) TimerEvent: {}
[0.701188] (-) TimerEvent: {}
[0.801472] (-) TimerEvent: {}
[0.825741] (box_detector) Command: {'cmd': ['/usr/bin/python3', '-W', 'ignore:setup.py install is deprecated', '-W', 'ignore:easy_install command is deprecated', 'setup.py', 'egg_info', '--egg-base', '../../build/box_detector', 'build', '--build-base', '/home/adrian/Desktop/ROS2_playground/SCARA_robot/software/ros_scara_ws/build/box_detector/build', 'install', '--record', '/home/adrian/Desktop/ROS2_playground/SCARA_robot/software/ros_scara_ws/build/box_detector/install.log', '--single-version-externally-managed', 'install_data'], 'cwd': '/home/adrian/Desktop/ROS2_playground/SCARA_robot/software/ros_scara_ws/src/box_detector', 'env': {'TMUX': '/tmp/tmux-1000/default,9933,0', 'LANGUAGE': 'en_US:en', 'LC_TIME': 'es_MX.UTF-8', 'USER': 'adrian', 'GZ_CONFIG_PATH': '/opt/ros/jazzy/opt/gz_sim_vendor/share/gz:/opt/ros/jazzy/opt/sdformat_vendor/share/gz:/opt/ros/jazzy/opt/gz_gui_vendor/share/gz:/opt/ros/jazzy/opt/gz_transport_vendor/share/gz:/opt/ros/jazzy/opt/gz_rendering_vendor/share/gz:/opt/ros/jazzy/opt/gz_plugin_vendor/share/gz:/opt/ros/jazzy/opt/gz_fuel_tools_vendor/share/gz:/opt/ros/jazzy/opt/gz_msgs_vendor/share/gz:/opt/ros/jazzy/opt/gz_common_vendor/share/gz', 'PT8HOME': '/opt/pt', 'XDG_SESSION_TYPE': 'x11', 'CLUTTER_DISABLE_MIPMAPPED_TEXT': '1', 'LD_LIBRARY_PATH': '/opt/ros/jazzy/opt/gz_sim_vendor/lib:/opt/ros/jazzy/opt/gz_sensors_vendor/lib:/opt/ros/jazzy/opt/gz_physics_vendor/lib:/opt/ros/jazzy/opt/sdformat_vendor/lib:/opt/ros/jazzy/opt/rviz_ogre_vendor/lib:/opt/ros/jazzy/lib/x86_64-linux-gnu:/opt/ros/jazzy/opt/gz_gui_vendor/lib:/opt/ros/jazzy/opt/gz_transport_vendor/lib:/opt/ros/jazzy/opt/gz_rendering_vendor/lib:/opt/ros/jazzy/opt/gz_plugin_vendor/lib:/opt/ros/jazzy/opt/gz_fuel_tools_vendor/lib:/opt/ros/jazzy/opt/gz_msgs_vendor/lib:/opt/ros/jazzy/opt/gz_common_vendor/lib:/opt/ros/jazzy/opt/gz_math_vendor/lib:/opt/ros/jazzy/opt/gz_utils_vendor/lib:/opt/ros/jazzy/opt/gz_tools_vendor/lib:/opt/ros/jazzy/opt/gz_ogre_next_vendor/lib:/opt/ros/jazzy/opt/gz_dartsim_vendor/lib:/opt/ros/jazzy/opt/gz_cmake_vendor/lib:/opt/ros/jazzy/lib', 'SHLVL': '2', 'HOME': '/home/adrian', 'OLDPWD': '/home/adrian', 'DESKTOP_SESSION': 'ubuntu', 'TERM_PROGRAM_VERSION': '3.4', 'GNOME_SHELL_SESSION_MODE': 'ubuntu', 'GTK_MODULES': 'gail:atk-bridge', 'ROS_PYTHON_VERSION': '3', 'LC_MONETARY': 'es_MX.UTF-8', 'DBUS_SESSION_BUS_ADDRESS': 'unix:path=/run/user/1000/bus', 'GSM_SKIP_SSH_AGENT_WORKAROUND': 'true', 'P9K_TTY': 'old', 'SYSTEMD_EXEC_PID': '2343', 'COLORTERM': 'truecolor', 'DEBUGINFOD_URLS': 'https://debuginfod.ubuntu.com', 'ZPFX': '/home/adrian/.local/share/zinit/polaris', 'ROS_DISTRO': 'jazzy', 'LOGNAME': 'adrian', '_': '/usr/bin/colcon', '_P9K_SSH_TTY': '/dev/pts/7', 'MEMORY_PRESSURE_WATCH': '/sys/fs/cgroup/user.slice/user-1000.slice/user@1000.service/session.slice/org.gnome.Shell@x11.service/memory.pressure', 'ROS_VERSION': '2', 'XDG_SESSION_CLASS': 'user', 'FUNCNEST': '100', 'TERM': 'screen-256color', 'USERNAME': 'adrian', 'GNOME_DESKTOP_SESSION_ID': 'this-is-deprecated', 'PMSPEC': '0uUpiPsf', 'WINDOWPATH': '2', 'ZSH_CACHE_DIR': '/home/adrian/.cache/zinit', 'PATH': '/opt/ros/jazzy/opt/gz_msgs_vendor/bin:/opt/ros/jazzy/opt/gz_tools_vendor/bin:/opt/ros/jazzy/opt/gz_ogre_next_vendor/bin:/opt/ros/jazzy/bin:/home/adrian/.local/share/zinit/polaris/bin:/home/adrian/.cargo/bin:/home/adrian/.local/bin:/usr/local/sbin:/usr/local/bin:/usr/sbin:/usr/bin:/sbin:/bin:/usr/games:/usr/local/games:/snap/bin:/snap/bin', 'PAPERSIZE': 'letter', 'SESSION_MANAGER': 'local/laptop:@/tmp/.ICE-unix/2300,unix/laptop:/tmp/.ICE-unix/2300', 'GNOME_TERMINAL_SCREEN': '/org/gnome/Terminal/screen/df662290_96ba_4b65_a84f_b081f6036ae4', 'LC_ADDRESS': 'es_MX.UTF-8', 'XDG_MENU_PREFIX': 'gnome-', 'XDG_RUNTIME_DIR': '/run/user/1000', 'DISPLAY': ':0', 'LANG': 'en_US.UTF-8', 'LC_TELEPHONE': 'es_MX.UTF-8', 'XDG_CURRENT_DESKTOP': 'ubuntu:GNOME', 'GNOME_TERMINAL_SERVICE': ':1.120', 'TERM_PROGRAM': 'tmux', 'XAUTHORITY': '/run/user/1000/gdm/Xauthority', 'XDG_SESSION_DESKTOP': 'ubuntu', 'XMODIFIERS': '@im=ibus', 'AMENT_PREFIX_PATH': '/opt/ros/jazzy', 'ROS_DOMAIN_ID': '0', 'SSH_AUTH_SOCK': '/run/user/1000/keyring/ssh', 'LC_NAME': 'es_MX.UTF-8', 'SHELL': '/bin/zsh', 'GDMSESSION': 'ubuntu', 'GIT_DISCOVERY_ACROSS_FILESYSTEM': '1', 'QT_ACCESSIBILITY': '1', 'IGN_GAZEBO_RESOURCE_PATH': '/opt/ros/jazzy/share', 'LC_MEASUREMENT': 'es_MX.UTF-8', 'GPG_AGENT_INFO': '/run/user/1000/gnupg/S.gpg-agent:0:1', 'LC_IDENTIFICATION': 'es_MX.UTF-8', 'P9K_SSH': '0', 'QT_IM_MODULE': 'ibus', 'ROS_AUTOMATIC_DISCOVERY_RANGE': 'SUBNET', 'LC_ALL': 'en_US.UTF-8', 'PWD': '/home/adrian/Desktop/ROS2_playground/SCARA_robot/software/ros_scara_ws/build/box_detector', 'XDG_CONFIG_DIRS': '/etc/xdg/xdg-ubuntu:/etc/xdg', 'XDG_DATA_DIRS': '/usr/share/ubuntu:/usr/share/gnome:/usr/local/share/:/usr/share/:/var/lib/snapd/desktop', '_P9K_TTY': '/dev/pts/7', 'LC_NUMERIC': 'es_MX.UTF-8', 'PYTHONPATH': '/home/adrian/Desktop/ROS2_playground/SCARA_robot/software/ros_scara_ws/build/box_detector/prefix_override:/usr/lib/python3/dist-packages/colcon_core/task/python/colcon_distutils_commands:/home/adrian/Desktop/ROS2_playground/SCARA_robot/software/ros_scara_ws/install/box_detector/lib/python3.12/site-packages:/opt/ros/jazzy/lib/python3.12/site-packages', 'LC_PAPER': 'es_MX.UTF-8', 'TMUX_PLUGIN_MANAGER_PATH': '/home/adrian/.tmux/plugins/', 'COLCON': '1', 'MEMORY_PRESSURE_WRITE': 'c29tZSAyMDAwMDAgMjAwMDAwMAA=', 'TMUX_PANE': '%4', 'VTE_VERSION': '7600', 'CMAKE_PREFIX_PATH': '/opt/ros/jazzy/opt/gz_sim_vendor:/opt/ros/jazzy/opt/gz_sensors_vendor:/opt/ros/jazzy/opt/gz_physics_vendor:/opt/ros/jazzy/opt/sdformat_vendor:/opt/ros/jazzy/opt/gz_gui_vendor:/opt/ros/jazzy/opt/gz_transport_vendor:/opt/ros/jazzy/opt/gz_rendering_vendor:/opt/ros/jazzy/opt/gz_plugin_vendor:/opt/ros/jazzy/opt/gz_fuel_tools_vendor:/opt/ros/jazzy/opt/gz_msgs_vendor:/opt/ros/jazzy/opt/gz_common_vendor:/opt/ros/jazzy/opt/gz_math_vendor:/opt/ros/jazzy/opt/gz_utils_vendor:/opt/ros/jazzy/opt/gz_tools_vendor:/opt/ros/jazzy/opt/gz_ogre_next_vendor:/opt/ros/jazzy/opt/gz_dartsim_vendor:/opt/ros/jazzy/opt/gz_cmake_vendor', 'LIBGL_DRIVERS_PATH': '/usr/lib/x86_64-linux-gnu/dri'}, 'shell': False}
[0.901563] (-) TimerEvent: {}
[1.001815] (-) TimerEvent: {}
[1.097170] (box_detector) StdoutLine: {'line': b'running egg_info\n'}
[1.101885] (-) TimerEvent: {}
[1.118875] (box_detector) StdoutLine: {'line': b'writing ../../build/box_detector/box_detector.egg-info/PKG-INFO\n'}
[1.119113] (box_detector) StdoutLine: {'line': b'writing dependency_links to ../../build/box_detector/box_detector.egg-info/dependency_links.txt\n'}
[1.119264] (box_detector) StdoutLine: {'line': b'writing entry points to ../../build/box_detector/box_detector.egg-info/entry_points.txt\n'}
[1.119402] (box_detector) StdoutLine: {'line': b'writing requirements to ../../build/box_detector/box_detector.egg-info/requires.txt\n'}
[1.119506] (box_detector) StdoutLine: {'line': b'writing top-level names to ../../build/box_detector/box_detector.egg-info/top_level.txt\n'}
[1.163214] (box_detector) StdoutLine: {'line': b"reading manifest file '../../build/box_detector/box_detector.egg-info/SOURCES.txt'\n"}
[1.163552] (box_detector) StdoutLine: {'line': b"adding license file 'LICENSE'\n"}
[1.164052] (box_detector) StdoutLine: {'line': b"writing manifest file '../../build/box_detector/box_detector.egg-info/SOURCES.txt'\n"}
[1.164212] (box_detector) StdoutLine: {'line': b'running build\n'}
[1.164327] (box_detector) StdoutLine: {'line': b'running build_py\n'}
[1.164443] (box_detector) StdoutLine: {'line': b'copying box_detector/ros_bridge_server.py -> /home/adrian/Desktop/ROS2_playground/SCARA_robot/software/ros_scara_ws/build/box_detector/build/lib/box_detector\n'}
[1.164736] (box_detector) StdoutLine: {'line': b'running install\n'}
[1.169863] (box_detector) StdoutLine: {'line': b'running install_lib\n'}
[1.191985] (box_detector) StdoutLine: {'line': b'copying /home/adrian/Desktop/ROS2_playground/SCARA_robot/software/ros_scara_ws/build/box_detector/build/lib/box_detector/ros_bridge_server.py -> /home/adrian/Desktop/ROS2_playground/SCARA_robot/software/ros_scara_ws/install/box_detector/lib/python3.12/site-packages/box_detector\n'}
[1.192536] (box_detector) StdoutLine: {'line': b'byte-compiling /home/adrian/Desktop/ROS2_playground/SCARA_robot/software/ros_scara_ws/install/box_detector/lib/python3.12/site-packages/box_detector/ros_bridge_server.py to ros_bridge_server.cpython-312.pyc\n'}
[1.194222] (box_detector) StdoutLine: {'line': b'running install_data\n'}
[1.194381] (box_detector) StdoutLine: {'line': b'running install_egg_info\n'}
[1.201977] (-) TimerEvent: {}
[1.217845] (box_detector) StdoutLine: {'line': b"removing '/home/adrian/Desktop/ROS2_playground/SCARA_robot/software/ros_scara_ws/install/box_detector/lib/python3.12/site-packages/box_detector-0.0.0-py3.12.egg-info' (and everything under it)\n"}
[1.218171] (box_detector) StdoutLine: {'line': b'Copying ../../build/box_detector/box_detector.egg-info to /home/adrian/Desktop/ROS2_playground/SCARA_robot/software/ros_scara_ws/install/box_detector/lib/python3.12/site-packages/box_detector-0.0.0-py3.12.egg-info\n'}
[1.219035] (box_detector) StdoutLine: {'line': b'running install_scripts\n'}
[1.302085] (-) TimerEvent: {}
[1.378116] (box_detector) StdoutLine: {'line': b'Installing box_node script to /home/adrian/Desktop/ROS2_playground/SCARA_robot/software/ros_scara_ws/install/box_detector/lib/box_detector\n'}
[1.378416] (box_detector) StdoutLine: {'line': b'Installing cam_demo_node script to /home/adrian/Desktop/ROS2_playground/SCARA_robot/software/ros_scara_ws/install/box_detector/lib/box_detector\n'}
[1.378654] (box_detector) StdoutLine: {'line': b'Installing remote_cam script to /home/adrian/Desktop/ROS2_playground/SCARA_robot/software/ros_scara_ws/install/box_detector/lib/box_detector\n'}
[1.379060] (box_detector) StdoutLine: {'line': b"writing list of installed files to '/home/adrian/Desktop/ROS2_playground/SCARA_robot/software/ros_scara_ws/build/box_detector/install.log'\n"}
[1.402181] (-) TimerEvent: {}
[1.404856] (box_detector) CommandEnded: {'returncode': 0}
[1.413607] (box_detector) JobEnded: {'identifier': 'box_detector', 'rc': 0}
[1.414245] (-) EventReactorShutdown: {}
