running egg_info
creating build/my_drawer/my_drawer.egg-info
writing build/my_drawer/my_drawer.egg-info/PKG-INFO
writing dependency_links to build/my_drawer/my_drawer.egg-info/dependency_links.txt
writing entry points to build/my_drawer/my_drawer.egg-info/entry_points.txt
writing requirements to build/my_drawer/my_drawer.egg-info/requires.txt
writing top-level names to build/my_drawer/my_drawer.egg-info/top_level.txt
writing manifest file 'build/my_drawer/my_drawer.egg-info/SOURCES.txt'
reading manifest file 'build/my_drawer/my_drawer.egg-info/SOURCES.txt'
adding license file 'LICENSE'
writing manifest file 'build/my_drawer/my_drawer.egg-info/SOURCES.txt'
running build
running build_py
creating /media/adrian/sd_linux/sem8/Robotica/drawer_robot/drawer_ws/src/my_drawer/build/my_drawer/build
creating /media/adrian/sd_linux/sem8/Robotica/drawer_robot/drawer_ws/src/my_drawer/build/my_drawer/build/lib
creating /media/adrian/sd_linux/sem8/Robotica/drawer_robot/drawer_ws/src/my_drawer/build/my_drawer/build/lib/my_drawer
copying my_drawer/node_drawer.py -> /media/adrian/sd_linux/sem8/Robotica/drawer_robot/drawer_ws/src/my_drawer/build/my_drawer/build/lib/my_drawer
copying my_drawer/__init__.py -> /media/adrian/sd_linux/sem8/Robotica/drawer_robot/drawer_ws/src/my_drawer/build/my_drawer/build/lib/my_drawer
running install
running install_lib
creating /media/adrian/sd_linux/sem8/Robotica/drawer_robot/drawer_ws/src/my_drawer/install/my_drawer/lib/python3.12/site-packages/my_drawer
copying /media/adrian/sd_linux/sem8/Robotica/drawer_robot/drawer_ws/src/my_drawer/build/my_drawer/build/lib/my_drawer/node_drawer.py -> /media/adrian/sd_linux/sem8/Robotica/drawer_robot/drawer_ws/src/my_drawer/install/my_drawer/lib/python3.12/site-packages/my_drawer
copying /media/adrian/sd_linux/sem8/Robotica/drawer_robot/drawer_ws/src/my_drawer/build/my_drawer/build/lib/my_drawer/__init__.py -> /media/adrian/sd_linux/sem8/Robotica/drawer_robot/drawer_ws/src/my_drawer/install/my_drawer/lib/python3.12/site-packages/my_drawer
byte-compiling /media/adrian/sd_linux/sem8/Robotica/drawer_robot/drawer_ws/src/my_drawer/install/my_drawer/lib/python3.12/site-packages/my_drawer/node_drawer.py to node_drawer.cpython-312.pyc
byte-compiling /media/adrian/sd_linux/sem8/Robotica/drawer_robot/drawer_ws/src/my_drawer/install/my_drawer/lib/python3.12/site-packages/my_drawer/__init__.py to __init__.cpython-312.pyc
running install_data
creating /media/adrian/sd_linux/sem8/Robotica/drawer_robot/drawer_ws/src/my_drawer/install/my_drawer/share/ament_index
creating /media/adrian/sd_linux/sem8/Robotica/drawer_robot/drawer_ws/src/my_drawer/install/my_drawer/share/ament_index/resource_index
creating /media/adrian/sd_linux/sem8/Robotica/drawer_robot/drawer_ws/src/my_drawer/install/my_drawer/share/ament_index/resource_index/packages
copying resource/my_drawer -> /media/adrian/sd_linux/sem8/Robotica/drawer_robot/drawer_ws/src/my_drawer/install/my_drawer/share/ament_index/resource_index/packages
copying package.xml -> /media/adrian/sd_linux/sem8/Robotica/drawer_robot/drawer_ws/src/my_drawer/install/my_drawer/share/my_drawer
creating /media/adrian/sd_linux/sem8/Robotica/drawer_robot/drawer_ws/src/my_drawer/install/my_drawer/share/my_drawer/meshes
copying meshes/base.stl -> /media/adrian/sd_linux/sem8/Robotica/drawer_robot/drawer_ws/src/my_drawer/install/my_drawer/share/my_drawer/meshes
creating /media/adrian/sd_linux/sem8/Robotica/drawer_robot/drawer_ws/src/my_drawer/install/my_drawer/share/my_drawer/urdf
copying urdf/robot.urdf -> /media/adrian/sd_linux/sem8/Robotica/drawer_robot/drawer_ws/src/my_drawer/install/my_drawer/share/my_drawer/urdf
running install_egg_info
Copying build/my_drawer/my_drawer.egg-info to /media/adrian/sd_linux/sem8/Robotica/drawer_robot/drawer_ws/src/my_drawer/install/my_drawer/lib/python3.12/site-packages/my_drawer-0.0.0-py3.12.egg-info
running install_scripts
Installing node_drawer script to /media/adrian/sd_linux/sem8/Robotica/drawer_robot/drawer_ws/src/my_drawer/install/my_drawer/lib/my_drawer
writing list of installed files to '/media/adrian/sd_linux/sem8/Robotica/drawer_robot/drawer_ws/src/my_drawer/build/my_drawer/install.log'
