[1.743s] Invoking command in '/media/adrian/sd_linux/sem8/Robotica/drawer_robot/drawer_ws/src/my_drawer': DEBUGINFOD_URLS=https://debuginfod.ubuntu.com PYTHONPATH=/media/adrian/sd_linux/sem8/Robotica/drawer_robot/drawer_ws/src/my_drawer/build/my_drawer/prefix_override:/usr/lib/python3/dist-packages/colcon_core/task/python/colcon_distutils_commands:/media/adrian/sd_linux/sem8/Robotica/drawer_robot/drawer_ws/src/my_drawer/install/my_drawer/lib/python3.12/site-packages:${PYTHONPATH} /usr/bin/python3 -W ignore:setup.py install is deprecated -W ignore:easy_install command is deprecated setup.py egg_info --egg-base build/my_drawer build --build-base /media/adrian/sd_linux/sem8/Robotica/drawer_robot/drawer_ws/src/my_drawer/build/my_drawer/build install --record /media/adrian/sd_linux/sem8/Robotica/drawer_robot/drawer_ws/src/my_drawer/build/my_drawer/install.log --single-version-externally-managed install_data
[2.329s] running egg_info
[2.330s] creating build/my_drawer/my_drawer.egg-info
[2.380s] writing build/my_drawer/my_drawer.egg-info/PKG-INFO
[2.381s] writing dependency_links to build/my_drawer/my_drawer.egg-info/dependency_links.txt
[2.381s] writing entry points to build/my_drawer/my_drawer.egg-info/entry_points.txt
[2.381s] writing requirements to build/my_drawer/my_drawer.egg-info/requires.txt
[2.381s] writing top-level names to build/my_drawer/my_drawer.egg-info/top_level.txt
[2.381s] writing manifest file 'build/my_drawer/my_drawer.egg-info/SOURCES.txt'
[2.490s] reading manifest file 'build/my_drawer/my_drawer.egg-info/SOURCES.txt'
[2.490s] adding license file 'LICENSE'
[2.491s] writing manifest file 'build/my_drawer/my_drawer.egg-info/SOURCES.txt'
[2.491s] running build
[2.492s] running build_py
[2.492s] creating /media/adrian/sd_linux/sem8/Robotica/drawer_robot/drawer_ws/src/my_drawer/build/my_drawer/build
[2.492s] creating /media/adrian/sd_linux/sem8/Robotica/drawer_robot/drawer_ws/src/my_drawer/build/my_drawer/build/lib
[2.492s] creating /media/adrian/sd_linux/sem8/Robotica/drawer_robot/drawer_ws/src/my_drawer/build/my_drawer/build/lib/my_drawer
[2.492s] copying my_drawer/node_drawer.py -> /media/adrian/sd_linux/sem8/Robotica/drawer_robot/drawer_ws/src/my_drawer/build/my_drawer/build/lib/my_drawer
[2.492s] copying my_drawer/__init__.py -> /media/adrian/sd_linux/sem8/Robotica/drawer_robot/drawer_ws/src/my_drawer/build/my_drawer/build/lib/my_drawer
[2.493s] running install
[2.502s] running install_lib
[2.558s] creating /media/adrian/sd_linux/sem8/Robotica/drawer_robot/drawer_ws/src/my_drawer/install/my_drawer/lib/python3.12/site-packages/my_drawer
[2.558s] copying /media/adrian/sd_linux/sem8/Robotica/drawer_robot/drawer_ws/src/my_drawer/build/my_drawer/build/lib/my_drawer/node_drawer.py -> /media/adrian/sd_linux/sem8/Robotica/drawer_robot/drawer_ws/src/my_drawer/install/my_drawer/lib/python3.12/site-packages/my_drawer
[2.558s] copying /media/adrian/sd_linux/sem8/Robotica/drawer_robot/drawer_ws/src/my_drawer/build/my_drawer/build/lib/my_drawer/__init__.py -> /media/adrian/sd_linux/sem8/Robotica/drawer_robot/drawer_ws/src/my_drawer/install/my_drawer/lib/python3.12/site-packages/my_drawer
[2.559s] byte-compiling /media/adrian/sd_linux/sem8/Robotica/drawer_robot/drawer_ws/src/my_drawer/install/my_drawer/lib/python3.12/site-packages/my_drawer/node_drawer.py to node_drawer.cpython-312.pyc
[2.559s] byte-compiling /media/adrian/sd_linux/sem8/Robotica/drawer_robot/drawer_ws/src/my_drawer/install/my_drawer/lib/python3.12/site-packages/my_drawer/__init__.py to __init__.cpython-312.pyc
[2.560s] running install_data
[2.560s] creating /media/adrian/sd_linux/sem8/Robotica/drawer_robot/drawer_ws/src/my_drawer/install/my_drawer/share/ament_index
[2.560s] creating /media/adrian/sd_linux/sem8/Robotica/drawer_robot/drawer_ws/src/my_drawer/install/my_drawer/share/ament_index/resource_index
[2.560s] creating /media/adrian/sd_linux/sem8/Robotica/drawer_robot/drawer_ws/src/my_drawer/install/my_drawer/share/ament_index/resource_index/packages
[2.561s] copying resource/my_drawer -> /media/adrian/sd_linux/sem8/Robotica/drawer_robot/drawer_ws/src/my_drawer/install/my_drawer/share/ament_index/resource_index/packages
[2.561s] copying package.xml -> /media/adrian/sd_linux/sem8/Robotica/drawer_robot/drawer_ws/src/my_drawer/install/my_drawer/share/my_drawer
[2.561s] creating /media/adrian/sd_linux/sem8/Robotica/drawer_robot/drawer_ws/src/my_drawer/install/my_drawer/share/my_drawer/meshes
[2.561s] copying meshes/base.stl -> /media/adrian/sd_linux/sem8/Robotica/drawer_robot/drawer_ws/src/my_drawer/install/my_drawer/share/my_drawer/meshes
[2.562s] creating /media/adrian/sd_linux/sem8/Robotica/drawer_robot/drawer_ws/src/my_drawer/install/my_drawer/share/my_drawer/urdf
[2.562s] copying urdf/robot.urdf -> /media/adrian/sd_linux/sem8/Robotica/drawer_robot/drawer_ws/src/my_drawer/install/my_drawer/share/my_drawer/urdf
[2.562s] running install_egg_info
[2.616s] Copying build/my_drawer/my_drawer.egg-info to /media/adrian/sd_linux/sem8/Robotica/drawer_robot/drawer_ws/src/my_drawer/install/my_drawer/lib/python3.12/site-packages/my_drawer-0.0.0-py3.12.egg-info
[2.618s] running install_scripts
[2.942s] Installing node_drawer script to /media/adrian/sd_linux/sem8/Robotica/drawer_robot/drawer_ws/src/my_drawer/install/my_drawer/lib/my_drawer
[2.943s] writing list of installed files to '/media/adrian/sd_linux/sem8/Robotica/drawer_robot/drawer_ws/src/my_drawer/build/my_drawer/install.log'
[2.977s] Invoked command in '/media/adrian/sd_linux/sem8/Robotica/drawer_robot/drawer_ws/src/my_drawer' returned '0': DEBUGINFOD_URLS=https://debuginfod.ubuntu.com PYTHONPATH=/media/adrian/sd_linux/sem8/Robotica/drawer_robot/drawer_ws/src/my_drawer/build/my_drawer/prefix_override:/usr/lib/python3/dist-packages/colcon_core/task/python/colcon_distutils_commands:/media/adrian/sd_linux/sem8/Robotica/drawer_robot/drawer_ws/src/my_drawer/install/my_drawer/lib/python3.12/site-packages:${PYTHONPATH} /usr/bin/python3 -W ignore:setup.py install is deprecated -W ignore:easy_install command is deprecated setup.py egg_info --egg-base build/my_drawer build --build-base /media/adrian/sd_linux/sem8/Robotica/drawer_robot/drawer_ws/src/my_drawer/build/my_drawer/build install --record /media/adrian/sd_linux/sem8/Robotica/drawer_robot/drawer_ws/src/my_drawer/build/my_drawer/install.log --single-version-externally-managed install_data
