[0.919s] Invoking command in '/home/adrian/Desktop/ROS2_playground/SCARA_robot/software/ros_scara_ws/src/scara_control': CMAKE_PREFIX_PATH=/home/adrian/Desktop/ROS2_playground/SCARA_robot/software/ros_scara_ws/install/custom_msg_svrs:/home/adrian/Desktop/ROS2_playground/SCARA_robot/software/ros_scara_ws/install/micro_ros_setup:/opt/ros/jazzy/opt/gz_sim_vendor:/opt/ros/jazzy/opt/gz_sensors_vendor:/opt/ros/jazzy/opt/gz_physics_vendor:/opt/ros/jazzy/opt/sdformat_vendor:/opt/ros/jazzy/opt/gz_gui_vendor:/opt/ros/jazzy/opt/gz_transport_vendor:/opt/ros/jazzy/opt/gz_rendering_vendor:/opt/ros/jazzy/opt/gz_plugin_vendor:/opt/ros/jazzy/opt/gz_fuel_tools_vendor:/opt/ros/jazzy/opt/gz_msgs_vendor:/opt/ros/jazzy/opt/gz_common_vendor:/opt/ros/jazzy/opt/gz_math_vendor:/opt/ros/jazzy/opt/gz_utils_vendor:/opt/ros/jazzy/opt/gz_tools_vendor:/opt/ros/jazzy/opt/gz_ogre_next_vendor:/opt/ros/jazzy/opt/gz_dartsim_vendor:/opt/ros/jazzy/opt/gz_cmake_vendor DEBUGINFOD_URLS=https://debuginfod.ubuntu.com PYTHONPATH=/home/adrian/Desktop/ROS2_playground/SCARA_robot/software/ros_scara_ws/build/scara_control/prefix_override:/usr/lib/python3/dist-packages/colcon_core/task/python/colcon_distutils_commands:/home/adrian/Desktop/ROS2_playground/SCARA_robot/software/ros_scara_ws/install/scara_control/lib/python3.12/site-packages:/home/adrian/Desktop/ROS2_playground/SCARA_robot/software/ros_scara_ws/install/custom_msg_svrs/lib/python3.12/site-packages:/home/adrian/Desktop/ROS2_playground/SCARA_robot/software/ros_scara_ws/install/scara_control/lib/python3.12/site-packages:/home/adrian/Desktop/ROS2_playground/SCARA_robot/software/ros_scara_ws/install/plc_chat/lib/python3.12/site-packages:/home/adrian/Desktop/ROS2_playground/SCARA_robot/software/ros_scara_ws/install/box_detector/lib/python3.12/site-packages:/opt/ros/jazzy/lib/python3.12/site-packages /usr/bin/python3 -W ignore:setup.py install is deprecated -W ignore:easy_install command is deprecated setup.py egg_info --egg-base ../../build/scara_control build --build-base /home/adrian/Desktop/ROS2_playground/SCARA_robot/software/ros_scara_ws/build/scara_control/build install --record /home/adrian/Desktop/ROS2_playground/SCARA_robot/software/ros_scara_ws/build/scara_control/install.log --single-version-externally-managed install_data
[1.222s] running egg_info
[1.222s] creating ../../build/scara_control/scara_control.egg-info
[1.249s] writing ../../build/scara_control/scara_control.egg-info/PKG-INFO
[1.249s] writing dependency_links to ../../build/scara_control/scara_control.egg-info/dependency_links.txt
[1.249s] writing entry points to ../../build/scara_control/scara_control.egg-info/entry_points.txt
[1.249s] writing requirements to ../../build/scara_control/scara_control.egg-info/requires.txt
[1.249s] writing top-level names to ../../build/scara_control/scara_control.egg-info/top_level.txt
[1.249s] writing manifest file '../../build/scara_control/scara_control.egg-info/SOURCES.txt'
[1.303s] reading manifest file '../../build/scara_control/scara_control.egg-info/SOURCES.txt'
[1.304s] adding license file 'LICENSE'
[1.304s] writing manifest file '../../build/scara_control/scara_control.egg-info/SOURCES.txt'
[1.304s] running build
[1.305s] running build_py
[1.305s] creating /home/adrian/Desktop/ROS2_playground/SCARA_robot/software/ros_scara_ws/build/scara_control/build
[1.305s] creating /home/adrian/Desktop/ROS2_playground/SCARA_robot/software/ros_scara_ws/build/scara_control/build/lib
[1.305s] creating /home/adrian/Desktop/ROS2_playground/SCARA_robot/software/ros_scara_ws/build/scara_control/build/lib/scara_control
[1.305s] copying scara_control/scara_logic.py -> /home/adrian/Desktop/ROS2_playground/SCARA_robot/software/ros_scara_ws/build/scara_control/build/lib/scara_control
[1.305s] copying scara_control/__init__.py -> /home/adrian/Desktop/ROS2_playground/SCARA_robot/software/ros_scara_ws/build/scara_control/build/lib/scara_control
[1.305s] copying scara_control/read_encoders_node.py -> /home/adrian/Desktop/ROS2_playground/SCARA_robot/software/ros_scara_ws/build/scara_control/build/lib/scara_control
[1.305s] copying scara_control/move_motors_node.py -> /home/adrian/Desktop/ROS2_playground/SCARA_robot/software/ros_scara_ws/build/scara_control/build/lib/scara_control
[1.305s] running install
[1.311s] running install_lib
[1.339s] creating /home/adrian/Desktop/ROS2_playground/SCARA_robot/software/ros_scara_ws/install/scara_control/lib/python3.12/site-packages/scara_control
[1.339s] copying /home/adrian/Desktop/ROS2_playground/SCARA_robot/software/ros_scara_ws/build/scara_control/build/lib/scara_control/scara_logic.py -> /home/adrian/Desktop/ROS2_playground/SCARA_robot/software/ros_scara_ws/install/scara_control/lib/python3.12/site-packages/scara_control
[1.339s] copying /home/adrian/Desktop/ROS2_playground/SCARA_robot/software/ros_scara_ws/build/scara_control/build/lib/scara_control/__init__.py -> /home/adrian/Desktop/ROS2_playground/SCARA_robot/software/ros_scara_ws/install/scara_control/lib/python3.12/site-packages/scara_control
[1.339s] copying /home/adrian/Desktop/ROS2_playground/SCARA_robot/software/ros_scara_ws/build/scara_control/build/lib/scara_control/read_encoders_node.py -> /home/adrian/Desktop/ROS2_playground/SCARA_robot/software/ros_scara_ws/install/scara_control/lib/python3.12/site-packages/scara_control
[1.339s] copying /home/adrian/Desktop/ROS2_playground/SCARA_robot/software/ros_scara_ws/build/scara_control/build/lib/scara_control/move_motors_node.py -> /home/adrian/Desktop/ROS2_playground/SCARA_robot/software/ros_scara_ws/install/scara_control/lib/python3.12/site-packages/scara_control
[1.339s] byte-compiling /home/adrian/Desktop/ROS2_playground/SCARA_robot/software/ros_scara_ws/install/scara_control/lib/python3.12/site-packages/scara_control/scara_logic.py to scara_logic.cpython-312.pyc
[1.340s] byte-compiling /home/adrian/Desktop/ROS2_playground/SCARA_robot/software/ros_scara_ws/install/scara_control/lib/python3.12/site-packages/scara_control/__init__.py to __init__.cpython-312.pyc
[1.340s] byte-compiling /home/adrian/Desktop/ROS2_playground/SCARA_robot/software/ros_scara_ws/install/scara_control/lib/python3.12/site-packages/scara_control/read_encoders_node.py to read_encoders_node.cpython-312.pyc
[1.340s] byte-compiling /home/adrian/Desktop/ROS2_playground/SCARA_robot/software/ros_scara_ws/install/scara_control/lib/python3.12/site-packages/scara_control/move_motors_node.py to move_motors_node.cpython-312.pyc
[1.341s] running install_data
[1.341s] creating /home/adrian/Desktop/ROS2_playground/SCARA_robot/software/ros_scara_ws/install/scara_control/share/ament_index
[1.341s] creating /home/adrian/Desktop/ROS2_playground/SCARA_robot/software/ros_scara_ws/install/scara_control/share/ament_index/resource_index
[1.341s] creating /home/adrian/Desktop/ROS2_playground/SCARA_robot/software/ros_scara_ws/install/scara_control/share/ament_index/resource_index/packages
[1.341s] copying resource/scara_control -> /home/adrian/Desktop/ROS2_playground/SCARA_robot/software/ros_scara_ws/install/scara_control/share/ament_index/resource_index/packages
[1.341s] copying package.xml -> /home/adrian/Desktop/ROS2_playground/SCARA_robot/software/ros_scara_ws/install/scara_control/share/scara_control
[1.341s] running install_egg_info
[1.370s] Copying ../../build/scara_control/scara_control.egg-info to /home/adrian/Desktop/ROS2_playground/SCARA_robot/software/ros_scara_ws/install/scara_control/lib/python3.12/site-packages/scara_control-0.0.0-py3.12.egg-info
[1.371s] running install_scripts
[1.547s] Installing move_motor_node script to /home/adrian/Desktop/ROS2_playground/SCARA_robot/software/ros_scara_ws/install/scara_control/lib/scara_control
[1.547s] Installing read_encoders_node script to /home/adrian/Desktop/ROS2_playground/SCARA_robot/software/ros_scara_ws/install/scara_control/lib/scara_control
[1.547s] writing list of installed files to '/home/adrian/Desktop/ROS2_playground/SCARA_robot/software/ros_scara_ws/build/scara_control/install.log'
[1.572s] Invoked command in '/home/adrian/Desktop/ROS2_playground/SCARA_robot/software/ros_scara_ws/src/scara_control' returned '0': CMAKE_PREFIX_PATH=/home/adrian/Desktop/ROS2_playground/SCARA_robot/software/ros_scara_ws/install/custom_msg_svrs:/home/adrian/Desktop/ROS2_playground/SCARA_robot/software/ros_scara_ws/install/micro_ros_setup:/opt/ros/jazzy/opt/gz_sim_vendor:/opt/ros/jazzy/opt/gz_sensors_vendor:/opt/ros/jazzy/opt/gz_physics_vendor:/opt/ros/jazzy/opt/sdformat_vendor:/opt/ros/jazzy/opt/gz_gui_vendor:/opt/ros/jazzy/opt/gz_transport_vendor:/opt/ros/jazzy/opt/gz_rendering_vendor:/opt/ros/jazzy/opt/gz_plugin_vendor:/opt/ros/jazzy/opt/gz_fuel_tools_vendor:/opt/ros/jazzy/opt/gz_msgs_vendor:/opt/ros/jazzy/opt/gz_common_vendor:/opt/ros/jazzy/opt/gz_math_vendor:/opt/ros/jazzy/opt/gz_utils_vendor:/opt/ros/jazzy/opt/gz_tools_vendor:/opt/ros/jazzy/opt/gz_ogre_next_vendor:/opt/ros/jazzy/opt/gz_dartsim_vendor:/opt/ros/jazzy/opt/gz_cmake_vendor DEBUGINFOD_URLS=https://debuginfod.ubuntu.com PYTHONPATH=/home/adrian/Desktop/ROS2_playground/SCARA_robot/software/ros_scara_ws/build/scara_control/prefix_override:/usr/lib/python3/dist-packages/colcon_core/task/python/colcon_distutils_commands:/home/adrian/Desktop/ROS2_playground/SCARA_robot/software/ros_scara_ws/install/scara_control/lib/python3.12/site-packages:/home/adrian/Desktop/ROS2_playground/SCARA_robot/software/ros_scara_ws/install/custom_msg_svrs/lib/python3.12/site-packages:/home/adrian/Desktop/ROS2_playground/SCARA_robot/software/ros_scara_ws/install/scara_control/lib/python3.12/site-packages:/home/adrian/Desktop/ROS2_playground/SCARA_robot/software/ros_scara_ws/install/plc_chat/lib/python3.12/site-packages:/home/adrian/Desktop/ROS2_playground/SCARA_robot/software/ros_scara_ws/install/box_detector/lib/python3.12/site-packages:/opt/ros/jazzy/lib/python3.12/site-packages /usr/bin/python3 -W ignore:setup.py install is deprecated -W ignore:easy_install command is deprecated setup.py egg_info --egg-base ../../build/scara_control build --build-base /home/adrian/Desktop/ROS2_playground/SCARA_robot/software/ros_scara_ws/build/scara_control/build install --record /home/adrian/Desktop/ROS2_playground/SCARA_robot/software/ros_scara_ws/build/scara_control/install.log --single-version-externally-managed install_data
